[0.812s] Invoking command in '/workspaces/build/handsfree_imu_ros2': PYTHONPATH=/workspaces/build/handsfree_imu_ros2/prefix_override:/usr/lib/python3/dist-packages/colcon_core/task/python/colcon_distutils_commands:/workspaces/install/handsfree_imu_ros2/lib/python3.12/site-packages:${PYTHONPATH} /usr/bin/python3 -W ignore:setup.py install is deprecated -W ignore:easy_install command is deprecated setup.py develop --editable --build-directory /workspaces/build/handsfree_imu_ros2/build --no-deps symlink_data --force
[1.006s] running develop
[1.099s] running egg_info
[1.107s] writing handsfree_imu_ros2.egg-info/PKG-INFO
[1.108s] writing dependency_links to handsfree_imu_ros2.egg-info/dependency_links.txt
[1.108s] writing entry points to handsfree_imu_ros2.egg-info/entry_points.txt
[1.108s] writing requirements to handsfree_imu_ros2.egg-info/requires.txt
[1.108s] writing top-level names to handsfree_imu_ros2.egg-info/top_level.txt
[1.130s] reading manifest file 'handsfree_imu_ros2.egg-info/SOURCES.txt'
[1.131s] writing manifest file 'handsfree_imu_ros2.egg-info/SOURCES.txt'
[1.149s] running build_ext
[1.149s] Creating /workspaces/install/handsfree_imu_ros2/lib/python3.12/site-packages/handsfree-imu-ros2.egg-link (link to .)
[1.149s] Installing imu_a9_data_node script to /workspaces/install/handsfree_imu_ros2/lib/handsfree_imu_ros2
[1.150s] Installing imu_a9_node script to /workspaces/install/handsfree_imu_ros2/lib/handsfree_imu_ros2
[1.150s] 
[1.150s] Installed /workspaces/build/handsfree_imu_ros2
[1.150s] running symlink_data
[1.150s] symbolically linking /workspaces/build/handsfree_imu_ros2/resource/handsfree_imu_ros2 -> /workspaces/install/handsfree_imu_ros2/share/ament_index/resource_index/packages
[1.150s] symbolically linking /workspaces/build/handsfree_imu_ros2/package.xml -> /workspaces/install/handsfree_imu_ros2/share/handsfree_imu_ros2
[1.215s] Invoked command in '/workspaces/build/handsfree_imu_ros2' returned '0': PYTHONPATH=/workspaces/build/handsfree_imu_ros2/prefix_override:/usr/lib/python3/dist-packages/colcon_core/task/python/colcon_distutils_commands:/workspaces/install/handsfree_imu_ros2/lib/python3.12/site-packages:${PYTHONPATH} /usr/bin/python3 -W ignore:setup.py install is deprecated -W ignore:easy_install command is deprecated setup.py develop --editable --build-directory /workspaces/build/handsfree_imu_ros2/build --no-deps symlink_data --force
