[0.485s] Invoking command in '/workspaces/build/yolo_ros': CMAKE_PREFIX_PATH=/workspaces/install/yolo_msgs:/workspaces/install/yolo_bringup:/workspaces/install/ydlidar_ros2_driver:/workspaces/install/wildbot_slam:/workspaces/install/wildbot_localization:/robot_ws/install/orbbec_description:/robot_ws/install/orbbec_camera:/robot_ws/install/orbbec_camera_msgs:/robot_ws/install/oradar_lidar:/robot_ws/install/kros_car:/robot_ws/install/kros_car_description:/opt/ros/jazzy/opt/sdformat_vendor:/opt/ros/jazzy/opt/gz_math_vendor:/opt/ros/jazzy/opt/gz_utils_vendor:/opt/ros/jazzy/opt/gz_tools_vendor:/opt/ros/jazzy/opt/gz_cmake_vendor PYTHONPATH=/workspaces/build/yolo_ros/prefix_override:/usr/lib/python3/dist-packages/colcon_core/task/python/colcon_distutils_commands:/workspaces/install/yolo_ros/lib/python3.12/site-packages:/workspaces/install/yolo_msgs/lib/python3.12/site-packages:/workspaces/build/yolo_ros:/workspaces/install/yolo_ros/lib/python3.12/site-packages:/workspaces/build/wildbot_control:/workspaces/install/wildbot_control/lib/python3.12/site-packages:/workspaces/build/handsfree_imu_ros2:/workspaces/install/handsfree_imu_ros2/lib/python3.12/site-packages:/workspaces/install/arm_ik/lib/python3.12/site-packages:/robot_ws/install/orbbec_camera_msgs/lib/python3.12/site-packages:/robot_ws/build/lidar_pkg:/robot_ws/install/lidar_pkg/lib/python3.12/site-packages:/opt/ros/jazzy/lib/python3.12/site-packages /usr/bin/python3 -W ignore:setup.py install is deprecated -W ignore:easy_install command is deprecated setup.py develop --editable --build-directory /workspaces/build/yolo_ros/build --no-deps symlink_data
[0.619s] running develop
[0.727s] running egg_info
[0.733s] writing yolo_ros.egg-info/PKG-INFO
[0.734s] writing dependency_links to yolo_ros.egg-info/dependency_links.txt
[0.734s] writing entry points to yolo_ros.egg-info/entry_points.txt
[0.734s] writing requirements to yolo_ros.egg-info/requires.txt
[0.734s] writing top-level names to yolo_ros.egg-info/top_level.txt
[0.747s] reading manifest file 'yolo_ros.egg-info/SOURCES.txt'
[0.747s] writing manifest file 'yolo_ros.egg-info/SOURCES.txt'
[0.754s] running build_ext
[0.755s] Creating /workspaces/install/yolo_ros/lib/python3.12/site-packages/yolo-ros.egg-link (link to .)
[0.755s] Installing debug_node script to /workspaces/install/yolo_ros/lib/yolo_ros
[0.755s] Installing detect_3d_node script to /workspaces/install/yolo_ros/lib/yolo_ros
[0.755s] Installing tracking_node script to /workspaces/install/yolo_ros/lib/yolo_ros
[0.755s] Installing yolo_node script to /workspaces/install/yolo_ros/lib/yolo_ros
[0.755s] 
[0.755s] Installed /workspaces/build/yolo_ros
[0.755s] running symlink_data
[0.776s] Invoked command in '/workspaces/build/yolo_ros' returned '0': CMAKE_PREFIX_PATH=/workspaces/install/yolo_msgs:/workspaces/install/yolo_bringup:/workspaces/install/ydlidar_ros2_driver:/workspaces/install/wildbot_slam:/workspaces/install/wildbot_localization:/robot_ws/install/orbbec_description:/robot_ws/install/orbbec_camera:/robot_ws/install/orbbec_camera_msgs:/robot_ws/install/oradar_lidar:/robot_ws/install/kros_car:/robot_ws/install/kros_car_description:/opt/ros/jazzy/opt/sdformat_vendor:/opt/ros/jazzy/opt/gz_math_vendor:/opt/ros/jazzy/opt/gz_utils_vendor:/opt/ros/jazzy/opt/gz_tools_vendor:/opt/ros/jazzy/opt/gz_cmake_vendor PYTHONPATH=/workspaces/build/yolo_ros/prefix_override:/usr/lib/python3/dist-packages/colcon_core/task/python/colcon_distutils_commands:/workspaces/install/yolo_ros/lib/python3.12/site-packages:/workspaces/install/yolo_msgs/lib/python3.12/site-packages:/workspaces/build/yolo_ros:/workspaces/install/yolo_ros/lib/python3.12/site-packages:/workspaces/build/wildbot_control:/workspaces/install/wildbot_control/lib/python3.12/site-packages:/workspaces/build/handsfree_imu_ros2:/workspaces/install/handsfree_imu_ros2/lib/python3.12/site-packages:/workspaces/install/arm_ik/lib/python3.12/site-packages:/robot_ws/install/orbbec_camera_msgs/lib/python3.12/site-packages:/robot_ws/build/lidar_pkg:/robot_ws/install/lidar_pkg/lib/python3.12/site-packages:/opt/ros/jazzy/lib/python3.12/site-packages /usr/bin/python3 -W ignore:setup.py install is deprecated -W ignore:easy_install command is deprecated setup.py develop --editable --build-directory /workspaces/build/yolo_ros/build --no-deps symlink_data
