[0.381s] Invoking command in '/workspaces/build/yolo_ros': CMAKE_PREFIX_PATH=/workspaces/install/yolo_msgs:/workspaces/install/yolo_bringup:/workspaces/install/ydlidar_ros2_driver:/workspaces/install/wildbot_slam:/workspaces/install/wildbot_localization:/robot_ws/install/orbbec_description:/robot_ws/install/orbbec_camera:/robot_ws/install/orbbec_camera_msgs:/robot_ws/install/oradar_lidar:/robot_ws/install/kros_car:/robot_ws/install/kros_car_description:/opt/ros/jazzy/opt/sdformat_vendor:/opt/ros/jazzy/opt/gz_math_vendor:/opt/ros/jazzy/opt/gz_utils_vendor:/opt/ros/jazzy/opt/gz_tools_vendor:/opt/ros/jazzy/opt/gz_cmake_vendor PYTHONPATH=/workspaces/build/yolo_ros/prefix_override:/usr/lib/python3/dist-packages/colcon_core/task/python/colcon_distutils_commands:/workspaces/install/yolo_ros/lib/python3.12/site-packages:/workspaces/install/yolo_msgs/lib/python3.12/site-packages:/workspaces/build/arm_ik:/workspaces/build/yolo_ros:/workspaces/install/yolo_ros/lib/python3.12/site-packages:/workspaces/build/wildbot_control:/workspaces/install/wildbot_control/lib/python3.12/site-packages:/workspaces/build/handsfree_imu_ros2:/workspaces/install/handsfree_imu_ros2/lib/python3.12/site-packages:/workspaces/install/arm_ik/lib/python3.12/site-packages:/robot_ws/install/orbbec_camera_msgs/lib/python3.12/site-packages:/robot_ws/build/lidar_pkg:/robot_ws/install/lidar_pkg/lib/python3.12/site-packages:/opt/ros/jazzy/lib/python3.12/site-packages /usr/bin/python3 -W ignore:setup.py install is deprecated -W ignore:easy_install command is deprecated setup.py develop --uninstall --editable --build-directory /workspaces/build/yolo_ros/build
[0.511s] running develop
[0.578s] Removing /workspaces/install/yolo_ros/lib/python3.12/site-packages/yolo-ros.egg-link (link to .)
[0.602s] Invoked command in '/workspaces/build/yolo_ros' returned '0': CMAKE_PREFIX_PATH=/workspaces/install/yolo_msgs:/workspaces/install/yolo_bringup:/workspaces/install/ydlidar_ros2_driver:/workspaces/install/wildbot_slam:/workspaces/install/wildbot_localization:/robot_ws/install/orbbec_description:/robot_ws/install/orbbec_camera:/robot_ws/install/orbbec_camera_msgs:/robot_ws/install/oradar_lidar:/robot_ws/install/kros_car:/robot_ws/install/kros_car_description:/opt/ros/jazzy/opt/sdformat_vendor:/opt/ros/jazzy/opt/gz_math_vendor:/opt/ros/jazzy/opt/gz_utils_vendor:/opt/ros/jazzy/opt/gz_tools_vendor:/opt/ros/jazzy/opt/gz_cmake_vendor PYTHONPATH=/workspaces/build/yolo_ros/prefix_override:/usr/lib/python3/dist-packages/colcon_core/task/python/colcon_distutils_commands:/workspaces/install/yolo_ros/lib/python3.12/site-packages:/workspaces/install/yolo_msgs/lib/python3.12/site-packages:/workspaces/build/arm_ik:/workspaces/build/yolo_ros:/workspaces/install/yolo_ros/lib/python3.12/site-packages:/workspaces/build/wildbot_control:/workspaces/install/wildbot_control/lib/python3.12/site-packages:/workspaces/build/handsfree_imu_ros2:/workspaces/install/handsfree_imu_ros2/lib/python3.12/site-packages:/workspaces/install/arm_ik/lib/python3.12/site-packages:/robot_ws/install/orbbec_camera_msgs/lib/python3.12/site-packages:/robot_ws/build/lidar_pkg:/robot_ws/install/lidar_pkg/lib/python3.12/site-packages:/opt/ros/jazzy/lib/python3.12/site-packages /usr/bin/python3 -W ignore:setup.py install is deprecated -W ignore:easy_install command is deprecated setup.py develop --uninstall --editable --build-directory /workspaces/build/yolo_ros/build
[0.602s] Invoking command in '/workspaces/workspaces/src/yolo_ros-main/yolo_ros': CMAKE_PREFIX_PATH=/workspaces/install/yolo_msgs:/workspaces/install/yolo_bringup:/workspaces/install/ydlidar_ros2_driver:/workspaces/install/wildbot_slam:/workspaces/install/wildbot_localization:/robot_ws/install/orbbec_description:/robot_ws/install/orbbec_camera:/robot_ws/install/orbbec_camera_msgs:/robot_ws/install/oradar_lidar:/robot_ws/install/kros_car:/robot_ws/install/kros_car_description:/opt/ros/jazzy/opt/sdformat_vendor:/opt/ros/jazzy/opt/gz_math_vendor:/opt/ros/jazzy/opt/gz_utils_vendor:/opt/ros/jazzy/opt/gz_tools_vendor:/opt/ros/jazzy/opt/gz_cmake_vendor PYTHONPATH=/workspaces/build/yolo_ros/prefix_override:/usr/lib/python3/dist-packages/colcon_core/task/python/colcon_distutils_commands:/workspaces/install/yolo_ros/lib/python3.12/site-packages:/workspaces/install/yolo_msgs/lib/python3.12/site-packages:/workspaces/build/arm_ik:/workspaces/build/yolo_ros:/workspaces/install/yolo_ros/lib/python3.12/site-packages:/workspaces/build/wildbot_control:/workspaces/install/wildbot_control/lib/python3.12/site-packages:/workspaces/build/handsfree_imu_ros2:/workspaces/install/handsfree_imu_ros2/lib/python3.12/site-packages:/workspaces/install/arm_ik/lib/python3.12/site-packages:/robot_ws/install/orbbec_camera_msgs/lib/python3.12/site-packages:/robot_ws/build/lidar_pkg:/robot_ws/install/lidar_pkg/lib/python3.12/site-packages:/opt/ros/jazzy/lib/python3.12/site-packages /usr/bin/python3 -W ignore:setup.py install is deprecated -W ignore:easy_install command is deprecated setup.py egg_info --egg-base ../../../../build/yolo_ros build --build-base /workspaces/build/yolo_ros/build install --record /workspaces/build/yolo_ros/install.log --single-version-externally-managed install_data --force
[0.712s] running egg_info
[0.718s] writing ../../../../build/yolo_ros/yolo_ros.egg-info/PKG-INFO
[0.718s] writing dependency_links to ../../../../build/yolo_ros/yolo_ros.egg-info/dependency_links.txt
[0.718s] writing entry points to ../../../../build/yolo_ros/yolo_ros.egg-info/entry_points.txt
[0.719s] writing requirements to ../../../../build/yolo_ros/yolo_ros.egg-info/requires.txt
[0.719s] writing top-level names to ../../../../build/yolo_ros/yolo_ros.egg-info/top_level.txt
[0.732s] reading manifest file '../../../../build/yolo_ros/yolo_ros.egg-info/SOURCES.txt'
[0.732s] writing manifest file '../../../../build/yolo_ros/yolo_ros.egg-info/SOURCES.txt'
[0.732s] running build
[0.733s] running build_py
[0.733s] creating /workspaces/build/yolo_ros/build
[0.733s] creating /workspaces/build/yolo_ros/build/lib
[0.733s] creating /workspaces/build/yolo_ros/build/lib/yolo_ros
[0.733s] copying yolo_ros/detect_3d_node.py -> /workspaces/build/yolo_ros/build/lib/yolo_ros
[0.733s] copying yolo_ros/debug_node.py -> /workspaces/build/yolo_ros/build/lib/yolo_ros
[0.733s] copying yolo_ros/__init__.py -> /workspaces/build/yolo_ros/build/lib/yolo_ros
[0.733s] copying yolo_ros/tracking_node.py -> /workspaces/build/yolo_ros/build/lib/yolo_ros
[0.733s] copying yolo_ros/yolo_node.py -> /workspaces/build/yolo_ros/build/lib/yolo_ros
[0.733s] running install
[0.736s] running install_lib
[0.744s] creating /workspaces/install/yolo_ros/lib/python3.12/site-packages/yolo_ros
[0.744s] copying /workspaces/build/yolo_ros/build/lib/yolo_ros/detect_3d_node.py -> /workspaces/install/yolo_ros/lib/python3.12/site-packages/yolo_ros
[0.744s] copying /workspaces/build/yolo_ros/build/lib/yolo_ros/debug_node.py -> /workspaces/install/yolo_ros/lib/python3.12/site-packages/yolo_ros
[0.744s] copying /workspaces/build/yolo_ros/build/lib/yolo_ros/__init__.py -> /workspaces/install/yolo_ros/lib/python3.12/site-packages/yolo_ros
[0.744s] copying /workspaces/build/yolo_ros/build/lib/yolo_ros/tracking_node.py -> /workspaces/install/yolo_ros/lib/python3.12/site-packages/yolo_ros
[0.744s] copying /workspaces/build/yolo_ros/build/lib/yolo_ros/yolo_node.py -> /workspaces/install/yolo_ros/lib/python3.12/site-packages/yolo_ros
[0.744s] byte-compiling /workspaces/install/yolo_ros/lib/python3.12/site-packages/yolo_ros/detect_3d_node.py to detect_3d_node.cpython-312.pyc
[0.749s] byte-compiling /workspaces/install/yolo_ros/lib/python3.12/site-packages/yolo_ros/debug_node.py to debug_node.cpython-312.pyc
[0.750s] byte-compiling /workspaces/install/yolo_ros/lib/python3.12/site-packages/yolo_ros/__init__.py to __init__.cpython-312.pyc
[0.750s] byte-compiling /workspaces/install/yolo_ros/lib/python3.12/site-packages/yolo_ros/tracking_node.py to tracking_node.cpython-312.pyc
[0.751s] byte-compiling /workspaces/install/yolo_ros/lib/python3.12/site-packages/yolo_ros/yolo_node.py to yolo_node.cpython-312.pyc
[0.752s] running install_data
[0.752s] copying resource/yolo_ros -> /workspaces/install/yolo_ros/share/ament_index/resource_index/packages
[0.752s] copying package.xml -> /workspaces/install/yolo_ros/share/yolo_ros
[0.752s] running install_egg_info
[0.760s] Copying ../../../../build/yolo_ros/yolo_ros.egg-info to /workspaces/install/yolo_ros/lib/python3.12/site-packages/yolo_ros-4.6.0-py3.12.egg-info
[0.760s] running install_scripts
[0.810s] Installing debug_node script to /workspaces/install/yolo_ros/lib/yolo_ros
[0.810s] Installing detect_3d_node script to /workspaces/install/yolo_ros/lib/yolo_ros
[0.810s] Installing tracking_node script to /workspaces/install/yolo_ros/lib/yolo_ros
[0.810s] Installing yolo_node script to /workspaces/install/yolo_ros/lib/yolo_ros
[0.811s] writing list of installed files to '/workspaces/build/yolo_ros/install.log'
[0.831s] Invoked command in '/workspaces/workspaces/src/yolo_ros-main/yolo_ros' returned '0': CMAKE_PREFIX_PATH=/workspaces/install/yolo_msgs:/workspaces/install/yolo_bringup:/workspaces/install/ydlidar_ros2_driver:/workspaces/install/wildbot_slam:/workspaces/install/wildbot_localization:/robot_ws/install/orbbec_description:/robot_ws/install/orbbec_camera:/robot_ws/install/orbbec_camera_msgs:/robot_ws/install/oradar_lidar:/robot_ws/install/kros_car:/robot_ws/install/kros_car_description:/opt/ros/jazzy/opt/sdformat_vendor:/opt/ros/jazzy/opt/gz_math_vendor:/opt/ros/jazzy/opt/gz_utils_vendor:/opt/ros/jazzy/opt/gz_tools_vendor:/opt/ros/jazzy/opt/gz_cmake_vendor PYTHONPATH=/workspaces/build/yolo_ros/prefix_override:/usr/lib/python3/dist-packages/colcon_core/task/python/colcon_distutils_commands:/workspaces/install/yolo_ros/lib/python3.12/site-packages:/workspaces/install/yolo_msgs/lib/python3.12/site-packages:/workspaces/build/arm_ik:/workspaces/build/yolo_ros:/workspaces/install/yolo_ros/lib/python3.12/site-packages:/workspaces/build/wildbot_control:/workspaces/install/wildbot_control/lib/python3.12/site-packages:/workspaces/build/handsfree_imu_ros2:/workspaces/install/handsfree_imu_ros2/lib/python3.12/site-packages:/workspaces/install/arm_ik/lib/python3.12/site-packages:/robot_ws/install/orbbec_camera_msgs/lib/python3.12/site-packages:/robot_ws/build/lidar_pkg:/robot_ws/install/lidar_pkg/lib/python3.12/site-packages:/opt/ros/jazzy/lib/python3.12/site-packages /usr/bin/python3 -W ignore:setup.py install is deprecated -W ignore:easy_install command is deprecated setup.py egg_info --egg-base ../../../../build/yolo_ros build --build-base /workspaces/build/yolo_ros/build install --record /workspaces/build/yolo_ros/install.log --single-version-externally-managed install_data --force
