[0.000000] (-) TimerEvent: {}
[0.000316] (-) JobUnselected: {'identifier': 'arm_ik'}
[0.000346] (-) JobUnselected: {'identifier': 'handsfree_imu_ros2'}
[0.000362] (-) JobUnselected: {'identifier': 'kros_car_description'}
[0.000378] (-) JobUnselected: {'identifier': 'wildbot_control'}
[0.000388] (-) JobUnselected: {'identifier': 'wildbot_localization'}
[0.000398] (-) JobUnselected: {'identifier': 'wildbot_slam'}
[0.000407] (-) JobUnselected: {'identifier': 'ydlidar_ros2_driver'}
[0.000416] (-) JobUnselected: {'identifier': 'yolo_bringup'}
[0.000424] (-) JobUnselected: {'identifier': 'yolo_msgs'}
[0.000435] (yolo_ros) JobQueued: {'identifier': 'yolo_ros', 'dependencies': OrderedDict({'yolo_msgs': '/workspaces/install/yolo_msgs'})}
[0.000455] (yolo_ros) JobStarted: {'identifier': 'yolo_ros'}
[0.099813] (-) TimerEvent: {}
[0.199997] (-) TimerEvent: {}
[0.300176] (-) TimerEvent: {}
[0.369204] (yolo_ros) Command: {'cmd': ['/usr/bin/python3', '-W', 'ignore:setup.py install is deprecated', '-W', 'ignore:easy_install command is deprecated', 'setup.py', 'develop', '--editable', '--build-directory', '/workspaces/build/yolo_ros/build', '--no-deps', 'symlink_data'], 'cwd': '/workspaces/build/yolo_ros', 'env': {'GZ_CONFIG_PATH': '/opt/ros/jazzy/opt/sdformat_vendor/share/gz', 'HOSTNAME': 'cffa12358212', 'SHLVL': '0', 'LD_LIBRARY_PATH': '/workspaces/install/yolo_msgs/lib:/opt/ros/jazzy/opt/sdformat_vendor/lib:/opt/ros/jazzy/opt/rviz_ogre_vendor/lib:/opt/ros/jazzy/lib/x86_64-linux-gnu:/opt/ros/jazzy/opt/gz_math_vendor/lib:/opt/ros/jazzy/opt/gz_utils_vendor/lib:/opt/ros/jazzy/opt/gz_tools_vendor/lib:/opt/ros/jazzy/opt/gz_cmake_vendor/lib:/opt/ros/jazzy/lib', 'HOME': '/root', 'ROS_PYTHON_VERSION': '3', 'ROS_DISTRO': 'jazzy', '_': '/usr/bin/colcon', 'ROS_VERSION': '2', 'DRIVER_WS': '/robot_ws', 'PATH': '/opt/ros/jazzy/opt/gz_tools_vendor/bin:/opt/ros/jazzy/bin:/usr/local/sbin:/usr/local/bin:/usr/sbin:/usr/bin:/sbin:/bin', 'LANG': 'C.UTF-8', 'ROS_DOMAIN_ID': '0', 'AMENT_PREFIX_PATH': '/workspaces/install/yolo_msgs:/opt/ros/jazzy', 'SHELL': '/bin/bash', 'ROS_AUTOMATIC_DISCOVERY_RANGE': 'SUBNET', 'PWD': '/workspaces/build/yolo_ros', 'LC_ALL': 'C.UTF-8', 'PYTHONPATH': '/workspaces/build/yolo_ros/prefix_override:/usr/lib/python3/dist-packages/colcon_core/task/python/colcon_distutils_commands:/workspaces/install/yolo_ros/lib/python3.12/site-packages:/workspaces/install/yolo_msgs/lib/python3.12/site-packages:/opt/ros/jazzy/lib/python3.12/site-packages', 'COLCON': '1', 'CMAKE_PREFIX_PATH': '/workspaces/install/yolo_msgs:/opt/ros/jazzy/opt/sdformat_vendor:/opt/ros/jazzy/opt/gz_math_vendor:/opt/ros/jazzy/opt/gz_utils_vendor:/opt/ros/jazzy/opt/gz_tools_vendor:/opt/ros/jazzy/opt/gz_cmake_vendor', 'ROS2_WS': '/workspaces'}, 'shell': False}
[0.400269] (-) TimerEvent: {}
[0.499142] (yolo_ros) StdoutLine: {'line': b'running develop\n'}
[0.500327] (-) TimerEvent: {}
[0.565286] (yolo_ros) StdoutLine: {'line': b'running egg_info\n'}
[0.571769] (yolo_ros) StdoutLine: {'line': b'writing yolo_ros.egg-info/PKG-INFO\n'}
[0.572002] (yolo_ros) StdoutLine: {'line': b'writing dependency_links to yolo_ros.egg-info/dependency_links.txt\n'}
[0.572150] (yolo_ros) StdoutLine: {'line': b'writing entry points to yolo_ros.egg-info/entry_points.txt\n'}
[0.572213] (yolo_ros) StdoutLine: {'line': b'writing requirements to yolo_ros.egg-info/requires.txt\n'}
[0.572261] (yolo_ros) StdoutLine: {'line': b'writing top-level names to yolo_ros.egg-info/top_level.txt\n'}
[0.585067] (yolo_ros) StdoutLine: {'line': b"reading manifest file 'yolo_ros.egg-info/SOURCES.txt'\n"}
[0.585392] (yolo_ros) StdoutLine: {'line': b"writing manifest file 'yolo_ros.egg-info/SOURCES.txt'\n"}
[0.592275] (yolo_ros) StdoutLine: {'line': b'running build_ext\n'}
[0.592429] (yolo_ros) StdoutLine: {'line': b'Creating /workspaces/install/yolo_ros/lib/python3.12/site-packages/yolo-ros.egg-link (link to .)\n'}
[0.592746] (yolo_ros) StdoutLine: {'line': b'Installing debug_node script to /workspaces/install/yolo_ros/lib/yolo_ros\n'}
[0.592920] (yolo_ros) StdoutLine: {'line': b'Installing detect_3d_node script to /workspaces/install/yolo_ros/lib/yolo_ros\n'}
[0.593048] (yolo_ros) StdoutLine: {'line': b'Installing tracking_node script to /workspaces/install/yolo_ros/lib/yolo_ros\n'}
[0.593132] (yolo_ros) StdoutLine: {'line': b'Installing yolo_node script to /workspaces/install/yolo_ros/lib/yolo_ros\n'}
[0.593229] (yolo_ros) StdoutLine: {'line': b'\n'}
[0.593272] (yolo_ros) StdoutLine: {'line': b'Installed /workspaces/build/yolo_ros\n'}
[0.593314] (yolo_ros) StdoutLine: {'line': b'running symlink_data\n'}
[0.600414] (-) TimerEvent: {}
[0.613684] (yolo_ros) CommandEnded: {'returncode': 0}
[0.619375] (yolo_ros) JobEnded: {'identifier': 'yolo_ros', 'rc': 0}
[0.619806] (-) EventReactorShutdown: {}
