[0.396s] Invoking command in '/workspaces/build/yolo_ros': AMENT_PREFIX_PATH=/workspaces/install/yolo_msgs:${AMENT_PREFIX_PATH} CMAKE_PREFIX_PATH=/workspaces/install/yolo_msgs:${CMAKE_PREFIX_PATH} LD_LIBRARY_PATH=/workspaces/install/yolo_msgs/lib:${LD_LIBRARY_PATH} PYTHONPATH=/workspaces/build/yolo_ros/prefix_override:/usr/lib/python3/dist-packages/colcon_core/task/python/colcon_distutils_commands:/workspaces/install/yolo_ros/lib/python3.12/site-packages:/workspaces/install/yolo_msgs/lib/python3.12/site-packages:${PYTHONPATH} /usr/bin/python3 -W ignore:setup.py install is deprecated -W ignore:easy_install command is deprecated setup.py develop --editable --build-directory /workspaces/build/yolo_ros/build --no-deps symlink_data
[0.526s] running develop
[0.580s] running egg_info
[0.586s] writing yolo_ros.egg-info/PKG-INFO
[0.586s] writing dependency_links to yolo_ros.egg-info/dependency_links.txt
[0.586s] writing entry points to yolo_ros.egg-info/entry_points.txt
[0.586s] writing requirements to yolo_ros.egg-info/requires.txt
[0.586s] writing top-level names to yolo_ros.egg-info/top_level.txt
[0.596s] reading manifest file 'yolo_ros.egg-info/SOURCES.txt'
[0.597s] writing manifest file 'yolo_ros.egg-info/SOURCES.txt'
[0.603s] running build_ext
[0.603s] Creating /workspaces/install/yolo_ros/lib/python3.12/site-packages/yolo-ros.egg-link (link to .)
[0.603s] Installing debug_node script to /workspaces/install/yolo_ros/lib/yolo_ros
[0.603s] Installing detect_3d_node script to /workspaces/install/yolo_ros/lib/yolo_ros
[0.604s] Installing tracking_node script to /workspaces/install/yolo_ros/lib/yolo_ros
[0.604s] Installing yolo_node script to /workspaces/install/yolo_ros/lib/yolo_ros
[0.604s] 
[0.604s] Installed /workspaces/build/yolo_ros
[0.604s] running symlink_data
[0.628s] Invoked command in '/workspaces/build/yolo_ros' returned '0': AMENT_PREFIX_PATH=/workspaces/install/yolo_msgs:${AMENT_PREFIX_PATH} CMAKE_PREFIX_PATH=/workspaces/install/yolo_msgs:${CMAKE_PREFIX_PATH} LD_LIBRARY_PATH=/workspaces/install/yolo_msgs/lib:${LD_LIBRARY_PATH} PYTHONPATH=/workspaces/build/yolo_ros/prefix_override:/usr/lib/python3/dist-packages/colcon_core/task/python/colcon_distutils_commands:/workspaces/install/yolo_ros/lib/python3.12/site-packages:/workspaces/install/yolo_msgs/lib/python3.12/site-packages:${PYTHONPATH} /usr/bin/python3 -W ignore:setup.py install is deprecated -W ignore:easy_install command is deprecated setup.py develop --editable --build-directory /workspaces/build/yolo_ros/build --no-deps symlink_data
