[0.590s] Invoking command in '/workspaces/build/handsfree_imu_ros2': PYTHONPATH=/workspaces/build/handsfree_imu_ros2/prefix_override:/usr/lib/python3/dist-packages/colcon_core/task/python/colcon_distutils_commands:/workspaces/install/handsfree_imu_ros2/lib/python3.12/site-packages:${PYTHONPATH} /usr/bin/python3 -W ignore:setup.py install is deprecated -W ignore:easy_install command is deprecated setup.py develop --editable --build-directory /workspaces/build/handsfree_imu_ros2/build --no-deps symlink_data
[0.725s] running develop
[0.779s] running egg_info
[0.779s] creating handsfree_imu_ros2.egg-info
[0.785s] writing handsfree_imu_ros2.egg-info/PKG-INFO
[0.785s] writing dependency_links to handsfree_imu_ros2.egg-info/dependency_links.txt
[0.785s] writing entry points to handsfree_imu_ros2.egg-info/entry_points.txt
[0.785s] writing requirements to handsfree_imu_ros2.egg-info/requires.txt
[0.785s] writing top-level names to handsfree_imu_ros2.egg-info/top_level.txt
[0.785s] writing manifest file 'handsfree_imu_ros2.egg-info/SOURCES.txt'
[0.796s] reading manifest file 'handsfree_imu_ros2.egg-info/SOURCES.txt'
[0.796s] writing manifest file 'handsfree_imu_ros2.egg-info/SOURCES.txt'
[0.802s] running build_ext
[0.803s] Creating /workspaces/install/handsfree_imu_ros2/lib/python3.12/site-packages/handsfree-imu-ros2.egg-link (link to .)
[0.803s] Installing imu_a9_node script to /workspaces/install/handsfree_imu_ros2/lib/handsfree_imu_ros2
[0.803s] 
[0.803s] Installed /workspaces/build/handsfree_imu_ros2
[0.803s] running symlink_data
[0.803s] creating /workspaces/install/handsfree_imu_ros2/share/ament_index
[0.803s] creating /workspaces/install/handsfree_imu_ros2/share/ament_index/resource_index
[0.803s] creating /workspaces/install/handsfree_imu_ros2/share/ament_index/resource_index/packages
[0.803s] symbolically linking /workspaces/build/handsfree_imu_ros2/resource/handsfree_imu_ros2 -> /workspaces/install/handsfree_imu_ros2/share/ament_index/resource_index/packages
[0.803s] symbolically linking /workspaces/build/handsfree_imu_ros2/package.xml -> /workspaces/install/handsfree_imu_ros2/share/handsfree_imu_ros2
[0.837s] Invoked command in '/workspaces/build/handsfree_imu_ros2' returned '0': PYTHONPATH=/workspaces/build/handsfree_imu_ros2/prefix_override:/usr/lib/python3/dist-packages/colcon_core/task/python/colcon_distutils_commands:/workspaces/install/handsfree_imu_ros2/lib/python3.12/site-packages:${PYTHONPATH} /usr/bin/python3 -W ignore:setup.py install is deprecated -W ignore:easy_install command is deprecated setup.py develop --editable --build-directory /workspaces/build/handsfree_imu_ros2/build --no-deps symlink_data
