-- The C compiler identification is GNU 13.3.0
-- The CXX compiler identification is GNU 13.3.0
-- Detecting C compiler ABI info
-- Detecting C compiler ABI info - done
-- Check for working C compiler: /usr/bin/cc - skipped
-- Detecting C compile features
-- Detecting C compile features - done
-- Detecting CXX compiler ABI info
-- Detecting CXX compiler ABI info - done
-- Check for working CXX compiler: /usr/bin/c++ - skipped
-- Detecting CXX compile features
-- Detecting CXX compile features - done
-- Found ament_cmake: 2.5.5 (/opt/ros/jazzy/share/ament_cmake/cmake)
-- Found Python3: /usr/bin/python3 (found version "3.12.3") found components: Interpreter 
-- Configuring done (0.4s)
-- Generating done (0.0s)
-- Build files have been written to: /workspaces/build/wildbot_localization
-- Install configuration: ""
-- Installing: /workspaces/install/wildbot_localization/share/wildbot_localization/config
-- Installing: /workspaces/install/wildbot_localization/share/wildbot_localization/config/ekf.yaml
-- Installing: /workspaces/install/wildbot_localization/share/wildbot_localization/launch
-- Installing: /workspaces/install/wildbot_localization/share/wildbot_localization/launch/ekf_launch.py
-- Installing: /workspaces/install/wildbot_localization/share/ament_index/resource_index/package_run_dependencies/wildbot_localization
-- Installing: /workspaces/install/wildbot_localization/share/ament_index/resource_index/parent_prefix_path/wildbot_localization
-- Installing: /workspaces/install/wildbot_localization/share/wildbot_localization/environment/ament_prefix_path.sh
-- Installing: /workspaces/install/wildbot_localization/share/wildbot_localization/environment/ament_prefix_path.dsv
-- Installing: /workspaces/install/wildbot_localization/share/wildbot_localization/environment/path.sh
-- Installing: /workspaces/install/wildbot_localization/share/wildbot_localization/environment/path.dsv
-- Installing: /workspaces/install/wildbot_localization/share/wildbot_localization/local_setup.bash
-- Installing: /workspaces/install/wildbot_localization/share/wildbot_localization/local_setup.sh
-- Installing: /workspaces/install/wildbot_localization/share/wildbot_localization/local_setup.zsh
-- Installing: /workspaces/install/wildbot_localization/share/wildbot_localization/local_setup.dsv
-- Installing: /workspaces/install/wildbot_localization/share/wildbot_localization/package.dsv
-- Installing: /workspaces/install/wildbot_localization/share/ament_index/resource_index/packages/wildbot_localization
-- Installing: /workspaces/install/wildbot_localization/share/wildbot_localization/cmake/wildbot_localizationConfig.cmake
-- Installing: /workspaces/install/wildbot_localization/share/wildbot_localization/cmake/wildbot_localizationConfig-version.cmake
-- Installing: /workspaces/install/wildbot_localization/share/wildbot_localization/package.xml
