[0.007s] Invoking command in '/workspaces/build/wildbot_localization': CMAKE_PREFIX_PATH=${CMAKE_PREFIX_PATH}:/opt/ros/jazzy /usr/bin/cmake /workspaces/workspaces/src/wildbot_localization -DCMAKE_INSTALL_PREFIX=/workspaces/install/wildbot_localization
[0.046s] -- The C compiler identification is GNU 13.3.0
[0.088s] -- The CXX compiler identification is GNU 13.3.0
[0.102s] -- Detecting C compiler ABI info
[0.166s] -- Detecting C compiler ABI info - done
[0.170s] -- Check for working C compiler: /usr/bin/cc - skipped
[0.170s] -- Detecting C compile features
[0.171s] -- Detecting C compile features - done
[0.176s] -- Detecting CXX compiler ABI info
[0.245s] -- Detecting CXX compiler ABI info - done
[0.250s] -- Check for working CXX compiler: /usr/bin/c++ - skipped
[0.251s] -- Detecting CXX compile features
[0.251s] -- Detecting CXX compile features - done
[0.252s] -- Found ament_cmake: 2.5.5 (/opt/ros/jazzy/share/ament_cmake/cmake)
[0.334s] -- Found Python3: /usr/bin/python3 (found version "3.12.3") found components: Interpreter 
[0.455s] -- Configuring done (0.4s)
[0.456s] -- Generating done (0.0s)
[0.456s] -- Build files have been written to: /workspaces/build/wildbot_localization
[0.460s] Invoked command in '/workspaces/build/wildbot_localization' returned '0': CMAKE_PREFIX_PATH=${CMAKE_PREFIX_PATH}:/opt/ros/jazzy /usr/bin/cmake /workspaces/workspaces/src/wildbot_localization -DCMAKE_INSTALL_PREFIX=/workspaces/install/wildbot_localization
[0.462s] Invoking command in '/workspaces/build/wildbot_localization': CMAKE_PREFIX_PATH=${CMAKE_PREFIX_PATH}:/opt/ros/jazzy /usr/bin/cmake --build /workspaces/build/wildbot_localization -- -j16 -l16
[0.486s] Invoked command in '/workspaces/build/wildbot_localization' returned '0': CMAKE_PREFIX_PATH=${CMAKE_PREFIX_PATH}:/opt/ros/jazzy /usr/bin/cmake --build /workspaces/build/wildbot_localization -- -j16 -l16
[0.494s] Invoking command in '/workspaces/build/wildbot_localization': CMAKE_PREFIX_PATH=${CMAKE_PREFIX_PATH}:/opt/ros/jazzy /usr/bin/cmake --install /workspaces/build/wildbot_localization
[0.501s] -- Install configuration: ""
[0.501s] -- Installing: /workspaces/install/wildbot_localization/share/wildbot_localization/config
[0.501s] -- Installing: /workspaces/install/wildbot_localization/share/wildbot_localization/config/ekf.yaml
[0.501s] -- Installing: /workspaces/install/wildbot_localization/share/wildbot_localization/launch
[0.501s] -- Installing: /workspaces/install/wildbot_localization/share/wildbot_localization/launch/ekf_launch.py
[0.501s] -- Installing: /workspaces/install/wildbot_localization/share/ament_index/resource_index/package_run_dependencies/wildbot_localization
[0.501s] -- Installing: /workspaces/install/wildbot_localization/share/ament_index/resource_index/parent_prefix_path/wildbot_localization
[0.501s] -- Installing: /workspaces/install/wildbot_localization/share/wildbot_localization/environment/ament_prefix_path.sh
[0.501s] -- Installing: /workspaces/install/wildbot_localization/share/wildbot_localization/environment/ament_prefix_path.dsv
[0.502s] -- Installing: /workspaces/install/wildbot_localization/share/wildbot_localization/environment/path.sh
[0.502s] -- Installing: /workspaces/install/wildbot_localization/share/wildbot_localization/environment/path.dsv
[0.502s] -- Installing: /workspaces/install/wildbot_localization/share/wildbot_localization/local_setup.bash
[0.502s] -- Installing: /workspaces/install/wildbot_localization/share/wildbot_localization/local_setup.sh
[0.502s] -- Installing: /workspaces/install/wildbot_localization/share/wildbot_localization/local_setup.zsh
[0.502s] -- Installing: /workspaces/install/wildbot_localization/share/wildbot_localization/local_setup.dsv
[0.502s] -- Installing: /workspaces/install/wildbot_localization/share/wildbot_localization/package.dsv
[0.502s] -- Installing: /workspaces/install/wildbot_localization/share/ament_index/resource_index/packages/wildbot_localization
[0.502s] -- Installing: /workspaces/install/wildbot_localization/share/wildbot_localization/cmake/wildbot_localizationConfig.cmake
[0.502s] -- Installing: /workspaces/install/wildbot_localization/share/wildbot_localization/cmake/wildbot_localizationConfig-version.cmake
[0.502s] -- Installing: /workspaces/install/wildbot_localization/share/wildbot_localization/package.xml
[0.504s] Invoked command in '/workspaces/build/wildbot_localization' returned '0': CMAKE_PREFIX_PATH=${CMAKE_PREFIX_PATH}:/opt/ros/jazzy /usr/bin/cmake --install /workspaces/build/wildbot_localization
