[0.000000] (-) TimerEvent: {}
[0.000085] (-) JobUnselected: {'identifier': 'handsfree_imu_ros2'}
[0.000171] (-) JobUnselected: {'identifier': 'wildbot_control'}
[0.000211] (-) JobUnselected: {'identifier': 'wildbot_localization'}
[0.000311] (-) JobUnselected: {'identifier': 'ydlidar_ros2_driver'}
[0.000420] (-) JobUnselected: {'identifier': 'yolo_bringup'}
[0.000442] (-) JobUnselected: {'identifier': 'yolo_msgs'}
[0.000463] (-) JobUnselected: {'identifier': 'yolo_ros'}
[0.000490] (wildbot_slam) JobQueued: {'identifier': 'wildbot_slam', 'dependencies': OrderedDict()}
[0.000511] (wildbot_slam) JobStarted: {'identifier': 'wildbot_slam'}
[0.005146] (wildbot_slam) JobProgress: {'identifier': 'wildbot_slam', 'progress': 'cmake'}
[0.005463] (wildbot_slam) Command: {'cmd': ['/usr/bin/cmake', '/workspaces/workspaces/src/wildbot_slam', '-DCMAKE_INSTALL_PREFIX=/workspaces/install/wildbot_slam'], 'cwd': '/workspaces/build/wildbot_slam', 'env': OrderedDict({'GZ_CONFIG_PATH': '/opt/ros/jazzy/opt/sdformat_vendor/share/gz', 'HOSTNAME': 'b6d37f810cd1', 'SHLVL': '0', 'LD_LIBRARY_PATH': '/opt/ros/jazzy/opt/sdformat_vendor/lib:/opt/ros/jazzy/opt/rviz_ogre_vendor/lib:/opt/ros/jazzy/lib/x86_64-linux-gnu:/opt/ros/jazzy/opt/gz_math_vendor/lib:/opt/ros/jazzy/opt/gz_utils_vendor/lib:/opt/ros/jazzy/opt/gz_tools_vendor/lib:/opt/ros/jazzy/opt/gz_cmake_vendor/lib:/opt/ros/jazzy/lib', 'HOME': '/root', 'OLDPWD': '/workspaces', 'ROS_PYTHON_VERSION': '3', 'ROS_DISTRO': 'jazzy', '_': '/usr/bin/colcon', 'ROS_VERSION': '2', 'DRIVER_WS': '/robot_ws', 'PATH': '/opt/ros/jazzy/opt/gz_tools_vendor/bin:/opt/ros/jazzy/bin:/usr/local/sbin:/usr/local/bin:/usr/sbin:/usr/bin:/sbin:/bin', 'ydlidar_sdk_DIR': '/usr/lib/cmake/ydlidar_sdk', 'LANG': 'C.UTF-8', 'ROS_DOMAIN_ID': '0', 'AMENT_PREFIX_PATH': '/opt/ros/jazzy', 'ROS_AUTOMATIC_DISCOVERY_RANGE': 'SUBNET', 'PWD': '/workspaces/build/wildbot_slam', 'LC_ALL': 'C.UTF-8', 'PYTHONPATH': '/opt/ros/jazzy/lib/python3.12/site-packages', 'COLCON': '1', 'CMAKE_PREFIX_PATH': '/opt/ros/jazzy/opt/sdformat_vendor:/opt/ros/jazzy/opt/gz_math_vendor:/opt/ros/jazzy/opt/gz_utils_vendor:/opt/ros/jazzy/opt/gz_tools_vendor:/opt/ros/jazzy/opt/gz_cmake_vendor:/opt/ros/jazzy', 'ROS2_WS': '/workspaces'}), 'shell': False}
[0.046482] (wildbot_slam) StdoutLine: {'line': b'-- The C compiler identification is GNU 13.3.0\n'}
[0.088416] (wildbot_slam) StdoutLine: {'line': b'-- The CXX compiler identification is GNU 13.3.0\n'}
[0.099838] (-) TimerEvent: {}
[0.101695] (wildbot_slam) StdoutLine: {'line': b'-- Detecting C compiler ABI info\n'}
[0.169007] (wildbot_slam) StdoutLine: {'line': b'-- Detecting C compiler ABI info - done\n'}
[0.174435] (wildbot_slam) StdoutLine: {'line': b'-- Check for working C compiler: /usr/bin/cc - skipped\n'}
[0.174606] (wildbot_slam) StdoutLine: {'line': b'-- Detecting C compile features\n'}
[0.174830] (wildbot_slam) StdoutLine: {'line': b'-- Detecting C compile features - done\n'}
[0.181097] (wildbot_slam) StdoutLine: {'line': b'-- Detecting CXX compiler ABI info\n'}
[0.199960] (-) TimerEvent: {}
[0.259622] (wildbot_slam) StdoutLine: {'line': b'-- Detecting CXX compiler ABI info - done\n'}
[0.265316] (wildbot_slam) StdoutLine: {'line': b'-- Check for working CXX compiler: /usr/bin/c++ - skipped\n'}
[0.265599] (wildbot_slam) StdoutLine: {'line': b'-- Detecting CXX compile features\n'}
[0.265703] (wildbot_slam) StdoutLine: {'line': b'-- Detecting CXX compile features - done\n'}
[0.267686] (wildbot_slam) StdoutLine: {'line': b'-- Found ament_cmake: 2.5.5 (/opt/ros/jazzy/share/ament_cmake/cmake)\n'}
[0.300044] (-) TimerEvent: {}
[0.361312] (wildbot_slam) StdoutLine: {'line': b'-- Found Python3: /usr/bin/python3 (found version "3.12.3") found components: Interpreter \n'}
[0.400133] (-) TimerEvent: {}
[0.500318] (-) TimerEvent: {}
[0.519993] (wildbot_slam) StdoutLine: {'line': b'-- Configuring done (0.5s)\n'}
[0.522220] (wildbot_slam) StdoutLine: {'line': b'-- Generating done (0.0s)\n'}
[0.523033] (wildbot_slam) StdoutLine: {'line': b'-- Build files have been written to: /workspaces/build/wildbot_slam\n'}
[0.526953] (wildbot_slam) CommandEnded: {'returncode': 0}
[0.527586] (wildbot_slam) JobProgress: {'identifier': 'wildbot_slam', 'progress': 'build'}
[0.528340] (wildbot_slam) Command: {'cmd': ['/usr/bin/cmake', '--build', '/workspaces/build/wildbot_slam', '--', '-j16', '-l16'], 'cwd': '/workspaces/build/wildbot_slam', 'env': OrderedDict({'GZ_CONFIG_PATH': '/opt/ros/jazzy/opt/sdformat_vendor/share/gz', 'HOSTNAME': 'b6d37f810cd1', 'SHLVL': '0', 'LD_LIBRARY_PATH': '/opt/ros/jazzy/opt/sdformat_vendor/lib:/opt/ros/jazzy/opt/rviz_ogre_vendor/lib:/opt/ros/jazzy/lib/x86_64-linux-gnu:/opt/ros/jazzy/opt/gz_math_vendor/lib:/opt/ros/jazzy/opt/gz_utils_vendor/lib:/opt/ros/jazzy/opt/gz_tools_vendor/lib:/opt/ros/jazzy/opt/gz_cmake_vendor/lib:/opt/ros/jazzy/lib', 'HOME': '/root', 'OLDPWD': '/workspaces', 'ROS_PYTHON_VERSION': '3', 'ROS_DISTRO': 'jazzy', '_': '/usr/bin/colcon', 'ROS_VERSION': '2', 'DRIVER_WS': '/robot_ws', 'PATH': '/opt/ros/jazzy/opt/gz_tools_vendor/bin:/opt/ros/jazzy/bin:/usr/local/sbin:/usr/local/bin:/usr/sbin:/usr/bin:/sbin:/bin', 'ydlidar_sdk_DIR': '/usr/lib/cmake/ydlidar_sdk', 'LANG': 'C.UTF-8', 'ROS_DOMAIN_ID': '0', 'AMENT_PREFIX_PATH': '/opt/ros/jazzy', 'ROS_AUTOMATIC_DISCOVERY_RANGE': 'SUBNET', 'PWD': '/workspaces/build/wildbot_slam', 'LC_ALL': 'C.UTF-8', 'PYTHONPATH': '/opt/ros/jazzy/lib/python3.12/site-packages', 'COLCON': '1', 'CMAKE_PREFIX_PATH': '/opt/ros/jazzy/opt/sdformat_vendor:/opt/ros/jazzy/opt/gz_math_vendor:/opt/ros/jazzy/opt/gz_utils_vendor:/opt/ros/jazzy/opt/gz_tools_vendor:/opt/ros/jazzy/opt/gz_cmake_vendor:/opt/ros/jazzy', 'ROS2_WS': '/workspaces'}), 'shell': False}
[0.561778] (wildbot_slam) CommandEnded: {'returncode': 0}
[0.562334] (wildbot_slam) JobProgress: {'identifier': 'wildbot_slam', 'progress': 'install'}
[0.568480] (wildbot_slam) Command: {'cmd': ['/usr/bin/cmake', '--install', '/workspaces/build/wildbot_slam'], 'cwd': '/workspaces/build/wildbot_slam', 'env': OrderedDict({'GZ_CONFIG_PATH': '/opt/ros/jazzy/opt/sdformat_vendor/share/gz', 'HOSTNAME': 'b6d37f810cd1', 'SHLVL': '0', 'LD_LIBRARY_PATH': '/opt/ros/jazzy/opt/sdformat_vendor/lib:/opt/ros/jazzy/opt/rviz_ogre_vendor/lib:/opt/ros/jazzy/lib/x86_64-linux-gnu:/opt/ros/jazzy/opt/gz_math_vendor/lib:/opt/ros/jazzy/opt/gz_utils_vendor/lib:/opt/ros/jazzy/opt/gz_tools_vendor/lib:/opt/ros/jazzy/opt/gz_cmake_vendor/lib:/opt/ros/jazzy/lib', 'HOME': '/root', 'OLDPWD': '/workspaces', 'ROS_PYTHON_VERSION': '3', 'ROS_DISTRO': 'jazzy', '_': '/usr/bin/colcon', 'ROS_VERSION': '2', 'DRIVER_WS': '/robot_ws', 'PATH': '/opt/ros/jazzy/opt/gz_tools_vendor/bin:/opt/ros/jazzy/bin:/usr/local/sbin:/usr/local/bin:/usr/sbin:/usr/bin:/sbin:/bin', 'ydlidar_sdk_DIR': '/usr/lib/cmake/ydlidar_sdk', 'LANG': 'C.UTF-8', 'ROS_DOMAIN_ID': '0', 'AMENT_PREFIX_PATH': '/opt/ros/jazzy', 'ROS_AUTOMATIC_DISCOVERY_RANGE': 'SUBNET', 'PWD': '/workspaces/build/wildbot_slam', 'LC_ALL': 'C.UTF-8', 'PYTHONPATH': '/opt/ros/jazzy/lib/python3.12/site-packages', 'COLCON': '1', 'CMAKE_PREFIX_PATH': '/opt/ros/jazzy/opt/sdformat_vendor:/opt/ros/jazzy/opt/gz_math_vendor:/opt/ros/jazzy/opt/gz_utils_vendor:/opt/ros/jazzy/opt/gz_tools_vendor:/opt/ros/jazzy/opt/gz_cmake_vendor:/opt/ros/jazzy', 'ROS2_WS': '/workspaces'}), 'shell': False}
[0.574067] (wildbot_slam) StdoutLine: {'line': b'-- Install configuration: ""\n'}
[0.574285] (wildbot_slam) StdoutLine: {'line': b'-- Installing: /workspaces/install/wildbot_slam/share/wildbot_slam/config\n'}
[0.574319] (wildbot_slam) StdoutLine: {'line': b'-- Installing: /workspaces/install/wildbot_slam/share/wildbot_slam/config/mapper_params_online_async.yaml\n'}
[0.574392] (wildbot_slam) StdoutLine: {'line': b'-- Installing: /workspaces/install/wildbot_slam/share/wildbot_slam/launch\n'}
[0.574440] (wildbot_slam) StdoutLine: {'line': b'-- Installing: /workspaces/install/wildbot_slam/share/wildbot_slam/launch/slam_launch.py\n'}
[0.574473] (wildbot_slam) StdoutLine: {'line': b'-- Installing: /workspaces/install/wildbot_slam/share/ament_index/resource_index/package_run_dependencies/wildbot_slam\n'}
[0.574501] (wildbot_slam) StdoutLine: {'line': b'-- Installing: /workspaces/install/wildbot_slam/share/ament_index/resource_index/parent_prefix_path/wildbot_slam\n'}
[0.574686] (wildbot_slam) StdoutLine: {'line': b'-- Installing: /workspaces/install/wildbot_slam/share/wildbot_slam/environment/ament_prefix_path.sh\n'}
[0.574765] (wildbot_slam) StdoutLine: {'line': b'-- Installing: /workspaces/install/wildbot_slam/share/wildbot_slam/environment/ament_prefix_path.dsv\n'}
[0.574829] (wildbot_slam) StdoutLine: {'line': b'-- Installing: /workspaces/install/wildbot_slam/share/wildbot_slam/environment/path.sh\n'}
[0.574880] (wildbot_slam) StdoutLine: {'line': b'-- Installing: /workspaces/install/wildbot_slam/share/wildbot_slam/environment/path.dsv\n'}
[0.574943] (wildbot_slam) StdoutLine: {'line': b'-- Installing: /workspaces/install/wildbot_slam/share/wildbot_slam/local_setup.bash\n'}
[0.574996] (wildbot_slam) StdoutLine: {'line': b'-- Installing: /workspaces/install/wildbot_slam/share/wildbot_slam/local_setup.sh\n'}
[0.575059] (wildbot_slam) StdoutLine: {'line': b'-- Installing: /workspaces/install/wildbot_slam/share/wildbot_slam/local_setup.zsh\n'}
[0.575128] (wildbot_slam) StdoutLine: {'line': b'-- Installing: /workspaces/install/wildbot_slam/share/wildbot_slam/local_setup.dsv\n'}
[0.575262] (wildbot_slam) StdoutLine: {'line': b'-- Installing: /workspaces/install/wildbot_slam/share/wildbot_slam/package.dsv\n'}
[0.575365] (wildbot_slam) StdoutLine: {'line': b'-- Installing: /workspaces/install/wildbot_slam/share/ament_index/resource_index/packages/wildbot_slam\n'}
[0.575436] (wildbot_slam) StdoutLine: {'line': b'-- Installing: /workspaces/install/wildbot_slam/share/wildbot_slam/cmake/wildbot_slamConfig.cmake\n'}
[0.575516] (wildbot_slam) StdoutLine: {'line': b'-- Installing: /workspaces/install/wildbot_slam/share/wildbot_slam/cmake/wildbot_slamConfig-version.cmake\n'}
[0.575655] (wildbot_slam) StdoutLine: {'line': b'-- Installing: /workspaces/install/wildbot_slam/share/wildbot_slam/package.xml\n'}
[0.576838] (wildbot_slam) CommandEnded: {'returncode': 0}
[0.588987] (wildbot_slam) JobEnded: {'identifier': 'wildbot_slam', 'rc': 0}
[0.589505] (-) EventReactorShutdown: {}
