[0.451s] Invoking command in '/workspaces/imu_ws/src/wildbot_control': PYTHONPATH=/workspaces/imu_ws/build/wildbot_control/prefix_override:/usr/lib/python3/dist-packages/colcon_core/task/python/colcon_distutils_commands:/workspaces/imu_ws/install/wildbot_control/lib/python3.12/site-packages:${PYTHONPATH} /usr/bin/python3 -W ignore:setup.py install is deprecated -W ignore:easy_install command is deprecated setup.py egg_info --egg-base ../../build/wildbot_control build --build-base /workspaces/imu_ws/build/wildbot_control/build install --record /workspaces/imu_ws/build/wildbot_control/install.log --single-version-externally-managed install_data
[0.566s] running egg_info
[0.572s] writing ../../build/wildbot_control/wildbot_control.egg-info/PKG-INFO
[0.572s] writing dependency_links to ../../build/wildbot_control/wildbot_control.egg-info/dependency_links.txt
[0.572s] writing entry points to ../../build/wildbot_control/wildbot_control.egg-info/entry_points.txt
[0.572s] writing requirements to ../../build/wildbot_control/wildbot_control.egg-info/requires.txt
[0.572s] writing top-level names to ../../build/wildbot_control/wildbot_control.egg-info/top_level.txt
[0.584s] reading manifest file '../../build/wildbot_control/wildbot_control.egg-info/SOURCES.txt'
[0.585s] writing manifest file '../../build/wildbot_control/wildbot_control.egg-info/SOURCES.txt'
[0.585s] running build
[0.585s] running build_py
[0.585s] running install
[0.588s] running install_lib
[0.595s] running install_data
[0.595s] running install_egg_info
[0.602s] removing '/workspaces/imu_ws/install/wildbot_control/lib/python3.12/site-packages/wildbot_control-0.0.0-py3.12.egg-info' (and everything under it)
[0.602s] Copying ../../build/wildbot_control/wildbot_control.egg-info to /workspaces/imu_ws/install/wildbot_control/lib/python3.12/site-packages/wildbot_control-0.0.0-py3.12.egg-info
[0.603s] running install_scripts
[0.651s] Installing yaw_hold_node script to /workspaces/imu_ws/install/wildbot_control/lib/wildbot_control
[0.652s] writing list of installed files to '/workspaces/imu_ws/build/wildbot_control/install.log'
[0.668s] Invoked command in '/workspaces/imu_ws/src/wildbot_control' returned '0': PYTHONPATH=/workspaces/imu_ws/build/wildbot_control/prefix_override:/usr/lib/python3/dist-packages/colcon_core/task/python/colcon_distutils_commands:/workspaces/imu_ws/install/wildbot_control/lib/python3.12/site-packages:${PYTHONPATH} /usr/bin/python3 -W ignore:setup.py install is deprecated -W ignore:easy_install command is deprecated setup.py egg_info --egg-base ../../build/wildbot_control build --build-base /workspaces/imu_ws/build/wildbot_control/build install --record /workspaces/imu_ws/build/wildbot_control/install.log --single-version-externally-managed install_data
