[0.330s] Invoking command in '/workspaces/build/yolo_ros': AMENT_PREFIX_PATH=/workspaces/install/yolo_msgs:${AMENT_PREFIX_PATH} CMAKE_PREFIX_PATH=/workspaces/install/yolo_msgs:${CMAKE_PREFIX_PATH} LD_LIBRARY_PATH=/workspaces/install/yolo_msgs/lib:${LD_LIBRARY_PATH} PYTHONPATH=/workspaces/build/yolo_ros/prefix_override:/usr/lib/python3/dist-packages/colcon_core/task/python/colcon_distutils_commands:/workspaces/install/yolo_ros/lib/python3.12/site-packages:/workspaces/install/yolo_msgs/lib/python3.12/site-packages:${PYTHONPATH} /usr/bin/python3 -W ignore:setup.py install is deprecated -W ignore:easy_install command is deprecated setup.py develop --editable --build-directory /workspaces/build/yolo_ros/build --no-deps symlink_data
[0.454s] running develop
[0.510s] running egg_info
[0.510s] creating yolo_ros.egg-info
[0.515s] writing yolo_ros.egg-info/PKG-INFO
[0.516s] writing dependency_links to yolo_ros.egg-info/dependency_links.txt
[0.516s] writing entry points to yolo_ros.egg-info/entry_points.txt
[0.516s] writing requirements to yolo_ros.egg-info/requires.txt
[0.516s] writing top-level names to yolo_ros.egg-info/top_level.txt
[0.516s] writing manifest file 'yolo_ros.egg-info/SOURCES.txt'
[0.527s] reading manifest file 'yolo_ros.egg-info/SOURCES.txt'
[0.527s] writing manifest file 'yolo_ros.egg-info/SOURCES.txt'
[0.533s] running build_ext
[0.533s] Creating /workspaces/install/yolo_ros/lib/python3.12/site-packages/yolo-ros.egg-link (link to .)
[0.533s] Installing debug_node script to /workspaces/install/yolo_ros/lib/yolo_ros
[0.533s] Installing detect_3d_node script to /workspaces/install/yolo_ros/lib/yolo_ros
[0.534s] Installing tracking_node script to /workspaces/install/yolo_ros/lib/yolo_ros
[0.534s] Installing yolo_node script to /workspaces/install/yolo_ros/lib/yolo_ros
[0.534s] 
[0.534s] Installed /workspaces/build/yolo_ros
[0.534s] running symlink_data
[0.534s] creating /workspaces/install/yolo_ros/share/ament_index
[0.534s] creating /workspaces/install/yolo_ros/share/ament_index/resource_index
[0.534s] creating /workspaces/install/yolo_ros/share/ament_index/resource_index/packages
[0.534s] symbolically linking /workspaces/build/yolo_ros/resource/yolo_ros -> /workspaces/install/yolo_ros/share/ament_index/resource_index/packages
[0.534s] symbolically linking /workspaces/build/yolo_ros/package.xml -> /workspaces/install/yolo_ros/share/yolo_ros
[0.553s] Invoked command in '/workspaces/build/yolo_ros' returned '0': AMENT_PREFIX_PATH=/workspaces/install/yolo_msgs:${AMENT_PREFIX_PATH} CMAKE_PREFIX_PATH=/workspaces/install/yolo_msgs:${CMAKE_PREFIX_PATH} LD_LIBRARY_PATH=/workspaces/install/yolo_msgs/lib:${LD_LIBRARY_PATH} PYTHONPATH=/workspaces/build/yolo_ros/prefix_override:/usr/lib/python3/dist-packages/colcon_core/task/python/colcon_distutils_commands:/workspaces/install/yolo_ros/lib/python3.12/site-packages:/workspaces/install/yolo_msgs/lib/python3.12/site-packages:${PYTHONPATH} /usr/bin/python3 -W ignore:setup.py install is deprecated -W ignore:easy_install command is deprecated setup.py develop --editable --build-directory /workspaces/build/yolo_ros/build --no-deps symlink_data
