running egg_info
creating ../../build/wildbot_control/wildbot_control.egg-info
writing ../../build/wildbot_control/wildbot_control.egg-info/PKG-INFO
writing dependency_links to ../../build/wildbot_control/wildbot_control.egg-info/dependency_links.txt
writing entry points to ../../build/wildbot_control/wildbot_control.egg-info/entry_points.txt
writing requirements to ../../build/wildbot_control/wildbot_control.egg-info/requires.txt
writing top-level names to ../../build/wildbot_control/wildbot_control.egg-info/top_level.txt
writing manifest file '../../build/wildbot_control/wildbot_control.egg-info/SOURCES.txt'
reading manifest file '../../build/wildbot_control/wildbot_control.egg-info/SOURCES.txt'
writing manifest file '../../build/wildbot_control/wildbot_control.egg-info/SOURCES.txt'
running build
running build_py
creating /workspaces/imu_ws/build/wildbot_control/build
creating /workspaces/imu_ws/build/wildbot_control/build/lib
creating /workspaces/imu_ws/build/wildbot_control/build/lib/wildbot_control
copying wildbot_control/__init__.py -> /workspaces/imu_ws/build/wildbot_control/build/lib/wildbot_control
copying wildbot_control/yaw_hold_node.py -> /workspaces/imu_ws/build/wildbot_control/build/lib/wildbot_control
running install
running install_lib
creating /workspaces/imu_ws/install/wildbot_control/lib/python3.12/site-packages/wildbot_control
copying /workspaces/imu_ws/build/wildbot_control/build/lib/wildbot_control/__init__.py -> /workspaces/imu_ws/install/wildbot_control/lib/python3.12/site-packages/wildbot_control
copying /workspaces/imu_ws/build/wildbot_control/build/lib/wildbot_control/yaw_hold_node.py -> /workspaces/imu_ws/install/wildbot_control/lib/python3.12/site-packages/wildbot_control
byte-compiling /workspaces/imu_ws/install/wildbot_control/lib/python3.12/site-packages/wildbot_control/__init__.py to __init__.cpython-312.pyc
byte-compiling /workspaces/imu_ws/install/wildbot_control/lib/python3.12/site-packages/wildbot_control/yaw_hold_node.py to yaw_hold_node.cpython-312.pyc
running install_data
creating /workspaces/imu_ws/install/wildbot_control/share/ament_index
creating /workspaces/imu_ws/install/wildbot_control/share/ament_index/resource_index
creating /workspaces/imu_ws/install/wildbot_control/share/ament_index/resource_index/packages
copying resource/wildbot_control -> /workspaces/imu_ws/install/wildbot_control/share/ament_index/resource_index/packages
copying package.xml -> /workspaces/imu_ws/install/wildbot_control/share/wildbot_control
running install_egg_info
Copying ../../build/wildbot_control/wildbot_control.egg-info to /workspaces/imu_ws/install/wildbot_control/lib/python3.12/site-packages/wildbot_control-0.0.0-py3.12.egg-info
running install_scripts
Installing yaw_hold_node script to /workspaces/imu_ws/install/wildbot_control/lib/wildbot_control
writing list of installed files to '/workspaces/imu_ws/build/wildbot_control/install.log'
