[0.006s] Invoking command in '/workspaces/build/wildbot_slam': CMAKE_PREFIX_PATH=${CMAKE_PREFIX_PATH}:/opt/ros/jazzy /usr/bin/cmake /workspaces/workspaces/src/wildbot_slam -DCMAKE_INSTALL_PREFIX=/workspaces/install/wildbot_slam
[0.046s] -- The C compiler identification is GNU 13.3.0
[0.088s] -- The CXX compiler identification is GNU 13.3.0
[0.101s] -- Detecting C compiler ABI info
[0.169s] -- Detecting C compiler ABI info - done
[0.174s] -- Check for working C compiler: /usr/bin/cc - skipped
[0.174s] -- Detecting C compile features
[0.174s] -- Detecting C compile features - done
[0.181s] -- Detecting CXX compiler ABI info
[0.259s] -- Detecting CXX compiler ABI info - done
[0.265s] -- Check for working CXX compiler: /usr/bin/c++ - skipped
[0.265s] -- Detecting CXX compile features
[0.265s] -- Detecting CXX compile features - done
[0.267s] -- Found ament_cmake: 2.5.5 (/opt/ros/jazzy/share/ament_cmake/cmake)
[0.361s] -- Found Python3: /usr/bin/python3 (found version "3.12.3") found components: Interpreter 
[0.520s] -- Configuring done (0.5s)
[0.522s] -- Generating done (0.0s)
[0.523s] -- Build files have been written to: /workspaces/build/wildbot_slam
[0.527s] Invoked command in '/workspaces/build/wildbot_slam' returned '0': CMAKE_PREFIX_PATH=${CMAKE_PREFIX_PATH}:/opt/ros/jazzy /usr/bin/cmake /workspaces/workspaces/src/wildbot_slam -DCMAKE_INSTALL_PREFIX=/workspaces/install/wildbot_slam
[0.528s] Invoking command in '/workspaces/build/wildbot_slam': CMAKE_PREFIX_PATH=${CMAKE_PREFIX_PATH}:/opt/ros/jazzy /usr/bin/cmake --build /workspaces/build/wildbot_slam -- -j16 -l16
[0.561s] Invoked command in '/workspaces/build/wildbot_slam' returned '0': CMAKE_PREFIX_PATH=${CMAKE_PREFIX_PATH}:/opt/ros/jazzy /usr/bin/cmake --build /workspaces/build/wildbot_slam -- -j16 -l16
[0.568s] Invoking command in '/workspaces/build/wildbot_slam': CMAKE_PREFIX_PATH=${CMAKE_PREFIX_PATH}:/opt/ros/jazzy /usr/bin/cmake --install /workspaces/build/wildbot_slam
[0.574s] -- Install configuration: ""
[0.574s] -- Installing: /workspaces/install/wildbot_slam/share/wildbot_slam/config
[0.574s] -- Installing: /workspaces/install/wildbot_slam/share/wildbot_slam/config/mapper_params_online_async.yaml
[0.574s] -- Installing: /workspaces/install/wildbot_slam/share/wildbot_slam/launch
[0.574s] -- Installing: /workspaces/install/wildbot_slam/share/wildbot_slam/launch/slam_launch.py
[0.574s] -- Installing: /workspaces/install/wildbot_slam/share/ament_index/resource_index/package_run_dependencies/wildbot_slam
[0.574s] -- Installing: /workspaces/install/wildbot_slam/share/ament_index/resource_index/parent_prefix_path/wildbot_slam
[0.574s] -- Installing: /workspaces/install/wildbot_slam/share/wildbot_slam/environment/ament_prefix_path.sh
[0.574s] -- Installing: /workspaces/install/wildbot_slam/share/wildbot_slam/environment/ament_prefix_path.dsv
[0.574s] -- Installing: /workspaces/install/wildbot_slam/share/wildbot_slam/environment/path.sh
[0.574s] -- Installing: /workspaces/install/wildbot_slam/share/wildbot_slam/environment/path.dsv
[0.574s] -- Installing: /workspaces/install/wildbot_slam/share/wildbot_slam/local_setup.bash
[0.575s] -- Installing: /workspaces/install/wildbot_slam/share/wildbot_slam/local_setup.sh
[0.575s] -- Installing: /workspaces/install/wildbot_slam/share/wildbot_slam/local_setup.zsh
[0.575s] -- Installing: /workspaces/install/wildbot_slam/share/wildbot_slam/local_setup.dsv
[0.575s] -- Installing: /workspaces/install/wildbot_slam/share/wildbot_slam/package.dsv
[0.575s] -- Installing: /workspaces/install/wildbot_slam/share/ament_index/resource_index/packages/wildbot_slam
[0.575s] -- Installing: /workspaces/install/wildbot_slam/share/wildbot_slam/cmake/wildbot_slamConfig.cmake
[0.575s] -- Installing: /workspaces/install/wildbot_slam/share/wildbot_slam/cmake/wildbot_slamConfig-version.cmake
[0.575s] -- Installing: /workspaces/install/wildbot_slam/share/wildbot_slam/package.xml
[0.577s] Invoked command in '/workspaces/build/wildbot_slam' returned '0': CMAKE_PREFIX_PATH=${CMAKE_PREFIX_PATH}:/opt/ros/jazzy /usr/bin/cmake --install /workspaces/build/wildbot_slam
