[0.244s] Invoking command in '/workspaces/build/wildbot_localization': CMAKE_PREFIX_PATH=${CMAKE_PREFIX_PATH}:/opt/ros/jazzy /usr/bin/cmake --build /workspaces/build/wildbot_localization -- -j16 -l16
[0.274s] Invoked command in '/workspaces/build/wildbot_localization' returned '0': CMAKE_PREFIX_PATH=${CMAKE_PREFIX_PATH}:/opt/ros/jazzy /usr/bin/cmake --build /workspaces/build/wildbot_localization -- -j16 -l16
[0.276s] Invoking command in '/workspaces/build/wildbot_localization': CMAKE_PREFIX_PATH=${CMAKE_PREFIX_PATH}:/opt/ros/jazzy /usr/bin/cmake --install /workspaces/build/wildbot_localization
[0.280s] -- Install configuration: ""
[0.281s] -- Execute custom install script
[0.282s] -- Up-to-date symlink: /workspaces/install/wildbot_localization/share/wildbot_localization/config/ekf.yaml
[0.282s] -- Up-to-date symlink: /workspaces/install/wildbot_localization/share/wildbot_localization/launch/ekf_launch.py
[0.282s] -- Up-to-date symlink: /workspaces/install/wildbot_localization/share/ament_index/resource_index/package_run_dependencies/wildbot_localization
[0.282s] -- Up-to-date symlink: /workspaces/install/wildbot_localization/share/ament_index/resource_index/parent_prefix_path/wildbot_localization
[0.282s] -- Up-to-date symlink: /workspaces/install/wildbot_localization/share/wildbot_localization/environment/ament_prefix_path.sh
[0.282s] -- Up-to-date symlink: /workspaces/install/wildbot_localization/share/wildbot_localization/environment/ament_prefix_path.dsv
[0.282s] -- Up-to-date symlink: /workspaces/install/wildbot_localization/share/wildbot_localization/environment/path.sh
[0.282s] -- Up-to-date symlink: /workspaces/install/wildbot_localization/share/wildbot_localization/environment/path.dsv
[0.283s] -- Up-to-date symlink: /workspaces/install/wildbot_localization/share/wildbot_localization/local_setup.bash
[0.283s] -- Up-to-date symlink: /workspaces/install/wildbot_localization/share/wildbot_localization/local_setup.sh
[0.283s] -- Up-to-date symlink: /workspaces/install/wildbot_localization/share/wildbot_localization/local_setup.zsh
[0.283s] -- Up-to-date symlink: /workspaces/install/wildbot_localization/share/wildbot_localization/local_setup.dsv
[0.283s] -- Symlinking: /workspaces/install/wildbot_localization/share/wildbot_localization/package.dsv
[0.285s] -- Up-to-date symlink: /workspaces/install/wildbot_localization/share/ament_index/resource_index/packages/wildbot_localization
[0.285s] -- Up-to-date symlink: /workspaces/install/wildbot_localization/share/wildbot_localization/cmake/wildbot_localizationConfig.cmake
[0.285s] -- Up-to-date symlink: /workspaces/install/wildbot_localization/share/wildbot_localization/cmake/wildbot_localizationConfig-version.cmake
[0.285s] -- Up-to-date symlink: /workspaces/install/wildbot_localization/share/wildbot_localization/package.xml
[0.286s] Invoked command in '/workspaces/build/wildbot_localization' returned '0': CMAKE_PREFIX_PATH=${CMAKE_PREFIX_PATH}:/opt/ros/jazzy /usr/bin/cmake --install /workspaces/build/wildbot_localization
