[0.083s] DEBUG:colcon:Command line arguments: ['/usr/bin/colcon', 'build']
[0.083s] DEBUG:colcon:Parsed command line arguments: Namespace(log_base=None, log_level=None, verb_name='build', build_base='build', install_base='install', merge_install=False, symlink_install=False, test_result_base=None, continue_on_error=False, executor='parallel', parallel_workers=16, event_handlers=None, ignore_user_meta=False, metas=['./colcon.meta'], base_paths=['.'], packages_ignore=None, packages_ignore_regex=None, paths=None, packages_up_to=None, packages_up_to_regex=None, packages_above=None, packages_above_and_dependencies=None, packages_above_depth=None, packages_select_by_dep=None, packages_skip_by_dep=None, packages_skip_up_to=None, packages_select_build_failed=False, packages_skip_build_finished=False, packages_select_test_failures=False, packages_skip_test_passed=False, packages_select=None, packages_skip=None, packages_select_regex=None, packages_skip_regex=None, packages_start=None, packages_end=None, cmake_args=None, cmake_target=None, cmake_target_skip_unavailable=False, cmake_clean_cache=False, cmake_clean_first=False, cmake_force_configure=False, ament_cmake_args=None, catkin_cmake_args=None, catkin_skip_building_tests=False, mixin_files=None, mixin=None, verb_parser=<colcon_mixin.mixin.mixin_argument.MixinArgumentDecorator object at 0x769a4e8dc4d0>, verb_extension=<colcon_core.verb.build.BuildVerb object at 0x769a4e8dc260>, main=<bound method BuildVerb.main of <colcon_core.verb.build.BuildVerb object at 0x769a4e8dc260>>, mixin_verb=('build',))
[0.101s] Level 1:colcon.colcon_core.package_discovery:discover_packages(colcon_meta) check parameters
[0.101s] INFO:colcon.colcon_metadata.package_discovery.colcon_meta:Using configuration from '/root/.colcon/metadata/default/Gazebo.meta'
[0.102s] INFO:colcon.colcon_metadata.package_discovery.colcon_meta:Using configuration from '/root/.colcon/metadata/default/fastdds.meta'
[0.102s] INFO:colcon.colcon_metadata.package_discovery.colcon_meta:Using configuration from '/root/.colcon/metadata/default/fastrtps.meta'
[0.102s] Level 1:colcon.colcon_core.package_discovery:discover_packages(recursive) check parameters
[0.102s] Level 1:colcon.colcon_core.package_discovery:discover_packages(ignore) check parameters
[0.102s] Level 1:colcon.colcon_core.package_discovery:discover_packages(path) check parameters
[0.102s] Level 1:colcon.colcon_core.package_discovery:discover_packages(colcon_meta) discover
[0.102s] Level 1:colcon.colcon_core.package_discovery:discover_packages(recursive) discover
[0.102s] INFO:colcon.colcon_core.package_discovery:Crawling recursively for packages in '/workspaces/imu_ws'
[0.102s] Level 1:colcon.colcon_core.package_identification:_identify(.) by extensions ['ignore', 'ignore_ament_install']
[0.102s] Level 1:colcon.colcon_core.package_identification:_identify(.) by extension 'ignore'
[0.102s] Level 1:colcon.colcon_core.package_identification:_identify(.) by extension 'ignore_ament_install'
[0.102s] Level 1:colcon.colcon_core.package_identification:_identify(.) by extensions ['colcon_pkg']
[0.102s] Level 1:colcon.colcon_core.package_identification:_identify(.) by extension 'colcon_pkg'
[0.102s] Level 1:colcon.colcon_core.package_identification:_identify(.) by extensions ['colcon_meta']
[0.102s] Level 1:colcon.colcon_core.package_identification:_identify(.) by extension 'colcon_meta'
[0.102s] Level 1:colcon.colcon_core.package_identification:_identify(.) by extensions ['ros']
[0.102s] Level 1:colcon.colcon_core.package_identification:_identify(.) by extension 'ros'
[0.114s] Level 1:colcon.colcon_core.package_identification:_identify(.) by extensions ['cmake', 'python']
[0.114s] Level 1:colcon.colcon_core.package_identification:_identify(.) by extension 'cmake'
[0.114s] Level 1:colcon.colcon_core.package_identification:_identify(.) by extension 'python'
[0.114s] Level 1:colcon.colcon_core.package_identification:_identify(.) by extensions ['python_setup_py']
[0.114s] Level 1:colcon.colcon_core.package_identification:_identify(.) by extension 'python_setup_py'
[0.114s] Level 1:colcon.colcon_core.package_identification:_identify(build) by extensions ['ignore', 'ignore_ament_install']
[0.115s] Level 1:colcon.colcon_core.package_identification:_identify(build) by extension 'ignore'
[0.115s] Level 1:colcon.colcon_core.package_identification:_identify(build) ignored
[0.115s] Level 1:colcon.colcon_core.package_identification:_identify(install) by extensions ['ignore', 'ignore_ament_install']
[0.115s] Level 1:colcon.colcon_core.package_identification:_identify(install) by extension 'ignore'
[0.115s] Level 1:colcon.colcon_core.package_identification:_identify(install) ignored
[0.115s] Level 1:colcon.colcon_core.package_identification:_identify(log) by extensions ['ignore', 'ignore_ament_install']
[0.115s] Level 1:colcon.colcon_core.package_identification:_identify(log) by extension 'ignore'
[0.115s] Level 1:colcon.colcon_core.package_identification:_identify(log) ignored
[0.115s] Level 1:colcon.colcon_core.package_identification:_identify(src) by extensions ['ignore', 'ignore_ament_install']
[0.115s] Level 1:colcon.colcon_core.package_identification:_identify(src) by extension 'ignore'
[0.115s] Level 1:colcon.colcon_core.package_identification:_identify(src) by extension 'ignore_ament_install'
[0.115s] Level 1:colcon.colcon_core.package_identification:_identify(src) by extensions ['colcon_pkg']
[0.115s] Level 1:colcon.colcon_core.package_identification:_identify(src) by extension 'colcon_pkg'
[0.115s] Level 1:colcon.colcon_core.package_identification:_identify(src) by extensions ['colcon_meta']
[0.115s] Level 1:colcon.colcon_core.package_identification:_identify(src) by extension 'colcon_meta'
[0.115s] Level 1:colcon.colcon_core.package_identification:_identify(src) by extensions ['ros']
[0.115s] Level 1:colcon.colcon_core.package_identification:_identify(src) by extension 'ros'
[0.115s] Level 1:colcon.colcon_core.package_identification:_identify(src) by extensions ['cmake', 'python']
[0.115s] Level 1:colcon.colcon_core.package_identification:_identify(src) by extension 'cmake'
[0.115s] Level 1:colcon.colcon_core.package_identification:_identify(src) by extension 'python'
[0.115s] Level 1:colcon.colcon_core.package_identification:_identify(src) by extensions ['python_setup_py']
[0.115s] Level 1:colcon.colcon_core.package_identification:_identify(src) by extension 'python_setup_py'
[0.115s] Level 1:colcon.colcon_core.package_identification:_identify(src/handsfree_imu_ros2) by extensions ['ignore', 'ignore_ament_install']
[0.115s] Level 1:colcon.colcon_core.package_identification:_identify(src/handsfree_imu_ros2) by extension 'ignore'
[0.115s] Level 1:colcon.colcon_core.package_identification:_identify(src/handsfree_imu_ros2) by extension 'ignore_ament_install'
[0.115s] Level 1:colcon.colcon_core.package_identification:_identify(src/handsfree_imu_ros2) by extensions ['colcon_pkg']
[0.115s] Level 1:colcon.colcon_core.package_identification:_identify(src/handsfree_imu_ros2) by extension 'colcon_pkg'
[0.115s] Level 1:colcon.colcon_core.package_identification:_identify(src/handsfree_imu_ros2) by extensions ['colcon_meta']
[0.115s] Level 1:colcon.colcon_core.package_identification:_identify(src/handsfree_imu_ros2) by extension 'colcon_meta'
[0.115s] Level 1:colcon.colcon_core.package_identification:_identify(src/handsfree_imu_ros2) by extensions ['ros']
[0.115s] Level 1:colcon.colcon_core.package_identification:_identify(src/handsfree_imu_ros2) by extension 'ros'
[0.117s] DEBUG:colcon.colcon_core.package_identification:Package 'src/handsfree_imu_ros2' with type 'ros.ament_python' and name 'handsfree_imu_ros2'
[0.117s] Level 1:colcon.colcon_core.package_identification:_identify(src/wildbot_control) by extensions ['ignore', 'ignore_ament_install']
[0.117s] Level 1:colcon.colcon_core.package_identification:_identify(src/wildbot_control) by extension 'ignore'
[0.117s] Level 1:colcon.colcon_core.package_identification:_identify(src/wildbot_control) by extension 'ignore_ament_install'
[0.117s] Level 1:colcon.colcon_core.package_identification:_identify(src/wildbot_control) by extensions ['colcon_pkg']
[0.117s] Level 1:colcon.colcon_core.package_identification:_identify(src/wildbot_control) by extension 'colcon_pkg'
[0.117s] Level 1:colcon.colcon_core.package_identification:_identify(src/wildbot_control) by extensions ['colcon_meta']
[0.117s] Level 1:colcon.colcon_core.package_identification:_identify(src/wildbot_control) by extension 'colcon_meta'
[0.117s] Level 1:colcon.colcon_core.package_identification:_identify(src/wildbot_control) by extensions ['ros']
[0.117s] Level 1:colcon.colcon_core.package_identification:_identify(src/wildbot_control) by extension 'ros'
[0.117s] DEBUG:colcon.colcon_core.package_identification:Package 'src/wildbot_control' with type 'ros.ament_python' and name 'wildbot_control'
[0.117s] Level 1:colcon.colcon_core.package_discovery:discover_packages(recursive) using defaults
[0.117s] Level 1:colcon.colcon_core.package_discovery:discover_packages(ignore) discover
[0.117s] Level 1:colcon.colcon_core.package_discovery:discover_packages(ignore) using defaults
[0.117s] Level 1:colcon.colcon_core.package_discovery:discover_packages(path) discover
[0.117s] Level 1:colcon.colcon_core.package_discovery:discover_packages(path) using defaults
[0.126s] Level 5:colcon.colcon_core.verb:set package 'handsfree_imu_ros2' build argument 'cmake_args' from command line to 'None'
[0.126s] Level 5:colcon.colcon_core.verb:set package 'handsfree_imu_ros2' build argument 'cmake_target' from command line to 'None'
[0.126s] Level 5:colcon.colcon_core.verb:set package 'handsfree_imu_ros2' build argument 'cmake_target_skip_unavailable' from command line to 'False'
[0.126s] Level 5:colcon.colcon_core.verb:set package 'handsfree_imu_ros2' build argument 'cmake_clean_cache' from command line to 'False'
[0.126s] Level 5:colcon.colcon_core.verb:set package 'handsfree_imu_ros2' build argument 'cmake_clean_first' from command line to 'False'
[0.126s] Level 5:colcon.colcon_core.verb:set package 'handsfree_imu_ros2' build argument 'cmake_force_configure' from command line to 'False'
[0.126s] Level 5:colcon.colcon_core.verb:set package 'handsfree_imu_ros2' build argument 'ament_cmake_args' from command line to 'None'
[0.126s] Level 5:colcon.colcon_core.verb:set package 'handsfree_imu_ros2' build argument 'catkin_cmake_args' from command line to 'None'
[0.126s] Level 5:colcon.colcon_core.verb:set package 'handsfree_imu_ros2' build argument 'catkin_skip_building_tests' from command line to 'False'
[0.126s] DEBUG:colcon.colcon_core.verb:Building package 'handsfree_imu_ros2' with the following arguments: {'ament_cmake_args': None, 'build_base': '/workspaces/imu_ws/build/handsfree_imu_ros2', 'catkin_cmake_args': None, 'catkin_skip_building_tests': False, 'cmake_args': None, 'cmake_clean_cache': False, 'cmake_clean_first': False, 'cmake_force_configure': False, 'cmake_target': None, 'cmake_target_skip_unavailable': False, 'install_base': '/workspaces/imu_ws/install/handsfree_imu_ros2', 'merge_install': False, 'path': '/workspaces/imu_ws/src/handsfree_imu_ros2', 'symlink_install': False, 'test_result_base': None}
[0.126s] Level 5:colcon.colcon_core.verb:set package 'wildbot_control' build argument 'cmake_args' from command line to 'None'
[0.126s] Level 5:colcon.colcon_core.verb:set package 'wildbot_control' build argument 'cmake_target' from command line to 'None'
[0.126s] Level 5:colcon.colcon_core.verb:set package 'wildbot_control' build argument 'cmake_target_skip_unavailable' from command line to 'False'
[0.126s] Level 5:colcon.colcon_core.verb:set package 'wildbot_control' build argument 'cmake_clean_cache' from command line to 'False'
[0.126s] Level 5:colcon.colcon_core.verb:set package 'wildbot_control' build argument 'cmake_clean_first' from command line to 'False'
[0.126s] Level 5:colcon.colcon_core.verb:set package 'wildbot_control' build argument 'cmake_force_configure' from command line to 'False'
[0.126s] Level 5:colcon.colcon_core.verb:set package 'wildbot_control' build argument 'ament_cmake_args' from command line to 'None'
[0.126s] Level 5:colcon.colcon_core.verb:set package 'wildbot_control' build argument 'catkin_cmake_args' from command line to 'None'
[0.126s] Level 5:colcon.colcon_core.verb:set package 'wildbot_control' build argument 'catkin_skip_building_tests' from command line to 'False'
[0.126s] DEBUG:colcon.colcon_core.verb:Building package 'wildbot_control' with the following arguments: {'ament_cmake_args': None, 'build_base': '/workspaces/imu_ws/build/wildbot_control', 'catkin_cmake_args': None, 'catkin_skip_building_tests': False, 'cmake_args': None, 'cmake_clean_cache': False, 'cmake_clean_first': False, 'cmake_force_configure': False, 'cmake_target': None, 'cmake_target_skip_unavailable': False, 'install_base': '/workspaces/imu_ws/install/wildbot_control', 'merge_install': False, 'path': '/workspaces/imu_ws/src/wildbot_control', 'symlink_install': False, 'test_result_base': None}
[0.126s] INFO:colcon.colcon_core.executor:Executing jobs using 'parallel' executor
[0.127s] DEBUG:colcon.colcon_parallel_executor.executor.parallel:run_until_complete
[0.127s] INFO:colcon.colcon_ros.task.ament_python.build:Building ROS package in '/workspaces/imu_ws/src/handsfree_imu_ros2' with build type 'ament_python'
[0.127s] Level 1:colcon.colcon_core.shell:create_environment_hook('handsfree_imu_ros2', 'ament_prefix_path')
[0.128s] INFO:colcon.colcon_core.plugin_system:Skipping extension 'colcon_core.shell.bat': Not used on non-Windows systems
[0.128s] INFO:colcon.colcon_core.shell:Creating environment hook '/workspaces/imu_ws/install/handsfree_imu_ros2/share/handsfree_imu_ros2/hook/ament_prefix_path.ps1'
[0.129s] INFO:colcon.colcon_core.shell:Creating environment descriptor '/workspaces/imu_ws/install/handsfree_imu_ros2/share/handsfree_imu_ros2/hook/ament_prefix_path.dsv'
[0.129s] INFO:colcon.colcon_core.shell:Creating environment hook '/workspaces/imu_ws/install/handsfree_imu_ros2/share/handsfree_imu_ros2/hook/ament_prefix_path.sh'
[0.129s] INFO:colcon.colcon_core.shell:Skip shell extension 'powershell' for command environment: Not usable outside of PowerShell
[0.129s] DEBUG:colcon.colcon_core.shell:Skip shell extension 'dsv' for command environment
[0.132s] INFO:colcon.colcon_ros.task.ament_python.build:Building ROS package in '/workspaces/imu_ws/src/wildbot_control' with build type 'ament_python'
[0.132s] Level 1:colcon.colcon_core.shell:create_environment_hook('wildbot_control', 'ament_prefix_path')
[0.132s] INFO:colcon.colcon_core.shell:Creating environment hook '/workspaces/imu_ws/install/wildbot_control/share/wildbot_control/hook/ament_prefix_path.ps1'
[0.132s] INFO:colcon.colcon_core.shell:Creating environment descriptor '/workspaces/imu_ws/install/wildbot_control/share/wildbot_control/hook/ament_prefix_path.dsv'
[0.132s] INFO:colcon.colcon_core.shell:Creating environment hook '/workspaces/imu_ws/install/wildbot_control/share/wildbot_control/hook/ament_prefix_path.sh'
[0.132s] INFO:colcon.colcon_core.shell:Skip shell extension 'powershell' for command environment: Not usable outside of PowerShell
[0.133s] DEBUG:colcon.colcon_core.shell:Skip shell extension 'dsv' for command environment
[0.231s] INFO:colcon.colcon_core.task.python.build:Building Python package in '/workspaces/imu_ws/src/handsfree_imu_ros2'
[0.231s] INFO:colcon.colcon_core.shell:Skip shell extension 'powershell' for command environment: Not usable outside of PowerShell
[0.231s] DEBUG:colcon.colcon_core.shell:Skip shell extension 'dsv' for command environment
[0.333s] INFO:colcon.colcon_core.task.python.build:Building Python package in '/workspaces/imu_ws/src/wildbot_control'
[0.333s] INFO:colcon.colcon_core.shell:Skip shell extension 'powershell' for command environment: Not usable outside of PowerShell
[0.333s] DEBUG:colcon.colcon_core.shell:Skip shell extension 'dsv' for command environment
[0.583s] DEBUG:colcon.colcon_core.event_handler.log_command:Invoking command in '/workspaces/imu_ws/src/wildbot_control': PYTHONPATH=/workspaces/imu_ws/build/wildbot_control/prefix_override:/usr/lib/python3/dist-packages/colcon_core/task/python/colcon_distutils_commands:/workspaces/imu_ws/install/wildbot_control/lib/python3.12/site-packages:${PYTHONPATH} /usr/bin/python3 -W ignore:setup.py install is deprecated -W ignore:easy_install command is deprecated setup.py egg_info --egg-base ../../build/wildbot_control build --build-base /workspaces/imu_ws/build/wildbot_control/build install --record /workspaces/imu_ws/build/wildbot_control/install.log --single-version-externally-managed install_data
[0.585s] DEBUG:colcon.colcon_core.event_handler.log_command:Invoking command in '/workspaces/imu_ws/src/handsfree_imu_ros2': PYTHONPATH=/workspaces/imu_ws/build/handsfree_imu_ros2/prefix_override:/usr/lib/python3/dist-packages/colcon_core/task/python/colcon_distutils_commands:/workspaces/imu_ws/install/handsfree_imu_ros2/lib/python3.12/site-packages:${PYTHONPATH} /usr/bin/python3 -W ignore:setup.py install is deprecated -W ignore:easy_install command is deprecated setup.py egg_info --egg-base ../../build/handsfree_imu_ros2 build --build-base /workspaces/imu_ws/build/handsfree_imu_ros2/build install --record /workspaces/imu_ws/build/handsfree_imu_ros2/install.log --single-version-externally-managed install_data
[0.800s] DEBUG:colcon.colcon_core.event_handler.log_command:Invoked command in '/workspaces/imu_ws/src/wildbot_control' returned '0': PYTHONPATH=/workspaces/imu_ws/build/wildbot_control/prefix_override:/usr/lib/python3/dist-packages/colcon_core/task/python/colcon_distutils_commands:/workspaces/imu_ws/install/wildbot_control/lib/python3.12/site-packages:${PYTHONPATH} /usr/bin/python3 -W ignore:setup.py install is deprecated -W ignore:easy_install command is deprecated setup.py egg_info --egg-base ../../build/wildbot_control build --build-base /workspaces/imu_ws/build/wildbot_control/build install --record /workspaces/imu_ws/build/wildbot_control/install.log --single-version-externally-managed install_data
[0.802s] Level 1:colcon.colcon_core.environment:checking '/workspaces/imu_ws/install/wildbot_control' for CMake module files
[0.802s] Level 1:colcon.colcon_core.environment:checking '/workspaces/imu_ws/install/wildbot_control' for CMake config files
[0.803s] Level 1:colcon.colcon_core.environment:checking '/workspaces/imu_ws/install/wildbot_control/lib'
[0.803s] Level 1:colcon.colcon_core.environment:checking '/workspaces/imu_ws/install/wildbot_control/bin'
[0.803s] Level 1:colcon.colcon_core.environment:checking '/workspaces/imu_ws/install/wildbot_control/lib/pkgconfig/wildbot_control.pc'
[0.803s] Level 1:colcon.colcon_core.environment:checking '/workspaces/imu_ws/install/wildbot_control/lib/python3.12/site-packages'
[0.803s] Level 1:colcon.colcon_core.shell:create_environment_hook('wildbot_control', 'pythonpath')
[0.803s] INFO:colcon.colcon_core.shell:Creating environment hook '/workspaces/imu_ws/install/wildbot_control/share/wildbot_control/hook/pythonpath.ps1'
[0.804s] INFO:colcon.colcon_core.shell:Creating environment descriptor '/workspaces/imu_ws/install/wildbot_control/share/wildbot_control/hook/pythonpath.dsv'
[0.804s] INFO:colcon.colcon_core.shell:Creating environment hook '/workspaces/imu_ws/install/wildbot_control/share/wildbot_control/hook/pythonpath.sh'
[0.804s] Level 1:colcon.colcon_core.environment:checking '/workspaces/imu_ws/install/wildbot_control/bin'
[0.804s] Level 1:colcon.colcon_core.environment:create_environment_scripts_only(wildbot_control)
[0.805s] INFO:colcon.colcon_core.shell:Creating package script '/workspaces/imu_ws/install/wildbot_control/share/wildbot_control/package.ps1'
[0.805s] INFO:colcon.colcon_core.shell:Creating package descriptor '/workspaces/imu_ws/install/wildbot_control/share/wildbot_control/package.dsv'
[0.805s] INFO:colcon.colcon_core.shell:Creating package script '/workspaces/imu_ws/install/wildbot_control/share/wildbot_control/package.sh'
[0.806s] INFO:colcon.colcon_core.shell:Creating package script '/workspaces/imu_ws/install/wildbot_control/share/wildbot_control/package.bash'
[0.806s] INFO:colcon.colcon_core.shell:Creating package script '/workspaces/imu_ws/install/wildbot_control/share/wildbot_control/package.zsh'
[0.806s] Level 1:colcon.colcon_core.environment:create_file_with_runtime_dependencies(/workspaces/imu_ws/install/wildbot_control/share/colcon-core/packages/wildbot_control)
[0.807s] Level 1:colcon.colcon_core.environment:checking '/workspaces/imu_ws/install/handsfree_imu_ros2' for CMake module files
[0.807s] DEBUG:colcon.colcon_core.event_handler.log_command:Invoked command in '/workspaces/imu_ws/src/handsfree_imu_ros2' returned '0': PYTHONPATH=/workspaces/imu_ws/build/handsfree_imu_ros2/prefix_override:/usr/lib/python3/dist-packages/colcon_core/task/python/colcon_distutils_commands:/workspaces/imu_ws/install/handsfree_imu_ros2/lib/python3.12/site-packages:${PYTHONPATH} /usr/bin/python3 -W ignore:setup.py install is deprecated -W ignore:easy_install command is deprecated setup.py egg_info --egg-base ../../build/handsfree_imu_ros2 build --build-base /workspaces/imu_ws/build/handsfree_imu_ros2/build install --record /workspaces/imu_ws/build/handsfree_imu_ros2/install.log --single-version-externally-managed install_data
[0.808s] Level 1:colcon.colcon_core.environment:checking '/workspaces/imu_ws/install/handsfree_imu_ros2' for CMake config files
[0.808s] Level 1:colcon.colcon_core.environment:checking '/workspaces/imu_ws/install/handsfree_imu_ros2/lib'
[0.808s] Level 1:colcon.colcon_core.environment:checking '/workspaces/imu_ws/install/handsfree_imu_ros2/bin'
[0.808s] Level 1:colcon.colcon_core.environment:checking '/workspaces/imu_ws/install/handsfree_imu_ros2/lib/pkgconfig/handsfree_imu_ros2.pc'
[0.808s] Level 1:colcon.colcon_core.environment:checking '/workspaces/imu_ws/install/handsfree_imu_ros2/lib/python3.12/site-packages'
[0.808s] Level 1:colcon.colcon_core.shell:create_environment_hook('handsfree_imu_ros2', 'pythonpath')
[0.808s] INFO:colcon.colcon_core.shell:Creating environment hook '/workspaces/imu_ws/install/handsfree_imu_ros2/share/handsfree_imu_ros2/hook/pythonpath.ps1'
[0.809s] INFO:colcon.colcon_core.shell:Creating environment descriptor '/workspaces/imu_ws/install/handsfree_imu_ros2/share/handsfree_imu_ros2/hook/pythonpath.dsv'
[0.809s] INFO:colcon.colcon_core.shell:Creating environment hook '/workspaces/imu_ws/install/handsfree_imu_ros2/share/handsfree_imu_ros2/hook/pythonpath.sh'
[0.809s] Level 1:colcon.colcon_core.environment:checking '/workspaces/imu_ws/install/handsfree_imu_ros2/bin'
[0.809s] Level 1:colcon.colcon_core.environment:create_environment_scripts_only(handsfree_imu_ros2)
[0.809s] INFO:colcon.colcon_core.shell:Creating package script '/workspaces/imu_ws/install/handsfree_imu_ros2/share/handsfree_imu_ros2/package.ps1'
[0.810s] INFO:colcon.colcon_core.shell:Creating package descriptor '/workspaces/imu_ws/install/handsfree_imu_ros2/share/handsfree_imu_ros2/package.dsv'
[0.810s] INFO:colcon.colcon_core.shell:Creating package script '/workspaces/imu_ws/install/handsfree_imu_ros2/share/handsfree_imu_ros2/package.sh'
[0.810s] INFO:colcon.colcon_core.shell:Creating package script '/workspaces/imu_ws/install/handsfree_imu_ros2/share/handsfree_imu_ros2/package.bash'
[0.810s] INFO:colcon.colcon_core.shell:Creating package script '/workspaces/imu_ws/install/handsfree_imu_ros2/share/handsfree_imu_ros2/package.zsh'
[0.810s] Level 1:colcon.colcon_core.environment:create_file_with_runtime_dependencies(/workspaces/imu_ws/install/handsfree_imu_ros2/share/colcon-core/packages/handsfree_imu_ros2)
[0.811s] DEBUG:colcon.colcon_parallel_executor.executor.parallel:closing loop
[0.811s] DEBUG:colcon.colcon_parallel_executor.executor.parallel:loop closed
[0.811s] DEBUG:colcon.colcon_parallel_executor.executor.parallel:run_until_complete finished with '0'
[0.811s] DEBUG:colcon.colcon_core.event_reactor:joining thread
[0.815s] INFO:colcon.colcon_core.plugin_system:Skipping extension 'colcon_notification.desktop_notification.notify_send': Could not find 'notify-send'
[0.815s] INFO:colcon.colcon_core.plugin_system:Skipping extension 'colcon_notification.desktop_notification.terminal_notifier': Not used on non-Darwin systems
[0.815s] INFO:colcon.colcon_core.plugin_system:Skipping extension 'colcon_notification.desktop_notification.win32': Not used on non-Windows systems
[0.815s] INFO:colcon.colcon_notification.desktop_notification:Sending desktop notification using 'notify2'
[0.815s] DEBUG:colcon.colcon_notification.desktop_notification.notify2:Failed to initialize notify2: org.freedesktop.DBus.Error.NotSupported: Unable to autolaunch a dbus-daemon without a $DISPLAY for X11
[0.815s] DEBUG:colcon.colcon_core.event_reactor:joined thread
[0.815s] INFO:colcon.colcon_core.shell:Creating prefix script '/workspaces/imu_ws/install/local_setup.ps1'
[0.816s] INFO:colcon.colcon_core.shell:Creating prefix util module '/workspaces/imu_ws/install/_local_setup_util_ps1.py'
[0.816s] INFO:colcon.colcon_core.shell:Creating prefix chain script '/workspaces/imu_ws/install/setup.ps1'
[0.817s] INFO:colcon.colcon_core.shell:Creating prefix script '/workspaces/imu_ws/install/local_setup.sh'
[0.817s] INFO:colcon.colcon_core.shell:Creating prefix util module '/workspaces/imu_ws/install/_local_setup_util_sh.py'
[0.818s] INFO:colcon.colcon_core.shell:Creating prefix chain script '/workspaces/imu_ws/install/setup.sh'
[0.819s] INFO:colcon.colcon_core.shell:Creating prefix script '/workspaces/imu_ws/install/local_setup.bash'
[0.819s] INFO:colcon.colcon_core.shell:Creating prefix chain script '/workspaces/imu_ws/install/setup.bash'
[0.820s] INFO:colcon.colcon_core.shell:Creating prefix script '/workspaces/imu_ws/install/local_setup.zsh'
[0.820s] INFO:colcon.colcon_core.shell:Creating prefix chain script '/workspaces/imu_ws/install/setup.zsh'
