[0.421s] Invoking command in '/workspaces/imu_ws/src/handsfree_imu_ros2': PYTHONPATH=/workspaces/imu_ws/build/handsfree_imu_ros2/prefix_override:/usr/lib/python3/dist-packages/colcon_core/task/python/colcon_distutils_commands:/workspaces/imu_ws/install/handsfree_imu_ros2/lib/python3.12/site-packages:${PYTHONPATH} /usr/bin/python3 -W ignore:setup.py install is deprecated -W ignore:easy_install command is deprecated setup.py egg_info --egg-base ../../build/handsfree_imu_ros2 build --build-base /workspaces/imu_ws/build/handsfree_imu_ros2/build install --record /workspaces/imu_ws/build/handsfree_imu_ros2/install.log --single-version-externally-managed install_data
[0.526s] running egg_info
[0.531s] writing ../../build/handsfree_imu_ros2/handsfree_imu_ros2.egg-info/PKG-INFO
[0.531s] writing dependency_links to ../../build/handsfree_imu_ros2/handsfree_imu_ros2.egg-info/dependency_links.txt
[0.531s] writing entry points to ../../build/handsfree_imu_ros2/handsfree_imu_ros2.egg-info/entry_points.txt
[0.532s] writing requirements to ../../build/handsfree_imu_ros2/handsfree_imu_ros2.egg-info/requires.txt
[0.532s] writing top-level names to ../../build/handsfree_imu_ros2/handsfree_imu_ros2.egg-info/top_level.txt
[0.543s] reading manifest file '../../build/handsfree_imu_ros2/handsfree_imu_ros2.egg-info/SOURCES.txt'
[0.543s] writing manifest file '../../build/handsfree_imu_ros2/handsfree_imu_ros2.egg-info/SOURCES.txt'
[0.543s] running build
[0.543s] running build_py
[0.543s] running install
[0.546s] running install_lib
[0.552s] running install_data
[0.552s] running install_egg_info
[0.559s] removing '/workspaces/imu_ws/install/handsfree_imu_ros2/lib/python3.12/site-packages/handsfree_imu_ros2-0.0.0-py3.12.egg-info' (and everything under it)
[0.559s] Copying ../../build/handsfree_imu_ros2/handsfree_imu_ros2.egg-info to /workspaces/imu_ws/install/handsfree_imu_ros2/lib/python3.12/site-packages/handsfree_imu_ros2-0.0.0-py3.12.egg-info
[0.560s] running install_scripts
[0.603s] Installing imu_a9_node script to /workspaces/imu_ws/install/handsfree_imu_ros2/lib/handsfree_imu_ros2
[0.604s] writing list of installed files to '/workspaces/imu_ws/build/handsfree_imu_ros2/install.log'
[0.623s] Invoked command in '/workspaces/imu_ws/src/handsfree_imu_ros2' returned '0': PYTHONPATH=/workspaces/imu_ws/build/handsfree_imu_ros2/prefix_override:/usr/lib/python3/dist-packages/colcon_core/task/python/colcon_distutils_commands:/workspaces/imu_ws/install/handsfree_imu_ros2/lib/python3.12/site-packages:${PYTHONPATH} /usr/bin/python3 -W ignore:setup.py install is deprecated -W ignore:easy_install command is deprecated setup.py egg_info --egg-base ../../build/handsfree_imu_ros2 build --build-base /workspaces/imu_ws/build/handsfree_imu_ros2/build install --record /workspaces/imu_ws/build/handsfree_imu_ros2/install.log --single-version-externally-managed install_data
