[0.030s] Invoking command in '/workspaces/build/yolo_msgs': CMAKE_PREFIX_PATH=${CMAKE_PREFIX_PATH}:/workspaces/install/yolo_ros:/workspaces/install/wildbot_control:/workspaces/install/handsfree_imu_ros2:/workspaces/install/arm_ik:/robot_ws/install/lidar_pkg:/opt/ros/jazzy /usr/bin/cmake /workspaces/workspaces/src/yolo_ros-main/yolo_msgs -DCMAKE_INSTALL_PREFIX=/workspaces/install/yolo_msgs
[0.430s] -- Found ament_cmake: 2.5.5 (/opt/ros/jazzy/share/ament_cmake/cmake)
[0.430s] -- Found Python3: /usr/bin/python3 (found version "3.12.3") found components: Interpreter 
[0.430s] -- Override CMake install command with custom implementation using symlinks instead of copying resources
[0.430s] -- Found rosidl_default_generators: 1.6.0 (/opt/ros/jazzy/share/rosidl_default_generators/cmake)
[0.430s] -- Using all available rosidl_typesupport_c: rosidl_typesupport_fastrtps_c;rosidl_typesupport_introspection_c
[0.430s] -- Using all available rosidl_typesupport_cpp: rosidl_typesupport_fastrtps_cpp;rosidl_typesupport_introspection_cpp
[0.430s] -- Found rosidl_adapter: 4.6.7 (/opt/ros/jazzy/share/rosidl_adapter/cmake)
[0.430s] -- Found std_msgs: 5.3.6 (/opt/ros/jazzy/share/std_msgs/cmake)
[0.431s] -- Found geometry_msgs: 5.3.6 (/opt/ros/jazzy/share/geometry_msgs/cmake)
[0.450s] -- Found ament_cmake_ros: 0.12.0 (/opt/ros/jazzy/share/ament_cmake_ros/cmake)
[0.583s] -- Using all available rosidl_typesupport_c: rosidl_typesupport_fastrtps_c;rosidl_typesupport_introspection_c
[0.745s] -- Using all available rosidl_typesupport_cpp: rosidl_typesupport_fastrtps_cpp;rosidl_typesupport_introspection_cpp
[0.747s] -- Found python_cmake_module: 0.11.1 (/opt/ros/jazzy/share/python_cmake_module/cmake)
[0.982s] -- Found Python3: /usr/bin/python3 (found version "3.12.3") found components: Interpreter Development NumPy Development.Module Development.Embed 
[1.013s] -- Configuring done (1.0s)
[1.059s] -- Generating done (0.0s)
[1.072s] -- Build files have been written to: /workspaces/build/yolo_msgs
[1.081s] Invoked command in '/workspaces/build/yolo_msgs' returned '0': CMAKE_PREFIX_PATH=${CMAKE_PREFIX_PATH}:/workspaces/install/yolo_ros:/workspaces/install/wildbot_control:/workspaces/install/handsfree_imu_ros2:/workspaces/install/arm_ik:/robot_ws/install/lidar_pkg:/opt/ros/jazzy /usr/bin/cmake /workspaces/workspaces/src/yolo_ros-main/yolo_msgs -DCMAKE_INSTALL_PREFIX=/workspaces/install/yolo_msgs
[1.082s] Invoking command in '/workspaces/build/yolo_msgs': CMAKE_PREFIX_PATH=${CMAKE_PREFIX_PATH}:/workspaces/install/yolo_ros:/workspaces/install/wildbot_control:/workspaces/install/handsfree_imu_ros2:/workspaces/install/arm_ik:/robot_ws/install/lidar_pkg:/opt/ros/jazzy /usr/bin/cmake --build /workspaces/build/yolo_msgs -- -j16 -l16
[1.120s] [  0%] Built target yolo_msgs__rosidl_generator_type_description
[1.132s] [  0%] Built target yolo_msgs__cpp
[1.133s] [  0%] Built target ament_cmake_python_symlink_yolo_msgs
[1.150s] [ 26%] Built target yolo_msgs__rosidl_generator_c
[1.174s] [ 45%] Built target yolo_msgs__rosidl_typesupport_c
[1.174s] [ 46%] Built target yolo_msgs__rosidl_typesupport_introspection_c
[1.183s] [ 63%] Built target yolo_msgs__rosidl_typesupport_cpp
[1.183s] [ 66%] Built target yolo_msgs__rosidl_typesupport_introspection_cpp
[1.185s] [ 75%] Built target yolo_msgs__rosidl_typesupport_fastrtps_c
[1.187s] [ 85%] Built target yolo_msgs__rosidl_typesupport_fastrtps_cpp
[1.202s] [ 85%] Built target yolo_msgs
[1.218s] [ 86%] Built target yolo_msgs__py
[1.253s] [ 96%] Built target yolo_msgs__rosidl_generator_py
[1.258s] running egg_info
[1.268s] writing yolo_msgs.egg-info/PKG-INFO
[1.269s] writing dependency_links to yolo_msgs.egg-info/dependency_links.txt
[1.270s] writing top-level names to yolo_msgs.egg-info/top_level.txt
[1.277s] [ 98%] Built target yolo_msgs_s__rosidl_typesupport_introspection_c
[1.280s] [ 99%] Built target yolo_msgs_s__rosidl_typesupport_c
[1.281s] [100%] Built target yolo_msgs_s__rosidl_typesupport_fastrtps_c
[1.296s] reading manifest file 'yolo_msgs.egg-info/SOURCES.txt'
[1.297s] writing manifest file 'yolo_msgs.egg-info/SOURCES.txt'
[1.319s] [100%] Built target ament_cmake_python_build_yolo_msgs_egg
[1.326s] Invoked command in '/workspaces/build/yolo_msgs' returned '0': CMAKE_PREFIX_PATH=${CMAKE_PREFIX_PATH}:/workspaces/install/yolo_ros:/workspaces/install/wildbot_control:/workspaces/install/handsfree_imu_ros2:/workspaces/install/arm_ik:/robot_ws/install/lidar_pkg:/opt/ros/jazzy /usr/bin/cmake --build /workspaces/build/yolo_msgs -- -j16 -l16
[1.327s] Invoking command in '/workspaces/build/yolo_msgs': CMAKE_PREFIX_PATH=${CMAKE_PREFIX_PATH}:/workspaces/install/yolo_ros:/workspaces/install/wildbot_control:/workspaces/install/handsfree_imu_ros2:/workspaces/install/arm_ik:/robot_ws/install/lidar_pkg:/opt/ros/jazzy /usr/bin/cmake --install /workspaces/build/yolo_msgs
[1.332s] -- Install configuration: ""
[1.332s] -- Execute custom install script
[1.332s] -- Up-to-date symlink: /workspaces/install/yolo_msgs/share/ament_index/resource_index/rosidl_interfaces/yolo_msgs
[1.332s] -- Up-to-date symlink: /workspaces/install/yolo_msgs/share/yolo_msgs/msg/Point2D.json
[1.332s] -- Up-to-date symlink: /workspaces/install/yolo_msgs/share/yolo_msgs/msg/Vector2.json
[1.332s] -- Up-to-date symlink: /workspaces/install/yolo_msgs/share/yolo_msgs/msg/Pose2D.json
[1.332s] -- Up-to-date symlink: /workspaces/install/yolo_msgs/share/yolo_msgs/msg/BoundingBox2D.json
[1.332s] -- Up-to-date symlink: /workspaces/install/yolo_msgs/share/yolo_msgs/msg/BoundingBox3D.json
[1.332s] -- Up-to-date symlink: /workspaces/install/yolo_msgs/share/yolo_msgs/msg/Mask.json
[1.332s] -- Up-to-date symlink: /workspaces/install/yolo_msgs/share/yolo_msgs/msg/KeyPoint2D.json
[1.332s] -- Up-to-date symlink: /workspaces/install/yolo_msgs/share/yolo_msgs/msg/KeyPoint2DArray.json
[1.333s] -- Up-to-date symlink: /workspaces/install/yolo_msgs/share/yolo_msgs/msg/KeyPoint3D.json
[1.333s] -- Up-to-date symlink: /workspaces/install/yolo_msgs/share/yolo_msgs/msg/KeyPoint3DArray.json
[1.333s] -- Up-to-date symlink: /workspaces/install/yolo_msgs/share/yolo_msgs/msg/Detection.json
[1.333s] -- Up-to-date symlink: /workspaces/install/yolo_msgs/share/yolo_msgs/msg/DetectionArray.json
[1.333s] -- Up-to-date symlink: /workspaces/install/yolo_msgs/share/yolo_msgs/srv/SetClasses.json
[1.333s] -- Up-to-date symlink: /workspaces/install/yolo_msgs/include/yolo_msgs/yolo_msgs/msg/bounding_box2_d.h
[1.333s] -- Up-to-date symlink: /workspaces/install/yolo_msgs/include/yolo_msgs/yolo_msgs/msg/bounding_box3_d.h
[1.333s] -- Up-to-date symlink: /workspaces/install/yolo_msgs/include/yolo_msgs/yolo_msgs/msg/detail/bounding_box2_d__functions.h
[1.333s] -- Up-to-date symlink: /workspaces/install/yolo_msgs/include/yolo_msgs/yolo_msgs/msg/detail/bounding_box2_d__struct.h
[1.333s] -- Up-to-date symlink: /workspaces/install/yolo_msgs/include/yolo_msgs/yolo_msgs/msg/detail/bounding_box2_d__type_support.h
[1.334s] -- Up-to-date symlink: /workspaces/install/yolo_msgs/include/yolo_msgs/yolo_msgs/msg/detail/bounding_box3_d__functions.h
[1.334s] -- Up-to-date symlink: /workspaces/install/yolo_msgs/include/yolo_msgs/yolo_msgs/msg/detail/bounding_box3_d__struct.h
[1.334s] -- Up-to-date symlink: /workspaces/install/yolo_msgs/include/yolo_msgs/yolo_msgs/msg/detail/bounding_box3_d__type_support.h
[1.334s] -- Up-to-date symlink: /workspaces/install/yolo_msgs/include/yolo_msgs/yolo_msgs/msg/detail/detection__functions.h
[1.334s] -- Up-to-date symlink: /workspaces/install/yolo_msgs/include/yolo_msgs/yolo_msgs/msg/detail/detection__struct.h
[1.334s] -- Up-to-date symlink: /workspaces/install/yolo_msgs/include/yolo_msgs/yolo_msgs/msg/detail/detection__type_support.h
[1.334s] -- Up-to-date symlink: /workspaces/install/yolo_msgs/include/yolo_msgs/yolo_msgs/msg/detail/detection_array__functions.h
[1.334s] -- Up-to-date symlink: /workspaces/install/yolo_msgs/include/yolo_msgs/yolo_msgs/msg/detail/detection_array__struct.h
[1.334s] -- Up-to-date symlink: /workspaces/install/yolo_msgs/include/yolo_msgs/yolo_msgs/msg/detail/detection_array__type_support.h
[1.334s] -- Up-to-date symlink: /workspaces/install/yolo_msgs/include/yolo_msgs/yolo_msgs/msg/detail/key_point2_d__functions.h
[1.334s] -- Up-to-date symlink: /workspaces/install/yolo_msgs/include/yolo_msgs/yolo_msgs/msg/detail/key_point2_d__struct.h
[1.334s] -- Up-to-date symlink: /workspaces/install/yolo_msgs/include/yolo_msgs/yolo_msgs/msg/detail/key_point2_d__type_support.h
[1.334s] -- Up-to-date symlink: /workspaces/install/yolo_msgs/include/yolo_msgs/yolo_msgs/msg/detail/key_point2_d_array__functions.h
[1.334s] -- Up-to-date symlink: /workspaces/install/yolo_msgs/include/yolo_msgs/yolo_msgs/msg/detail/key_point2_d_array__struct.h
[1.334s] -- Up-to-date symlink: /workspaces/install/yolo_msgs/include/yolo_msgs/yolo_msgs/msg/detail/key_point2_d_array__type_support.h
[1.334s] -- Up-to-date symlink: /workspaces/install/yolo_msgs/include/yolo_msgs/yolo_msgs/msg/detail/key_point3_d__functions.h
[1.334s] -- Up-to-date symlink: /workspaces/install/yolo_msgs/include/yolo_msgs/yolo_msgs/msg/detail/key_point3_d__struct.h
[1.334s] -- Up-to-date symlink: /workspaces/install/yolo_msgs/include/yolo_msgs/yolo_msgs/msg/detail/key_point3_d__type_support.h
[1.334s] -- Up-to-date symlink: /workspaces/install/yolo_msgs/include/yolo_msgs/yolo_msgs/msg/detail/key_point3_d_array__functions.h
[1.334s] -- Up-to-date symlink: /workspaces/install/yolo_msgs/include/yolo_msgs/yolo_msgs/msg/detail/key_point3_d_array__struct.h
[1.334s] -- Up-to-date symlink: /workspaces/install/yolo_msgs/include/yolo_msgs/yolo_msgs/msg/detail/key_point3_d_array__type_support.h
[1.334s] -- Up-to-date symlink: /workspaces/install/yolo_msgs/include/yolo_msgs/yolo_msgs/msg/detail/mask__functions.h
[1.334s] -- Up-to-date symlink: /workspaces/install/yolo_msgs/include/yolo_msgs/yolo_msgs/msg/detail/mask__struct.h
[1.334s] -- Up-to-date symlink: /workspaces/install/yolo_msgs/include/yolo_msgs/yolo_msgs/msg/detail/mask__type_support.h
[1.334s] -- Up-to-date symlink: /workspaces/install/yolo_msgs/include/yolo_msgs/yolo_msgs/msg/detail/point2_d__functions.h
[1.334s] -- Up-to-date symlink: /workspaces/install/yolo_msgs/include/yolo_msgs/yolo_msgs/msg/detail/point2_d__struct.h
[1.335s] -- Up-to-date symlink: /workspaces/install/yolo_msgs/include/yolo_msgs/yolo_msgs/msg/detail/point2_d__type_support.h
[1.335s] -- Up-to-date symlink: /workspaces/install/yolo_msgs/include/yolo_msgs/yolo_msgs/msg/detail/pose2_d__functions.h
[1.335s] -- Up-to-date symlink: /workspaces/install/yolo_msgs/include/yolo_msgs/yolo_msgs/msg/detail/pose2_d__struct.h
[1.335s] -- Up-to-date symlink: /workspaces/install/yolo_msgs/include/yolo_msgs/yolo_msgs/msg/detail/pose2_d__type_support.h
[1.335s] -- Up-to-date symlink: /workspaces/install/yolo_msgs/include/yolo_msgs/yolo_msgs/msg/detail/vector2__functions.h
[1.335s] -- Up-to-date symlink: /workspaces/install/yolo_msgs/include/yolo_msgs/yolo_msgs/msg/detail/vector2__struct.h
[1.335s] -- Up-to-date symlink: /workspaces/install/yolo_msgs/include/yolo_msgs/yolo_msgs/msg/detail/vector2__type_support.h
[1.335s] -- Up-to-date symlink: /workspaces/install/yolo_msgs/include/yolo_msgs/yolo_msgs/msg/detection.h
[1.335s] -- Up-to-date symlink: /workspaces/install/yolo_msgs/include/yolo_msgs/yolo_msgs/msg/detection_array.h
[1.335s] -- Up-to-date symlink: /workspaces/install/yolo_msgs/include/yolo_msgs/yolo_msgs/msg/key_point2_d.h
[1.335s] -- Up-to-date symlink: /workspaces/install/yolo_msgs/include/yolo_msgs/yolo_msgs/msg/key_point2_d_array.h
[1.335s] -- Up-to-date symlink: /workspaces/install/yolo_msgs/include/yolo_msgs/yolo_msgs/msg/key_point3_d.h
[1.335s] -- Up-to-date symlink: /workspaces/install/yolo_msgs/include/yolo_msgs/yolo_msgs/msg/key_point3_d_array.h
[1.335s] -- Up-to-date symlink: /workspaces/install/yolo_msgs/include/yolo_msgs/yolo_msgs/msg/mask.h
[1.335s] -- Up-to-date symlink: /workspaces/install/yolo_msgs/include/yolo_msgs/yolo_msgs/msg/point2_d.h
[1.335s] -- Up-to-date symlink: /workspaces/install/yolo_msgs/include/yolo_msgs/yolo_msgs/msg/pose2_d.h
[1.335s] -- Up-to-date symlink: /workspaces/install/yolo_msgs/include/yolo_msgs/yolo_msgs/msg/rosidl_generator_c__visibility_control.h
[1.335s] -- Up-to-date symlink: /workspaces/install/yolo_msgs/include/yolo_msgs/yolo_msgs/msg/vector2.h
[1.335s] -- Up-to-date symlink: /workspaces/install/yolo_msgs/include/yolo_msgs/yolo_msgs/srv/detail/set_classes__functions.h
[1.335s] -- Up-to-date symlink: /workspaces/install/yolo_msgs/include/yolo_msgs/yolo_msgs/srv/detail/set_classes__struct.h
[1.335s] -- Up-to-date symlink: /workspaces/install/yolo_msgs/include/yolo_msgs/yolo_msgs/srv/detail/set_classes__type_support.h
[1.335s] -- Up-to-date symlink: /workspaces/install/yolo_msgs/include/yolo_msgs/yolo_msgs/srv/set_classes.h
[1.335s] -- Up-to-date symlink: /workspaces/install/yolo_msgs/share/yolo_msgs/environment/library_path.sh
[1.335s] -- Up-to-date symlink: /workspaces/install/yolo_msgs/share/yolo_msgs/environment/library_path.dsv
[1.336s] -- Up-to-date symlink: /workspaces/install/yolo_msgs/include/yolo_msgs/yolo_msgs/msg/detail/bounding_box2_d__rosidl_typesupport_fastrtps_c.h
[1.336s] -- Up-to-date symlink: /workspaces/install/yolo_msgs/include/yolo_msgs/yolo_msgs/msg/detail/bounding_box3_d__rosidl_typesupport_fastrtps_c.h
[1.336s] -- Up-to-date symlink: /workspaces/install/yolo_msgs/include/yolo_msgs/yolo_msgs/msg/detail/detection__rosidl_typesupport_fastrtps_c.h
[1.336s] -- Up-to-date symlink: /workspaces/install/yolo_msgs/include/yolo_msgs/yolo_msgs/msg/detail/detection_array__rosidl_typesupport_fastrtps_c.h
[1.336s] -- Up-to-date symlink: /workspaces/install/yolo_msgs/include/yolo_msgs/yolo_msgs/msg/detail/key_point2_d__rosidl_typesupport_fastrtps_c.h
[1.336s] -- Up-to-date symlink: /workspaces/install/yolo_msgs/include/yolo_msgs/yolo_msgs/msg/detail/key_point2_d_array__rosidl_typesupport_fastrtps_c.h
[1.336s] -- Up-to-date symlink: /workspaces/install/yolo_msgs/include/yolo_msgs/yolo_msgs/msg/detail/key_point3_d__rosidl_typesupport_fastrtps_c.h
[1.336s] -- Up-to-date symlink: /workspaces/install/yolo_msgs/include/yolo_msgs/yolo_msgs/msg/detail/key_point3_d_array__rosidl_typesupport_fastrtps_c.h
[1.336s] -- Up-to-date symlink: /workspaces/install/yolo_msgs/include/yolo_msgs/yolo_msgs/msg/detail/mask__rosidl_typesupport_fastrtps_c.h
[1.336s] -- Up-to-date symlink: /workspaces/install/yolo_msgs/include/yolo_msgs/yolo_msgs/msg/detail/point2_d__rosidl_typesupport_fastrtps_c.h
[1.336s] -- Up-to-date symlink: /workspaces/install/yolo_msgs/include/yolo_msgs/yolo_msgs/msg/detail/pose2_d__rosidl_typesupport_fastrtps_c.h
[1.336s] -- Up-to-date symlink: /workspaces/install/yolo_msgs/include/yolo_msgs/yolo_msgs/msg/detail/vector2__rosidl_typesupport_fastrtps_c.h
[1.336s] -- Up-to-date symlink: /workspaces/install/yolo_msgs/include/yolo_msgs/yolo_msgs/msg/rosidl_typesupport_fastrtps_c__visibility_control.h
[1.336s] -- Up-to-date symlink: /workspaces/install/yolo_msgs/include/yolo_msgs/yolo_msgs/srv/detail/set_classes__rosidl_typesupport_fastrtps_c.h
[1.337s] -- Up-to-date symlink: /workspaces/install/yolo_msgs/include/yolo_msgs/yolo_msgs/msg/detail/bounding_box2_d__rosidl_typesupport_introspection_c.h
[1.337s] -- Up-to-date symlink: /workspaces/install/yolo_msgs/include/yolo_msgs/yolo_msgs/msg/detail/bounding_box3_d__rosidl_typesupport_introspection_c.h
[1.337s] -- Up-to-date symlink: /workspaces/install/yolo_msgs/include/yolo_msgs/yolo_msgs/msg/detail/detection__rosidl_typesupport_introspection_c.h
[1.337s] -- Up-to-date symlink: /workspaces/install/yolo_msgs/include/yolo_msgs/yolo_msgs/msg/detail/detection_array__rosidl_typesupport_introspection_c.h
[1.337s] -- Up-to-date symlink: /workspaces/install/yolo_msgs/include/yolo_msgs/yolo_msgs/msg/detail/key_point2_d__rosidl_typesupport_introspection_c.h
[1.337s] -- Up-to-date symlink: /workspaces/install/yolo_msgs/include/yolo_msgs/yolo_msgs/msg/detail/key_point2_d_array__rosidl_typesupport_introspection_c.h
[1.337s] -- Up-to-date symlink: /workspaces/install/yolo_msgs/include/yolo_msgs/yolo_msgs/msg/detail/key_point3_d__rosidl_typesupport_introspection_c.h
[1.337s] -- Up-to-date symlink: /workspaces/install/yolo_msgs/include/yolo_msgs/yolo_msgs/msg/detail/key_point3_d_array__rosidl_typesupport_introspection_c.h
[1.337s] -- Up-to-date symlink: /workspaces/install/yolo_msgs/include/yolo_msgs/yolo_msgs/msg/detail/mask__rosidl_typesupport_introspection_c.h
[1.337s] -- Up-to-date symlink: /workspaces/install/yolo_msgs/include/yolo_msgs/yolo_msgs/msg/detail/point2_d__rosidl_typesupport_introspection_c.h
[1.337s] -- Up-to-date symlink: /workspaces/install/yolo_msgs/include/yolo_msgs/yolo_msgs/msg/detail/pose2_d__rosidl_typesupport_introspection_c.h
[1.337s] -- Up-to-date symlink: /workspaces/install/yolo_msgs/include/yolo_msgs/yolo_msgs/msg/detail/vector2__rosidl_typesupport_introspection_c.h
[1.337s] -- Up-to-date symlink: /workspaces/install/yolo_msgs/include/yolo_msgs/yolo_msgs/msg/rosidl_typesupport_introspection_c__visibility_control.h
[1.337s] -- Up-to-date symlink: /workspaces/install/yolo_msgs/include/yolo_msgs/yolo_msgs/srv/detail/set_classes__rosidl_typesupport_introspection_c.h
[1.337s] -- Up-to-date symlink: /workspaces/install/yolo_msgs/include/yolo_msgs/yolo_msgs/msg/bounding_box2_d.hpp
[1.338s] -- Up-to-date symlink: /workspaces/install/yolo_msgs/include/yolo_msgs/yolo_msgs/msg/bounding_box3_d.hpp
[1.338s] -- Up-to-date symlink: /workspaces/install/yolo_msgs/include/yolo_msgs/yolo_msgs/msg/detail/bounding_box2_d__builder.hpp
[1.338s] -- Up-to-date symlink: /workspaces/install/yolo_msgs/include/yolo_msgs/yolo_msgs/msg/detail/bounding_box2_d__struct.hpp
[1.338s] -- Up-to-date symlink: /workspaces/install/yolo_msgs/include/yolo_msgs/yolo_msgs/msg/detail/bounding_box2_d__traits.hpp
[1.338s] -- Up-to-date symlink: /workspaces/install/yolo_msgs/include/yolo_msgs/yolo_msgs/msg/detail/bounding_box2_d__type_support.hpp
[1.338s] -- Up-to-date symlink: /workspaces/install/yolo_msgs/include/yolo_msgs/yolo_msgs/msg/detail/bounding_box3_d__builder.hpp
[1.338s] -- Up-to-date symlink: /workspaces/install/yolo_msgs/include/yolo_msgs/yolo_msgs/msg/detail/bounding_box3_d__struct.hpp
[1.338s] -- Up-to-date symlink: /workspaces/install/yolo_msgs/include/yolo_msgs/yolo_msgs/msg/detail/bounding_box3_d__traits.hpp
[1.338s] -- Up-to-date symlink: /workspaces/install/yolo_msgs/include/yolo_msgs/yolo_msgs/msg/detail/bounding_box3_d__type_support.hpp
[1.338s] -- Up-to-date symlink: /workspaces/install/yolo_msgs/include/yolo_msgs/yolo_msgs/msg/detail/detection__builder.hpp
[1.338s] -- Up-to-date symlink: /workspaces/install/yolo_msgs/include/yolo_msgs/yolo_msgs/msg/detail/detection__struct.hpp
[1.338s] -- Up-to-date symlink: /workspaces/install/yolo_msgs/include/yolo_msgs/yolo_msgs/msg/detail/detection__traits.hpp
[1.338s] -- Up-to-date symlink: /workspaces/install/yolo_msgs/include/yolo_msgs/yolo_msgs/msg/detail/detection__type_support.hpp
[1.338s] -- Up-to-date symlink: /workspaces/install/yolo_msgs/include/yolo_msgs/yolo_msgs/msg/detail/detection_array__builder.hpp
[1.338s] -- Up-to-date symlink: /workspaces/install/yolo_msgs/include/yolo_msgs/yolo_msgs/msg/detail/detection_array__struct.hpp
[1.338s] -- Up-to-date symlink: /workspaces/install/yolo_msgs/include/yolo_msgs/yolo_msgs/msg/detail/detection_array__traits.hpp
[1.338s] -- Up-to-date symlink: /workspaces/install/yolo_msgs/include/yolo_msgs/yolo_msgs/msg/detail/detection_array__type_support.hpp
[1.338s] -- Up-to-date symlink: /workspaces/install/yolo_msgs/include/yolo_msgs/yolo_msgs/msg/detail/key_point2_d__builder.hpp
[1.338s] -- Up-to-date symlink: /workspaces/install/yolo_msgs/include/yolo_msgs/yolo_msgs/msg/detail/key_point2_d__struct.hpp
[1.338s] -- Up-to-date symlink: /workspaces/install/yolo_msgs/include/yolo_msgs/yolo_msgs/msg/detail/key_point2_d__traits.hpp
[1.339s] -- Up-to-date symlink: /workspaces/install/yolo_msgs/include/yolo_msgs/yolo_msgs/msg/detail/key_point2_d__type_support.hpp
[1.339s] -- Up-to-date symlink: /workspaces/install/yolo_msgs/include/yolo_msgs/yolo_msgs/msg/detail/key_point2_d_array__builder.hpp
[1.339s] -- Up-to-date symlink: /workspaces/install/yolo_msgs/include/yolo_msgs/yolo_msgs/msg/detail/key_point2_d_array__struct.hpp
[1.339s] -- Up-to-date symlink: /workspaces/install/yolo_msgs/include/yolo_msgs/yolo_msgs/msg/detail/key_point2_d_array__traits.hpp
[1.339s] -- Up-to-date symlink: /workspaces/install/yolo_msgs/include/yolo_msgs/yolo_msgs/msg/detail/key_point2_d_array__type_support.hpp
[1.339s] -- Up-to-date symlink: /workspaces/install/yolo_msgs/include/yolo_msgs/yolo_msgs/msg/detail/key_point3_d__builder.hpp
[1.339s] -- Up-to-date symlink: /workspaces/install/yolo_msgs/include/yolo_msgs/yolo_msgs/msg/detail/key_point3_d__struct.hpp
[1.339s] -- Up-to-date symlink: /workspaces/install/yolo_msgs/include/yolo_msgs/yolo_msgs/msg/detail/key_point3_d__traits.hpp
[1.339s] -- Up-to-date symlink: /workspaces/install/yolo_msgs/include/yolo_msgs/yolo_msgs/msg/detail/key_point3_d__type_support.hpp
[1.339s] -- Up-to-date symlink: /workspaces/install/yolo_msgs/include/yolo_msgs/yolo_msgs/msg/detail/key_point3_d_array__builder.hpp
[1.339s] -- Up-to-date symlink: /workspaces/install/yolo_msgs/include/yolo_msgs/yolo_msgs/msg/detail/key_point3_d_array__struct.hpp
[1.339s] -- Up-to-date symlink: /workspaces/install/yolo_msgs/include/yolo_msgs/yolo_msgs/msg/detail/key_point3_d_array__traits.hpp
[1.339s] -- Up-to-date symlink: /workspaces/install/yolo_msgs/include/yolo_msgs/yolo_msgs/msg/detail/key_point3_d_array__type_support.hpp
[1.339s] -- Up-to-date symlink: /workspaces/install/yolo_msgs/include/yolo_msgs/yolo_msgs/msg/detail/mask__builder.hpp
[1.339s] -- Up-to-date symlink: /workspaces/install/yolo_msgs/include/yolo_msgs/yolo_msgs/msg/detail/mask__struct.hpp
[1.339s] -- Up-to-date symlink: /workspaces/install/yolo_msgs/include/yolo_msgs/yolo_msgs/msg/detail/mask__traits.hpp
[1.339s] -- Up-to-date symlink: /workspaces/install/yolo_msgs/include/yolo_msgs/yolo_msgs/msg/detail/mask__type_support.hpp
[1.339s] -- Up-to-date symlink: /workspaces/install/yolo_msgs/include/yolo_msgs/yolo_msgs/msg/detail/point2_d__builder.hpp
[1.339s] -- Up-to-date symlink: /workspaces/install/yolo_msgs/include/yolo_msgs/yolo_msgs/msg/detail/point2_d__struct.hpp
[1.339s] -- Up-to-date symlink: /workspaces/install/yolo_msgs/include/yolo_msgs/yolo_msgs/msg/detail/point2_d__traits.hpp
[1.339s] -- Up-to-date symlink: /workspaces/install/yolo_msgs/include/yolo_msgs/yolo_msgs/msg/detail/point2_d__type_support.hpp
[1.339s] -- Up-to-date symlink: /workspaces/install/yolo_msgs/include/yolo_msgs/yolo_msgs/msg/detail/pose2_d__builder.hpp
[1.339s] -- Up-to-date symlink: /workspaces/install/yolo_msgs/include/yolo_msgs/yolo_msgs/msg/detail/pose2_d__struct.hpp
[1.339s] -- Up-to-date symlink: /workspaces/install/yolo_msgs/include/yolo_msgs/yolo_msgs/msg/detail/pose2_d__traits.hpp
[1.340s] -- Up-to-date symlink: /workspaces/install/yolo_msgs/include/yolo_msgs/yolo_msgs/msg/detail/pose2_d__type_support.hpp
[1.340s] -- Up-to-date symlink: /workspaces/install/yolo_msgs/include/yolo_msgs/yolo_msgs/msg/detail/vector2__builder.hpp
[1.340s] -- Up-to-date symlink: /workspaces/install/yolo_msgs/include/yolo_msgs/yolo_msgs/msg/detail/vector2__struct.hpp
[1.340s] -- Up-to-date symlink: /workspaces/install/yolo_msgs/include/yolo_msgs/yolo_msgs/msg/detail/vector2__traits.hpp
[1.340s] -- Up-to-date symlink: /workspaces/install/yolo_msgs/include/yolo_msgs/yolo_msgs/msg/detail/vector2__type_support.hpp
[1.340s] -- Up-to-date symlink: /workspaces/install/yolo_msgs/include/yolo_msgs/yolo_msgs/msg/detection.hpp
[1.340s] -- Up-to-date symlink: /workspaces/install/yolo_msgs/include/yolo_msgs/yolo_msgs/msg/detection_array.hpp
[1.340s] -- Up-to-date symlink: /workspaces/install/yolo_msgs/include/yolo_msgs/yolo_msgs/msg/key_point2_d.hpp
[1.340s] -- Up-to-date symlink: /workspaces/install/yolo_msgs/include/yolo_msgs/yolo_msgs/msg/key_point2_d_array.hpp
[1.340s] -- Up-to-date symlink: /workspaces/install/yolo_msgs/include/yolo_msgs/yolo_msgs/msg/key_point3_d.hpp
[1.340s] -- Up-to-date symlink: /workspaces/install/yolo_msgs/include/yolo_msgs/yolo_msgs/msg/key_point3_d_array.hpp
[1.340s] -- Up-to-date symlink: /workspaces/install/yolo_msgs/include/yolo_msgs/yolo_msgs/msg/mask.hpp
[1.340s] -- Up-to-date symlink: /workspaces/install/yolo_msgs/include/yolo_msgs/yolo_msgs/msg/point2_d.hpp
[1.340s] -- Up-to-date symlink: /workspaces/install/yolo_msgs/include/yolo_msgs/yolo_msgs/msg/pose2_d.hpp
[1.340s] -- Up-to-date symlink: /workspaces/install/yolo_msgs/include/yolo_msgs/yolo_msgs/msg/rosidl_generator_cpp__visibility_control.hpp
[1.340s] -- Up-to-date symlink: /workspaces/install/yolo_msgs/include/yolo_msgs/yolo_msgs/msg/vector2.hpp
[1.340s] -- Up-to-date symlink: /workspaces/install/yolo_msgs/include/yolo_msgs/yolo_msgs/srv/detail/set_classes__builder.hpp
[1.340s] -- Up-to-date symlink: /workspaces/install/yolo_msgs/include/yolo_msgs/yolo_msgs/srv/detail/set_classes__struct.hpp
[1.340s] -- Up-to-date symlink: /workspaces/install/yolo_msgs/include/yolo_msgs/yolo_msgs/srv/detail/set_classes__traits.hpp
[1.340s] -- Up-to-date symlink: /workspaces/install/yolo_msgs/include/yolo_msgs/yolo_msgs/srv/detail/set_classes__type_support.hpp
[1.340s] -- Up-to-date symlink: /workspaces/install/yolo_msgs/include/yolo_msgs/yolo_msgs/srv/set_classes.hpp
[1.340s] -- Up-to-date symlink: /workspaces/install/yolo_msgs/include/yolo_msgs/yolo_msgs/msg/detail/bounding_box2_d__rosidl_typesupport_fastrtps_cpp.hpp
[1.340s] -- Up-to-date symlink: /workspaces/install/yolo_msgs/include/yolo_msgs/yolo_msgs/msg/detail/bounding_box3_d__rosidl_typesupport_fastrtps_cpp.hpp
[1.341s] -- Up-to-date symlink: /workspaces/install/yolo_msgs/include/yolo_msgs/yolo_msgs/msg/detail/detection__rosidl_typesupport_fastrtps_cpp.hpp
[1.341s] -- Up-to-date symlink: /workspaces/install/yolo_msgs/include/yolo_msgs/yolo_msgs/msg/detail/detection_array__rosidl_typesupport_fastrtps_cpp.hpp
[1.341s] -- Up-to-date symlink: /workspaces/install/yolo_msgs/include/yolo_msgs/yolo_msgs/msg/detail/key_point2_d__rosidl_typesupport_fastrtps_cpp.hpp
[1.341s] -- Up-to-date symlink: /workspaces/install/yolo_msgs/include/yolo_msgs/yolo_msgs/msg/detail/key_point2_d_array__rosidl_typesupport_fastrtps_cpp.hpp
[1.341s] -- Up-to-date symlink: /workspaces/install/yolo_msgs/include/yolo_msgs/yolo_msgs/msg/detail/key_point3_d__rosidl_typesupport_fastrtps_cpp.hpp
[1.341s] -- Up-to-date symlink: /workspaces/install/yolo_msgs/include/yolo_msgs/yolo_msgs/msg/detail/key_point3_d_array__rosidl_typesupport_fastrtps_cpp.hpp
[1.341s] -- Up-to-date symlink: /workspaces/install/yolo_msgs/include/yolo_msgs/yolo_msgs/msg/detail/mask__rosidl_typesupport_fastrtps_cpp.hpp
[1.341s] -- Up-to-date symlink: /workspaces/install/yolo_msgs/include/yolo_msgs/yolo_msgs/msg/detail/point2_d__rosidl_typesupport_fastrtps_cpp.hpp
[1.341s] -- Up-to-date symlink: /workspaces/install/yolo_msgs/include/yolo_msgs/yolo_msgs/msg/detail/pose2_d__rosidl_typesupport_fastrtps_cpp.hpp
[1.341s] -- Up-to-date symlink: /workspaces/install/yolo_msgs/include/yolo_msgs/yolo_msgs/msg/detail/vector2__rosidl_typesupport_fastrtps_cpp.hpp
[1.341s] -- Up-to-date symlink: /workspaces/install/yolo_msgs/include/yolo_msgs/yolo_msgs/msg/rosidl_typesupport_fastrtps_cpp__visibility_control.h
[1.341s] -- Up-to-date symlink: /workspaces/install/yolo_msgs/include/yolo_msgs/yolo_msgs/srv/detail/set_classes__rosidl_typesupport_fastrtps_cpp.hpp
[1.341s] -- Up-to-date symlink: /workspaces/install/yolo_msgs/include/yolo_msgs/yolo_msgs/msg/detail/bounding_box2_d__rosidl_typesupport_introspection_cpp.hpp
[1.341s] -- Up-to-date symlink: /workspaces/install/yolo_msgs/include/yolo_msgs/yolo_msgs/msg/detail/bounding_box3_d__rosidl_typesupport_introspection_cpp.hpp
[1.341s] -- Up-to-date symlink: /workspaces/install/yolo_msgs/include/yolo_msgs/yolo_msgs/msg/detail/detection__rosidl_typesupport_introspection_cpp.hpp
[1.341s] -- Up-to-date symlink: /workspaces/install/yolo_msgs/include/yolo_msgs/yolo_msgs/msg/detail/detection_array__rosidl_typesupport_introspection_cpp.hpp
[1.341s] -- Up-to-date symlink: /workspaces/install/yolo_msgs/include/yolo_msgs/yolo_msgs/msg/detail/key_point2_d__rosidl_typesupport_introspection_cpp.hpp
[1.341s] -- Up-to-date symlink: /workspaces/install/yolo_msgs/include/yolo_msgs/yolo_msgs/msg/detail/key_point2_d_array__rosidl_typesupport_introspection_cpp.hpp
[1.342s] -- Up-to-date symlink: /workspaces/install/yolo_msgs/include/yolo_msgs/yolo_msgs/msg/detail/key_point3_d__rosidl_typesupport_introspection_cpp.hpp
[1.342s] -- Up-to-date symlink: /workspaces/install/yolo_msgs/include/yolo_msgs/yolo_msgs/msg/detail/key_point3_d_array__rosidl_typesupport_introspection_cpp.hpp
[1.342s] -- Up-to-date symlink: /workspaces/install/yolo_msgs/include/yolo_msgs/yolo_msgs/msg/detail/mask__rosidl_typesupport_introspection_cpp.hpp
[1.342s] -- Up-to-date symlink: /workspaces/install/yolo_msgs/include/yolo_msgs/yolo_msgs/msg/detail/point2_d__rosidl_typesupport_introspection_cpp.hpp
[1.342s] -- Up-to-date symlink: /workspaces/install/yolo_msgs/include/yolo_msgs/yolo_msgs/msg/detail/pose2_d__rosidl_typesupport_introspection_cpp.hpp
[1.342s] -- Up-to-date symlink: /workspaces/install/yolo_msgs/include/yolo_msgs/yolo_msgs/msg/detail/vector2__rosidl_typesupport_introspection_cpp.hpp
[1.342s] -- Up-to-date symlink: /workspaces/install/yolo_msgs/include/yolo_msgs/yolo_msgs/srv/detail/set_classes__rosidl_typesupport_introspection_cpp.hpp
[1.342s] -- Up-to-date symlink: /workspaces/install/yolo_msgs/share/yolo_msgs/environment/pythonpath.sh
[1.342s] -- Up-to-date symlink: /workspaces/install/yolo_msgs/share/yolo_msgs/environment/pythonpath.dsv
[1.342s] -- Up-to-date symlink: /workspaces/install/yolo_msgs/lib/python3.12/site-packages/yolo_msgs-4.6.0-py3.12.egg-info/PKG-INFO
[1.342s] -- Up-to-date symlink: /workspaces/install/yolo_msgs/lib/python3.12/site-packages/yolo_msgs-4.6.0-py3.12.egg-info/SOURCES.txt
[1.342s] -- Up-to-date symlink: /workspaces/install/yolo_msgs/lib/python3.12/site-packages/yolo_msgs-4.6.0-py3.12.egg-info/dependency_links.txt
[1.342s] -- Up-to-date symlink: /workspaces/install/yolo_msgs/lib/python3.12/site-packages/yolo_msgs-4.6.0-py3.12.egg-info/top_level.txt
[1.342s] -- Up-to-date symlink: /workspaces/install/yolo_msgs/lib/python3.12/site-packages/yolo_msgs/__init__.py
[1.342s] -- Up-to-date symlink: /workspaces/install/yolo_msgs/lib/python3.12/site-packages/yolo_msgs/_yolo_msgs_s.ep.rosidl_typesupport_c.c
[1.343s] -- Up-to-date symlink: /workspaces/install/yolo_msgs/lib/python3.12/site-packages/yolo_msgs/_yolo_msgs_s.ep.rosidl_typesupport_fastrtps_c.c
[1.343s] -- Up-to-date symlink: /workspaces/install/yolo_msgs/lib/python3.12/site-packages/yolo_msgs/_yolo_msgs_s.ep.rosidl_typesupport_introspection_c.c
[1.343s] -- Up-to-date symlink: /workspaces/install/yolo_msgs/lib/python3.12/site-packages/yolo_msgs/msg/__init__.py
[1.343s] -- Up-to-date symlink: /workspaces/install/yolo_msgs/lib/python3.12/site-packages/yolo_msgs/msg/_bounding_box2_d.py
[1.343s] -- Up-to-date symlink: /workspaces/install/yolo_msgs/lib/python3.12/site-packages/yolo_msgs/msg/_bounding_box2_d_s.c
[1.343s] -- Up-to-date symlink: /workspaces/install/yolo_msgs/lib/python3.12/site-packages/yolo_msgs/msg/_bounding_box3_d.py
[1.343s] -- Up-to-date symlink: /workspaces/install/yolo_msgs/lib/python3.12/site-packages/yolo_msgs/msg/_bounding_box3_d_s.c
[1.343s] -- Up-to-date symlink: /workspaces/install/yolo_msgs/lib/python3.12/site-packages/yolo_msgs/msg/_detection.py
[1.343s] -- Up-to-date symlink: /workspaces/install/yolo_msgs/lib/python3.12/site-packages/yolo_msgs/msg/_detection_array.py
[1.343s] -- Up-to-date symlink: /workspaces/install/yolo_msgs/lib/python3.12/site-packages/yolo_msgs/msg/_detection_array_s.c
[1.343s] -- Up-to-date symlink: /workspaces/install/yolo_msgs/lib/python3.12/site-packages/yolo_msgs/msg/_detection_s.c
[1.343s] -- Up-to-date symlink: /workspaces/install/yolo_msgs/lib/python3.12/site-packages/yolo_msgs/msg/_key_point2_d.py
[1.343s] -- Up-to-date symlink: /workspaces/install/yolo_msgs/lib/python3.12/site-packages/yolo_msgs/msg/_key_point2_d_array.py
[1.343s] -- Up-to-date symlink: /workspaces/install/yolo_msgs/lib/python3.12/site-packages/yolo_msgs/msg/_key_point2_d_array_s.c
[1.343s] -- Up-to-date symlink: /workspaces/install/yolo_msgs/lib/python3.12/site-packages/yolo_msgs/msg/_key_point2_d_s.c
[1.343s] -- Up-to-date symlink: /workspaces/install/yolo_msgs/lib/python3.12/site-packages/yolo_msgs/msg/_key_point3_d.py
[1.343s] -- Up-to-date symlink: /workspaces/install/yolo_msgs/lib/python3.12/site-packages/yolo_msgs/msg/_key_point3_d_array.py
[1.343s] -- Up-to-date symlink: /workspaces/install/yolo_msgs/lib/python3.12/site-packages/yolo_msgs/msg/_key_point3_d_array_s.c
[1.343s] -- Up-to-date symlink: /workspaces/install/yolo_msgs/lib/python3.12/site-packages/yolo_msgs/msg/_key_point3_d_s.c
[1.343s] -- Up-to-date symlink: /workspaces/install/yolo_msgs/lib/python3.12/site-packages/yolo_msgs/msg/_mask.py
[1.343s] -- Up-to-date symlink: /workspaces/install/yolo_msgs/lib/python3.12/site-packages/yolo_msgs/msg/_mask_s.c
[1.343s] -- Up-to-date symlink: /workspaces/install/yolo_msgs/lib/python3.12/site-packages/yolo_msgs/msg/_point2_d.py
[1.343s] -- Up-to-date symlink: /workspaces/install/yolo_msgs/lib/python3.12/site-packages/yolo_msgs/msg/_point2_d_s.c
[1.344s] -- Up-to-date symlink: /workspaces/install/yolo_msgs/lib/python3.12/site-packages/yolo_msgs/msg/_pose2_d.py
[1.344s] -- Up-to-date symlink: /workspaces/install/yolo_msgs/lib/python3.12/site-packages/yolo_msgs/msg/_pose2_d_s.c
[1.344s] -- Up-to-date symlink: /workspaces/install/yolo_msgs/lib/python3.12/site-packages/yolo_msgs/msg/_vector2.py
[1.344s] -- Up-to-date symlink: /workspaces/install/yolo_msgs/lib/python3.12/site-packages/yolo_msgs/msg/_vector2_s.c
[1.344s] -- Up-to-date symlink: /workspaces/install/yolo_msgs/lib/python3.12/site-packages/yolo_msgs/srv/__init__.py
[1.344s] -- Up-to-date symlink: /workspaces/install/yolo_msgs/lib/python3.12/site-packages/yolo_msgs/srv/_set_classes.py
[1.344s] -- Up-to-date symlink: /workspaces/install/yolo_msgs/lib/python3.12/site-packages/yolo_msgs/srv/_set_classes_s.c
[1.344s] -- Up-to-date symlink: /workspaces/install/yolo_msgs/lib/python3.12/site-packages/yolo_msgs/yolo_msgs_s__rosidl_typesupport_c.so
[1.344s] -- Up-to-date symlink: /workspaces/install/yolo_msgs/lib/python3.12/site-packages/yolo_msgs/yolo_msgs_s__rosidl_typesupport_fastrtps_c.so
[1.344s] -- Up-to-date symlink: /workspaces/install/yolo_msgs/lib/python3.12/site-packages/yolo_msgs/yolo_msgs_s__rosidl_typesupport_introspection_c.so
[1.344s] -- Up-to-date symlink: /workspaces/install/yolo_msgs/lib/python3.12/site-packages/yolo_msgs/yolo_msgs_s__rosidl_typesupport_fastrtps_c.so
[1.344s] -- Up-to-date symlink: /workspaces/install/yolo_msgs/lib/python3.12/site-packages/yolo_msgs/yolo_msgs_s__rosidl_typesupport_introspection_c.so
[1.344s] -- Up-to-date symlink: /workspaces/install/yolo_msgs/lib/python3.12/site-packages/yolo_msgs/yolo_msgs_s__rosidl_typesupport_c.so
[1.344s] -- Up-to-date symlink: /workspaces/install/yolo_msgs/share/yolo_msgs/msg/Point2D.idl
[1.344s] -- Up-to-date symlink: /workspaces/install/yolo_msgs/share/yolo_msgs/msg/Vector2.idl
[1.344s] -- Up-to-date symlink: /workspaces/install/yolo_msgs/share/yolo_msgs/msg/Pose2D.idl
[1.344s] -- Up-to-date symlink: /workspaces/install/yolo_msgs/share/yolo_msgs/msg/BoundingBox2D.idl
[1.344s] -- Up-to-date symlink: /workspaces/install/yolo_msgs/share/yolo_msgs/msg/BoundingBox3D.idl
[1.344s] -- Up-to-date symlink: /workspaces/install/yolo_msgs/share/yolo_msgs/msg/Mask.idl
[1.344s] -- Up-to-date symlink: /workspaces/install/yolo_msgs/share/yolo_msgs/msg/KeyPoint2D.idl
[1.345s] -- Up-to-date symlink: /workspaces/install/yolo_msgs/share/yolo_msgs/msg/KeyPoint2DArray.idl
[1.345s] -- Up-to-date symlink: /workspaces/install/yolo_msgs/share/yolo_msgs/msg/KeyPoint3D.idl
[1.345s] -- Up-to-date symlink: /workspaces/install/yolo_msgs/share/yolo_msgs/msg/KeyPoint3DArray.idl
[1.345s] -- Up-to-date symlink: /workspaces/install/yolo_msgs/share/yolo_msgs/msg/Detection.idl
[1.345s] -- Up-to-date symlink: /workspaces/install/yolo_msgs/share/yolo_msgs/msg/DetectionArray.idl
[1.345s] -- Up-to-date symlink: /workspaces/install/yolo_msgs/share/yolo_msgs/srv/SetClasses.idl
[1.345s] -- Up-to-date symlink: /workspaces/install/yolo_msgs/share/yolo_msgs/msg/Point2D.msg
[1.345s] -- Up-to-date symlink: /workspaces/install/yolo_msgs/share/yolo_msgs/msg/Vector2.msg
[1.345s] -- Up-to-date symlink: /workspaces/install/yolo_msgs/share/yolo_msgs/msg/Pose2D.msg
[1.345s] -- Up-to-date symlink: /workspaces/install/yolo_msgs/share/yolo_msgs/msg/BoundingBox2D.msg
[1.345s] -- Up-to-date symlink: /workspaces/install/yolo_msgs/share/yolo_msgs/msg/BoundingBox3D.msg
[1.345s] -- Up-to-date symlink: /workspaces/install/yolo_msgs/share/yolo_msgs/msg/Mask.msg
[1.345s] -- Up-to-date symlink: /workspaces/install/yolo_msgs/share/yolo_msgs/msg/KeyPoint2D.msg
[1.345s] -- Up-to-date symlink: /workspaces/install/yolo_msgs/share/yolo_msgs/msg/KeyPoint2DArray.msg
[1.345s] -- Up-to-date symlink: /workspaces/install/yolo_msgs/share/yolo_msgs/msg/KeyPoint3D.msg
[1.345s] -- Up-to-date symlink: /workspaces/install/yolo_msgs/share/yolo_msgs/msg/KeyPoint3DArray.msg
[1.345s] -- Up-to-date symlink: /workspaces/install/yolo_msgs/share/yolo_msgs/msg/Detection.msg
[1.345s] -- Up-to-date symlink: /workspaces/install/yolo_msgs/share/yolo_msgs/msg/DetectionArray.msg
[1.346s] -- Up-to-date symlink: /workspaces/install/yolo_msgs/share/yolo_msgs/srv/SetClasses.srv
[1.346s] -- Up-to-date symlink: /workspaces/install/yolo_msgs/share/ament_index/resource_index/package_run_dependencies/yolo_msgs
[1.346s] -- Up-to-date symlink: /workspaces/install/yolo_msgs/share/ament_index/resource_index/parent_prefix_path/yolo_msgs
[1.346s] -- Up-to-date symlink: /workspaces/install/yolo_msgs/share/yolo_msgs/environment/ament_prefix_path.sh
[1.346s] -- Up-to-date symlink: /workspaces/install/yolo_msgs/share/yolo_msgs/environment/ament_prefix_path.dsv
[1.346s] -- Up-to-date symlink: /workspaces/install/yolo_msgs/share/yolo_msgs/environment/path.sh
[1.346s] -- Up-to-date symlink: /workspaces/install/yolo_msgs/share/yolo_msgs/environment/path.dsv
[1.346s] -- Up-to-date symlink: /workspaces/install/yolo_msgs/share/yolo_msgs/local_setup.bash
[1.346s] -- Up-to-date symlink: /workspaces/install/yolo_msgs/share/yolo_msgs/local_setup.sh
[1.346s] -- Up-to-date symlink: /workspaces/install/yolo_msgs/share/yolo_msgs/local_setup.zsh
[1.346s] -- Up-to-date symlink: /workspaces/install/yolo_msgs/share/yolo_msgs/local_setup.dsv
[1.346s] -- Symlinking: /workspaces/install/yolo_msgs/share/yolo_msgs/package.dsv
[1.353s] -- Up-to-date symlink: /workspaces/install/yolo_msgs/share/ament_index/resource_index/packages/yolo_msgs
[1.353s] -- Up-to-date symlink: /workspaces/install/yolo_msgs/share/yolo_msgs/cmake/rosidl_cmake-extras.cmake
[1.353s] -- Up-to-date symlink: /workspaces/install/yolo_msgs/share/yolo_msgs/cmake/ament_cmake_export_dependencies-extras.cmake
[1.353s] -- Up-to-date symlink: /workspaces/install/yolo_msgs/share/yolo_msgs/cmake/ament_cmake_export_include_directories-extras.cmake
[1.353s] -- Up-to-date symlink: /workspaces/install/yolo_msgs/share/yolo_msgs/cmake/ament_cmake_export_libraries-extras.cmake
[1.353s] -- Up-to-date symlink: /workspaces/install/yolo_msgs/share/yolo_msgs/cmake/ament_cmake_export_targets-extras.cmake
[1.353s] -- Up-to-date symlink: /workspaces/install/yolo_msgs/share/yolo_msgs/cmake/rosidl_cmake_export_typesupport_targets-extras.cmake
[1.353s] -- Up-to-date symlink: /workspaces/install/yolo_msgs/share/yolo_msgs/cmake/rosidl_cmake_export_typesupport_libraries-extras.cmake
[1.353s] -- Up-to-date symlink: /workspaces/install/yolo_msgs/share/yolo_msgs/cmake/yolo_msgsConfig.cmake
[1.353s] -- Up-to-date symlink: /workspaces/install/yolo_msgs/share/yolo_msgs/cmake/yolo_msgsConfig-version.cmake
[1.353s] -- Up-to-date symlink: /workspaces/install/yolo_msgs/share/yolo_msgs/package.xml
[1.353s] -- Up-to-date: /workspaces/install/yolo_msgs/lib/libyolo_msgs__rosidl_generator_c.so
[1.354s] -- Up-to-date: /workspaces/install/yolo_msgs/lib/libyolo_msgs__rosidl_typesupport_fastrtps_c.so
[1.354s] -- Up-to-date: /workspaces/install/yolo_msgs/lib/libyolo_msgs__rosidl_typesupport_introspection_c.so
[1.354s] -- Up-to-date: /workspaces/install/yolo_msgs/lib/libyolo_msgs__rosidl_typesupport_c.so
[1.354s] -- Up-to-date: /workspaces/install/yolo_msgs/lib/libyolo_msgs__rosidl_typesupport_fastrtps_cpp.so
[1.354s] -- Up-to-date: /workspaces/install/yolo_msgs/lib/libyolo_msgs__rosidl_typesupport_introspection_cpp.so
[1.355s] -- Up-to-date: /workspaces/install/yolo_msgs/lib/libyolo_msgs__rosidl_typesupport_cpp.so
[1.376s] Listing '/workspaces/install/yolo_msgs/lib/python3.12/site-packages/yolo_msgs'...
[1.376s] Compiling '/workspaces/install/yolo_msgs/lib/python3.12/site-packages/yolo_msgs/__init__.py'...
[1.376s] Listing '/workspaces/install/yolo_msgs/lib/python3.12/site-packages/yolo_msgs/msg'...
[1.376s] Listing '/workspaces/install/yolo_msgs/lib/python3.12/site-packages/yolo_msgs/srv'...
[1.380s] -- Up-to-date: /workspaces/install/yolo_msgs/lib/libyolo_msgs__rosidl_generator_py.so
[1.380s] -- Up-to-date: /workspaces/install/yolo_msgs/share/yolo_msgs/cmake/export_yolo_msgs__rosidl_generator_cExport.cmake
[1.380s] -- Up-to-date: /workspaces/install/yolo_msgs/share/yolo_msgs/cmake/export_yolo_msgs__rosidl_generator_cExport-noconfig.cmake
[1.381s] -- Up-to-date: /workspaces/install/yolo_msgs/share/yolo_msgs/cmake/export_yolo_msgs__rosidl_typesupport_fastrtps_cExport.cmake
[1.381s] -- Up-to-date: /workspaces/install/yolo_msgs/share/yolo_msgs/cmake/export_yolo_msgs__rosidl_typesupport_fastrtps_cExport-noconfig.cmake
[1.381s] -- Up-to-date: /workspaces/install/yolo_msgs/share/yolo_msgs/cmake/yolo_msgs__rosidl_typesupport_introspection_cExport.cmake
[1.381s] -- Up-to-date: /workspaces/install/yolo_msgs/share/yolo_msgs/cmake/yolo_msgs__rosidl_typesupport_introspection_cExport-noconfig.cmake
[1.381s] -- Up-to-date: /workspaces/install/yolo_msgs/share/yolo_msgs/cmake/yolo_msgs__rosidl_typesupport_cExport.cmake
[1.381s] -- Up-to-date: /workspaces/install/yolo_msgs/share/yolo_msgs/cmake/yolo_msgs__rosidl_typesupport_cExport-noconfig.cmake
[1.381s] -- Up-to-date: /workspaces/install/yolo_msgs/share/yolo_msgs/cmake/export_yolo_msgs__rosidl_generator_cppExport.cmake
[1.381s] -- Up-to-date: /workspaces/install/yolo_msgs/share/yolo_msgs/cmake/export_yolo_msgs__rosidl_typesupport_fastrtps_cppExport.cmake
[1.381s] -- Up-to-date: /workspaces/install/yolo_msgs/share/yolo_msgs/cmake/export_yolo_msgs__rosidl_typesupport_fastrtps_cppExport-noconfig.cmake
[1.381s] -- Up-to-date: /workspaces/install/yolo_msgs/share/yolo_msgs/cmake/yolo_msgs__rosidl_typesupport_introspection_cppExport.cmake
[1.381s] -- Up-to-date: /workspaces/install/yolo_msgs/share/yolo_msgs/cmake/yolo_msgs__rosidl_typesupport_introspection_cppExport-noconfig.cmake
[1.381s] -- Up-to-date: /workspaces/install/yolo_msgs/share/yolo_msgs/cmake/yolo_msgs__rosidl_typesupport_cppExport.cmake
[1.381s] -- Up-to-date: /workspaces/install/yolo_msgs/share/yolo_msgs/cmake/yolo_msgs__rosidl_typesupport_cppExport-noconfig.cmake
[1.381s] -- Up-to-date: /workspaces/install/yolo_msgs/share/yolo_msgs/cmake/export_yolo_msgs__rosidl_generator_pyExport.cmake
[1.381s] -- Up-to-date: /workspaces/install/yolo_msgs/share/yolo_msgs/cmake/export_yolo_msgs__rosidl_generator_pyExport-noconfig.cmake
[1.383s] Invoked command in '/workspaces/build/yolo_msgs' returned '0': CMAKE_PREFIX_PATH=${CMAKE_PREFIX_PATH}:/workspaces/install/yolo_ros:/workspaces/install/wildbot_control:/workspaces/install/handsfree_imu_ros2:/workspaces/install/arm_ik:/robot_ws/install/lidar_pkg:/opt/ros/jazzy /usr/bin/cmake --install /workspaces/build/yolo_msgs
