[0.000000] (-) TimerEvent: {}
[0.000114] (-) JobUnselected: {'identifier': 'handsfree_imu_ros2'}
[0.000138] (-) JobUnselected: {'identifier': 'wildbot_control'}
[0.000150] (-) JobUnselected: {'identifier': 'wildbot_localization'}
[0.000157] (-) JobUnselected: {'identifier': 'wildbot_slam'}
[0.000165] (-) JobUnselected: {'identifier': 'ydlidar_ros2_driver'}
[0.000173] (-) JobUnselected: {'identifier': 'yolo_bringup'}
[0.000180] (-) JobUnselected: {'identifier': 'yolo_msgs'}
[0.000187] (-) JobUnselected: {'identifier': 'yolo_ros'}
[0.000197] (arm_ik) JobQueued: {'identifier': 'arm_ik', 'dependencies': OrderedDict()}
[0.000909] (arm_ik) JobStarted: {'identifier': 'arm_ik'}
[0.099666] (-) TimerEvent: {}
[0.199869] (-) TimerEvent: {}
[0.300165] (-) TimerEvent: {}
[0.400319] (-) TimerEvent: {}
[0.500482] (-) TimerEvent: {}
[0.600687] (-) TimerEvent: {}
[0.700915] (-) TimerEvent: {}
[0.734349] (arm_ik) Command: {'cmd': ['/usr/bin/python3', '-W', 'ignore:setup.py install is deprecated', '-W', 'ignore:easy_install command is deprecated', 'setup.py', 'develop', '--editable', '--build-directory', '/workspaces/build/arm_ik/build', '--no-deps', 'symlink_data'], 'cwd': '/workspaces/build/arm_ik', 'env': {'GZ_CONFIG_PATH': '/opt/ros/jazzy/opt/sdformat_vendor/share/gz', 'HOSTNAME': 'cffa12358212', 'SHLVL': '0', 'LD_LIBRARY_PATH': '/opt/ros/jazzy/opt/sdformat_vendor/lib:/opt/ros/jazzy/opt/rviz_ogre_vendor/lib:/opt/ros/jazzy/lib/x86_64-linux-gnu:/opt/ros/jazzy/opt/gz_math_vendor/lib:/opt/ros/jazzy/opt/gz_utils_vendor/lib:/opt/ros/jazzy/opt/gz_tools_vendor/lib:/opt/ros/jazzy/opt/gz_cmake_vendor/lib:/opt/ros/jazzy/lib', 'HOME': '/root', 'ROS_PYTHON_VERSION': '3', 'ROS_DISTRO': 'jazzy', '_': '/usr/bin/colcon', 'ROS_VERSION': '2', 'DRIVER_WS': '/robot_ws', 'PATH': '/opt/ros/jazzy/opt/gz_tools_vendor/bin:/opt/ros/jazzy/bin:/usr/local/sbin:/usr/local/bin:/usr/sbin:/usr/bin:/sbin:/bin', 'LANG': 'C.UTF-8', 'ROS_DOMAIN_ID': '0', 'AMENT_PREFIX_PATH': '/opt/ros/jazzy', 'SHELL': '/bin/bash', 'ROS_AUTOMATIC_DISCOVERY_RANGE': 'SUBNET', 'PWD': '/workspaces/build/arm_ik', 'LC_ALL': 'C.UTF-8', 'PYTHONPATH': '/workspaces/build/arm_ik/prefix_override:/usr/lib/python3/dist-packages/colcon_core/task/python/colcon_distutils_commands:/workspaces/install/arm_ik/lib/python3.12/site-packages:/opt/ros/jazzy/lib/python3.12/site-packages', 'COLCON': '1', 'CMAKE_PREFIX_PATH': '/opt/ros/jazzy/opt/sdformat_vendor:/opt/ros/jazzy/opt/gz_math_vendor:/opt/ros/jazzy/opt/gz_utils_vendor:/opt/ros/jazzy/opt/gz_tools_vendor:/opt/ros/jazzy/opt/gz_cmake_vendor', 'ROS2_WS': '/workspaces'}, 'shell': False}
[0.800987] (-) TimerEvent: {}
[0.901117] (-) TimerEvent: {}
[0.928269] (arm_ik) StdoutLine: {'line': b'running develop\n'}
[1.001170] (-) TimerEvent: {}
[1.013783] (arm_ik) StdoutLine: {'line': b'running egg_info\n'}
[1.022669] (arm_ik) StdoutLine: {'line': b'writing arm_ik.egg-info/PKG-INFO\n'}
[1.022882] (arm_ik) StdoutLine: {'line': b'writing dependency_links to arm_ik.egg-info/dependency_links.txt\n'}
[1.022997] (arm_ik) StdoutLine: {'line': b'writing entry points to arm_ik.egg-info/entry_points.txt\n'}
[1.023162] (arm_ik) StdoutLine: {'line': b'writing top-level names to arm_ik.egg-info/top_level.txt\n'}
[1.045043] (arm_ik) StdoutLine: {'line': b"reading manifest file 'arm_ik.egg-info/SOURCES.txt'\n"}
[1.045811] (arm_ik) StdoutLine: {'line': b"writing manifest file 'arm_ik.egg-info/SOURCES.txt'\n"}
[1.055732] (arm_ik) StdoutLine: {'line': b'running build_ext\n'}
[1.055888] (arm_ik) StdoutLine: {'line': b'Creating /workspaces/install/arm_ik/lib/python3.12/site-packages/arm-ik.egg-link (link to .)\n'}
[1.056287] (arm_ik) StdoutLine: {'line': b'Installing ik_node script to /workspaces/install/arm_ik/bin\n'}
[1.056500] (arm_ik) StdoutLine: {'line': b'\n'}
[1.056536] (arm_ik) StdoutLine: {'line': b'Installed /workspaces/build/arm_ik\n'}
[1.056586] (arm_ik) StdoutLine: {'line': b'running symlink_data\n'}
[1.098224] (arm_ik) CommandEnded: {'returncode': 0}
[1.101268] (-) TimerEvent: {}
[1.110214] (arm_ik) JobEnded: {'identifier': 'arm_ik', 'rc': 0}
[1.110675] (-) EventReactorShutdown: {}
