[0.585s] Invoking command in '/workspaces/build/wildbot_control': PYTHONPATH=/workspaces/build/wildbot_control/prefix_override:/usr/lib/python3/dist-packages/colcon_core/task/python/colcon_distutils_commands:/workspaces/install/wildbot_control/lib/python3.12/site-packages:${PYTHONPATH} /usr/bin/python3 -W ignore:setup.py install is deprecated -W ignore:easy_install command is deprecated setup.py develop --editable --build-directory /workspaces/build/wildbot_control/build --no-deps symlink_data
[0.733s] running develop
[0.787s] running egg_info
[0.787s] creating wildbot_control.egg-info
[0.792s] writing wildbot_control.egg-info/PKG-INFO
[0.792s] writing dependency_links to wildbot_control.egg-info/dependency_links.txt
[0.793s] writing entry points to wildbot_control.egg-info/entry_points.txt
[0.793s] writing requirements to wildbot_control.egg-info/requires.txt
[0.793s] writing top-level names to wildbot_control.egg-info/top_level.txt
[0.793s] writing manifest file 'wildbot_control.egg-info/SOURCES.txt'
[0.804s] reading manifest file 'wildbot_control.egg-info/SOURCES.txt'
[0.804s] writing manifest file 'wildbot_control.egg-info/SOURCES.txt'
[0.811s] running build_ext
[0.811s] Creating /workspaces/install/wildbot_control/lib/python3.12/site-packages/wildbot-control.egg-link (link to .)
[0.811s] Installing yaw_hold_node script to /workspaces/install/wildbot_control/lib/wildbot_control
[0.811s] 
[0.811s] Installed /workspaces/build/wildbot_control
[0.812s] running symlink_data
[0.812s] creating /workspaces/install/wildbot_control/share/ament_index
[0.812s] creating /workspaces/install/wildbot_control/share/ament_index/resource_index
[0.812s] creating /workspaces/install/wildbot_control/share/ament_index/resource_index/packages
[0.812s] symbolically linking /workspaces/build/wildbot_control/resource/wildbot_control -> /workspaces/install/wildbot_control/share/ament_index/resource_index/packages
[0.812s] symbolically linking /workspaces/build/wildbot_control/package.xml -> /workspaces/install/wildbot_control/share/wildbot_control
[0.844s] Invoked command in '/workspaces/build/wildbot_control' returned '0': PYTHONPATH=/workspaces/build/wildbot_control/prefix_override:/usr/lib/python3/dist-packages/colcon_core/task/python/colcon_distutils_commands:/workspaces/install/wildbot_control/lib/python3.12/site-packages:${PYTHONPATH} /usr/bin/python3 -W ignore:setup.py install is deprecated -W ignore:easy_install command is deprecated setup.py develop --editable --build-directory /workspaces/build/wildbot_control/build --no-deps symlink_data
