[0.380s] Invoking command in '/workspaces/build/wildbot_localization': CMAKE_PREFIX_PATH=${CMAKE_PREFIX_PATH}:/workspaces/install/yolo_ros:/workspaces/install/wildbot_control:/workspaces/install/handsfree_imu_ros2:/workspaces/install/arm_ik:/robot_ws/install/lidar_pkg:/opt/ros/jazzy /usr/bin/cmake /workspaces/workspaces/src/wildbot_localization -DAMENT_CMAKE_SYMLINK_INSTALL=1 -DCMAKE_INSTALL_PREFIX=/workspaces/install/wildbot_localization
[0.388s] -- Found ament_cmake: 2.5.5 (/opt/ros/jazzy/share/ament_cmake/cmake)
[0.600s] -- Override CMake install command with custom implementation using symlinks instead of copying resources
[0.692s] -- Configuring done (0.3s)
[0.693s] -- Generating done (0.0s)
[0.694s] -- Build files have been written to: /workspaces/build/wildbot_localization
[0.697s] Invoked command in '/workspaces/build/wildbot_localization' returned '0': CMAKE_PREFIX_PATH=${CMAKE_PREFIX_PATH}:/workspaces/install/yolo_ros:/workspaces/install/wildbot_control:/workspaces/install/handsfree_imu_ros2:/workspaces/install/arm_ik:/robot_ws/install/lidar_pkg:/opt/ros/jazzy /usr/bin/cmake /workspaces/workspaces/src/wildbot_localization -DAMENT_CMAKE_SYMLINK_INSTALL=1 -DCMAKE_INSTALL_PREFIX=/workspaces/install/wildbot_localization
[0.699s] Invoking command in '/workspaces/build/wildbot_localization': CMAKE_PREFIX_PATH=${CMAKE_PREFIX_PATH}:/workspaces/install/yolo_ros:/workspaces/install/wildbot_control:/workspaces/install/handsfree_imu_ros2:/workspaces/install/arm_ik:/robot_ws/install/lidar_pkg:/opt/ros/jazzy /usr/bin/cmake --build /workspaces/build/wildbot_localization -- -j16 -l16
[0.734s] Invoked command in '/workspaces/build/wildbot_localization' returned '0': CMAKE_PREFIX_PATH=${CMAKE_PREFIX_PATH}:/workspaces/install/yolo_ros:/workspaces/install/wildbot_control:/workspaces/install/handsfree_imu_ros2:/workspaces/install/arm_ik:/robot_ws/install/lidar_pkg:/opt/ros/jazzy /usr/bin/cmake --build /workspaces/build/wildbot_localization -- -j16 -l16
[0.745s] Invoking command in '/workspaces/build/wildbot_localization': CMAKE_PREFIX_PATH=${CMAKE_PREFIX_PATH}:/workspaces/install/yolo_ros:/workspaces/install/wildbot_control:/workspaces/install/handsfree_imu_ros2:/workspaces/install/arm_ik:/robot_ws/install/lidar_pkg:/opt/ros/jazzy /usr/bin/cmake --install /workspaces/build/wildbot_localization
[0.753s] -- Install configuration: ""
[0.754s] -- Execute custom install script
[0.754s] -- Up-to-date symlink: /workspaces/install/wildbot_localization/share/wildbot_localization/config/ekf.yaml
[0.754s] -- Up-to-date symlink: /workspaces/install/wildbot_localization/share/wildbot_localization/launch/ekf_launch.py
[0.755s] -- Up-to-date symlink: /workspaces/install/wildbot_localization/share/ament_index/resource_index/package_run_dependencies/wildbot_localization
[0.755s] -- Up-to-date symlink: /workspaces/install/wildbot_localization/share/ament_index/resource_index/parent_prefix_path/wildbot_localization
[0.755s] -- Up-to-date symlink: /workspaces/install/wildbot_localization/share/wildbot_localization/environment/ament_prefix_path.sh
[0.755s] -- Up-to-date symlink: /workspaces/install/wildbot_localization/share/wildbot_localization/environment/ament_prefix_path.dsv
[0.755s] -- Up-to-date symlink: /workspaces/install/wildbot_localization/share/wildbot_localization/environment/path.sh
[0.755s] -- Up-to-date symlink: /workspaces/install/wildbot_localization/share/wildbot_localization/environment/path.dsv
[0.756s] -- Up-to-date symlink: /workspaces/install/wildbot_localization/share/wildbot_localization/local_setup.bash
[0.756s] -- Up-to-date symlink: /workspaces/install/wildbot_localization/share/wildbot_localization/local_setup.sh
[0.756s] -- Up-to-date symlink: /workspaces/install/wildbot_localization/share/wildbot_localization/local_setup.zsh
[0.756s] -- Up-to-date symlink: /workspaces/install/wildbot_localization/share/wildbot_localization/local_setup.dsv
[0.756s] -- Symlinking: /workspaces/install/wildbot_localization/share/wildbot_localization/package.dsv
[0.767s] -- Up-to-date symlink: /workspaces/install/wildbot_localization/share/ament_index/resource_index/packages/wildbot_localization
[0.767s] -- Up-to-date symlink: /workspaces/install/wildbot_localization/share/wildbot_localization/cmake/wildbot_localizationConfig.cmake
[0.767s] -- Up-to-date symlink: /workspaces/install/wildbot_localization/share/wildbot_localization/cmake/wildbot_localizationConfig-version.cmake
[0.767s] -- Up-to-date symlink: /workspaces/install/wildbot_localization/share/wildbot_localization/package.xml
[0.769s] Invoked command in '/workspaces/build/wildbot_localization' returned '0': CMAKE_PREFIX_PATH=${CMAKE_PREFIX_PATH}:/workspaces/install/yolo_ros:/workspaces/install/wildbot_control:/workspaces/install/handsfree_imu_ros2:/workspaces/install/arm_ik:/robot_ws/install/lidar_pkg:/opt/ros/jazzy /usr/bin/cmake --install /workspaces/build/wildbot_localization
