[0.000000] (-) TimerEvent: {}
[0.000103] (-) JobUnselected: {'identifier': 'handsfree_imu_ros2'}
[0.000201] (-) JobUnselected: {'identifier': 'wildbot_control'}
[0.000380] (-) JobUnselected: {'identifier': 'ydlidar_ros2_driver'}
[0.000394] (-) JobUnselected: {'identifier': 'yolo_bringup'}
[0.000405] (-) JobUnselected: {'identifier': 'yolo_msgs'}
[0.000415] (-) JobUnselected: {'identifier': 'yolo_ros'}
[0.000431] (wildbot_localization) JobQueued: {'identifier': 'wildbot_localization', 'dependencies': OrderedDict()}
[0.000446] (wildbot_localization) JobStarted: {'identifier': 'wildbot_localization'}
[0.007054] (wildbot_localization) JobProgress: {'identifier': 'wildbot_localization', 'progress': 'cmake'}
[0.007278] (wildbot_localization) Command: {'cmd': ['/usr/bin/cmake', '/workspaces/workspaces/src/wildbot_localization', '-DCMAKE_INSTALL_PREFIX=/workspaces/install/wildbot_localization'], 'cwd': '/workspaces/build/wildbot_localization', 'env': OrderedDict({'GZ_CONFIG_PATH': '/opt/ros/jazzy/opt/sdformat_vendor/share/gz', 'HOSTNAME': '9d9c94bae77e', 'SHLVL': '0', 'LD_LIBRARY_PATH': '/opt/ros/jazzy/opt/sdformat_vendor/lib:/opt/ros/jazzy/opt/rviz_ogre_vendor/lib:/opt/ros/jazzy/lib/x86_64-linux-gnu:/opt/ros/jazzy/opt/gz_math_vendor/lib:/opt/ros/jazzy/opt/gz_utils_vendor/lib:/opt/ros/jazzy/opt/gz_tools_vendor/lib:/opt/ros/jazzy/opt/gz_cmake_vendor/lib:/opt/ros/jazzy/lib', 'HOME': '/root', 'OLDPWD': '/workspaces', 'ROS_PYTHON_VERSION': '3', 'ROS_DISTRO': 'jazzy', '_': '/usr/bin/colcon', 'ROS_VERSION': '2', 'DRIVER_WS': '/robot_ws', 'PATH': '/opt/ros/jazzy/opt/gz_tools_vendor/bin:/opt/ros/jazzy/bin:/usr/local/sbin:/usr/local/bin:/usr/sbin:/usr/bin:/sbin:/bin', 'ydlidar_sdk_DIR': '/usr/lib/cmake/ydlidar_sdk', 'LANG': 'C.UTF-8', 'ROS_DOMAIN_ID': '0', 'AMENT_PREFIX_PATH': '/opt/ros/jazzy', 'ROS_AUTOMATIC_DISCOVERY_RANGE': 'SUBNET', 'PWD': '/workspaces/build/wildbot_localization', 'LC_ALL': 'C.UTF-8', 'PYTHONPATH': '/opt/ros/jazzy/lib/python3.12/site-packages', 'COLCON': '1', 'CMAKE_PREFIX_PATH': '/opt/ros/jazzy/opt/sdformat_vendor:/opt/ros/jazzy/opt/gz_math_vendor:/opt/ros/jazzy/opt/gz_utils_vendor:/opt/ros/jazzy/opt/gz_tools_vendor:/opt/ros/jazzy/opt/gz_cmake_vendor:/opt/ros/jazzy', 'ROS2_WS': '/workspaces'}), 'shell': False}
[0.045960] (wildbot_localization) StdoutLine: {'line': b'-- The C compiler identification is GNU 13.3.0\n'}
[0.087850] (wildbot_localization) StdoutLine: {'line': b'-- The CXX compiler identification is GNU 13.3.0\n'}
[0.099830] (-) TimerEvent: {}
[0.102737] (wildbot_localization) StdoutLine: {'line': b'-- Detecting C compiler ABI info\n'}
[0.166149] (wildbot_localization) StdoutLine: {'line': b'-- Detecting C compiler ABI info - done\n'}
[0.170665] (wildbot_localization) StdoutLine: {'line': b'-- Check for working C compiler: /usr/bin/cc - skipped\n'}
[0.170827] (wildbot_localization) StdoutLine: {'line': b'-- Detecting C compile features\n'}
[0.171037] (wildbot_localization) StdoutLine: {'line': b'-- Detecting C compile features - done\n'}
[0.176347] (wildbot_localization) StdoutLine: {'line': b'-- Detecting CXX compiler ABI info\n'}
[0.199908] (-) TimerEvent: {}
[0.245537] (wildbot_localization) StdoutLine: {'line': b'-- Detecting CXX compiler ABI info - done\n'}
[0.250749] (wildbot_localization) StdoutLine: {'line': b'-- Check for working CXX compiler: /usr/bin/c++ - skipped\n'}
[0.251044] (wildbot_localization) StdoutLine: {'line': b'-- Detecting CXX compile features\n'}
[0.251152] (wildbot_localization) StdoutLine: {'line': b'-- Detecting CXX compile features - done\n'}
[0.252795] (wildbot_localization) StdoutLine: {'line': b'-- Found ament_cmake: 2.5.5 (/opt/ros/jazzy/share/ament_cmake/cmake)\n'}
[0.299997] (-) TimerEvent: {}
[0.334529] (wildbot_localization) StdoutLine: {'line': b'-- Found Python3: /usr/bin/python3 (found version "3.12.3") found components: Interpreter \n'}
[0.400091] (-) TimerEvent: {}
[0.454913] (wildbot_localization) StdoutLine: {'line': b'-- Configuring done (0.4s)\n'}
[0.456179] (wildbot_localization) StdoutLine: {'line': b'-- Generating done (0.0s)\n'}
[0.456863] (wildbot_localization) StdoutLine: {'line': b'-- Build files have been written to: /workspaces/build/wildbot_localization\n'}
[0.460806] (wildbot_localization) CommandEnded: {'returncode': 0}
[0.461208] (wildbot_localization) JobProgress: {'identifier': 'wildbot_localization', 'progress': 'build'}
[0.461903] (wildbot_localization) Command: {'cmd': ['/usr/bin/cmake', '--build', '/workspaces/build/wildbot_localization', '--', '-j16', '-l16'], 'cwd': '/workspaces/build/wildbot_localization', 'env': OrderedDict({'GZ_CONFIG_PATH': '/opt/ros/jazzy/opt/sdformat_vendor/share/gz', 'HOSTNAME': '9d9c94bae77e', 'SHLVL': '0', 'LD_LIBRARY_PATH': '/opt/ros/jazzy/opt/sdformat_vendor/lib:/opt/ros/jazzy/opt/rviz_ogre_vendor/lib:/opt/ros/jazzy/lib/x86_64-linux-gnu:/opt/ros/jazzy/opt/gz_math_vendor/lib:/opt/ros/jazzy/opt/gz_utils_vendor/lib:/opt/ros/jazzy/opt/gz_tools_vendor/lib:/opt/ros/jazzy/opt/gz_cmake_vendor/lib:/opt/ros/jazzy/lib', 'HOME': '/root', 'OLDPWD': '/workspaces', 'ROS_PYTHON_VERSION': '3', 'ROS_DISTRO': 'jazzy', '_': '/usr/bin/colcon', 'ROS_VERSION': '2', 'DRIVER_WS': '/robot_ws', 'PATH': '/opt/ros/jazzy/opt/gz_tools_vendor/bin:/opt/ros/jazzy/bin:/usr/local/sbin:/usr/local/bin:/usr/sbin:/usr/bin:/sbin:/bin', 'ydlidar_sdk_DIR': '/usr/lib/cmake/ydlidar_sdk', 'LANG': 'C.UTF-8', 'ROS_DOMAIN_ID': '0', 'AMENT_PREFIX_PATH': '/opt/ros/jazzy', 'ROS_AUTOMATIC_DISCOVERY_RANGE': 'SUBNET', 'PWD': '/workspaces/build/wildbot_localization', 'LC_ALL': 'C.UTF-8', 'PYTHONPATH': '/opt/ros/jazzy/lib/python3.12/site-packages', 'COLCON': '1', 'CMAKE_PREFIX_PATH': '/opt/ros/jazzy/opt/sdformat_vendor:/opt/ros/jazzy/opt/gz_math_vendor:/opt/ros/jazzy/opt/gz_utils_vendor:/opt/ros/jazzy/opt/gz_tools_vendor:/opt/ros/jazzy/opt/gz_cmake_vendor:/opt/ros/jazzy', 'ROS2_WS': '/workspaces'}), 'shell': False}
[0.486263] (wildbot_localization) CommandEnded: {'returncode': 0}
[0.486733] (wildbot_localization) JobProgress: {'identifier': 'wildbot_localization', 'progress': 'install'}
[0.494249] (wildbot_localization) Command: {'cmd': ['/usr/bin/cmake', '--install', '/workspaces/build/wildbot_localization'], 'cwd': '/workspaces/build/wildbot_localization', 'env': OrderedDict({'GZ_CONFIG_PATH': '/opt/ros/jazzy/opt/sdformat_vendor/share/gz', 'HOSTNAME': '9d9c94bae77e', 'SHLVL': '0', 'LD_LIBRARY_PATH': '/opt/ros/jazzy/opt/sdformat_vendor/lib:/opt/ros/jazzy/opt/rviz_ogre_vendor/lib:/opt/ros/jazzy/lib/x86_64-linux-gnu:/opt/ros/jazzy/opt/gz_math_vendor/lib:/opt/ros/jazzy/opt/gz_utils_vendor/lib:/opt/ros/jazzy/opt/gz_tools_vendor/lib:/opt/ros/jazzy/opt/gz_cmake_vendor/lib:/opt/ros/jazzy/lib', 'HOME': '/root', 'OLDPWD': '/workspaces', 'ROS_PYTHON_VERSION': '3', 'ROS_DISTRO': 'jazzy', '_': '/usr/bin/colcon', 'ROS_VERSION': '2', 'DRIVER_WS': '/robot_ws', 'PATH': '/opt/ros/jazzy/opt/gz_tools_vendor/bin:/opt/ros/jazzy/bin:/usr/local/sbin:/usr/local/bin:/usr/sbin:/usr/bin:/sbin:/bin', 'ydlidar_sdk_DIR': '/usr/lib/cmake/ydlidar_sdk', 'LANG': 'C.UTF-8', 'ROS_DOMAIN_ID': '0', 'AMENT_PREFIX_PATH': '/opt/ros/jazzy', 'ROS_AUTOMATIC_DISCOVERY_RANGE': 'SUBNET', 'PWD': '/workspaces/build/wildbot_localization', 'LC_ALL': 'C.UTF-8', 'PYTHONPATH': '/opt/ros/jazzy/lib/python3.12/site-packages', 'COLCON': '1', 'CMAKE_PREFIX_PATH': '/opt/ros/jazzy/opt/sdformat_vendor:/opt/ros/jazzy/opt/gz_math_vendor:/opt/ros/jazzy/opt/gz_utils_vendor:/opt/ros/jazzy/opt/gz_tools_vendor:/opt/ros/jazzy/opt/gz_cmake_vendor:/opt/ros/jazzy', 'ROS2_WS': '/workspaces'}), 'shell': False}
[0.500185] (-) TimerEvent: {}
[0.501182] (wildbot_localization) StdoutLine: {'line': b'-- Install configuration: ""\n'}
[0.501347] (wildbot_localization) StdoutLine: {'line': b'-- Installing: /workspaces/install/wildbot_localization/share/wildbot_localization/config\n'}
[0.501464] (wildbot_localization) StdoutLine: {'line': b'-- Installing: /workspaces/install/wildbot_localization/share/wildbot_localization/config/ekf.yaml\n'}
[0.501518] (wildbot_localization) StdoutLine: {'line': b'-- Installing: /workspaces/install/wildbot_localization/share/wildbot_localization/launch\n'}
[0.501563] (wildbot_localization) StdoutLine: {'line': b'-- Installing: /workspaces/install/wildbot_localization/share/wildbot_localization/launch/ekf_launch.py\n'}
[0.501640] (wildbot_localization) StdoutLine: {'line': b'-- Installing: /workspaces/install/wildbot_localization/share/ament_index/resource_index/package_run_dependencies/wildbot_localization\n'}
[0.501708] (wildbot_localization) StdoutLine: {'line': b'-- Installing: /workspaces/install/wildbot_localization/share/ament_index/resource_index/parent_prefix_path/wildbot_localization\n'}
[0.501781] (wildbot_localization) StdoutLine: {'line': b'-- Installing: /workspaces/install/wildbot_localization/share/wildbot_localization/environment/ament_prefix_path.sh\n'}
[0.501857] (wildbot_localization) StdoutLine: {'line': b'-- Installing: /workspaces/install/wildbot_localization/share/wildbot_localization/environment/ament_prefix_path.dsv\n'}
[0.501925] (wildbot_localization) StdoutLine: {'line': b'-- Installing: /workspaces/install/wildbot_localization/share/wildbot_localization/environment/path.sh\n'}
[0.501994] (wildbot_localization) StdoutLine: {'line': b'-- Installing: /workspaces/install/wildbot_localization/share/wildbot_localization/environment/path.dsv\n'}
[0.502058] (wildbot_localization) StdoutLine: {'line': b'-- Installing: /workspaces/install/wildbot_localization/share/wildbot_localization/local_setup.bash\n'}
[0.502138] (wildbot_localization) StdoutLine: {'line': b'-- Installing: /workspaces/install/wildbot_localization/share/wildbot_localization/local_setup.sh\n'}
[0.502182] (wildbot_localization) StdoutLine: {'line': b'-- Installing: /workspaces/install/wildbot_localization/share/wildbot_localization/local_setup.zsh\n'}
[0.502259] (wildbot_localization) StdoutLine: {'line': b'-- Installing: /workspaces/install/wildbot_localization/share/wildbot_localization/local_setup.dsv\n'}
[0.502322] (wildbot_localization) StdoutLine: {'line': b'-- Installing: /workspaces/install/wildbot_localization/share/wildbot_localization/package.dsv\n'}
[0.502388] (wildbot_localization) StdoutLine: {'line': b'-- Installing: /workspaces/install/wildbot_localization/share/ament_index/resource_index/packages/wildbot_localization\n'}
[0.502466] (wildbot_localization) StdoutLine: {'line': b'-- Installing: /workspaces/install/wildbot_localization/share/wildbot_localization/cmake/wildbot_localizationConfig.cmake\n'}
[0.502543] (wildbot_localization) StdoutLine: {'line': b'-- Installing: /workspaces/install/wildbot_localization/share/wildbot_localization/cmake/wildbot_localizationConfig-version.cmake\n'}
[0.502593] (wildbot_localization) StdoutLine: {'line': b'-- Installing: /workspaces/install/wildbot_localization/share/wildbot_localization/package.xml\n'}
[0.503877] (wildbot_localization) CommandEnded: {'returncode': 0}
[0.515475] (wildbot_localization) JobEnded: {'identifier': 'wildbot_localization', 'rc': 0}
[0.515915] (-) EventReactorShutdown: {}
