[0.252s] Invoking command in '/workspaces/build/ydlidar_ros2_driver': CMAKE_PREFIX_PATH=${CMAKE_PREFIX_PATH}:/opt/ros/jazzy /usr/bin/cmake --build /workspaces/build/ydlidar_ros2_driver -- -j16 -l16
[0.274s] -- Found ament_cmake: 2.5.5 (/opt/ros/jazzy/share/ament_cmake/cmake)
[0.472s] -- Override CMake install command with custom implementation using symlinks instead of copying resources
[0.479s] -- Found rclcpp: 28.1.16 (/opt/ros/jazzy/share/rclcpp/cmake)
[0.501s] -- Found rosidl_generator_c: 4.6.7 (/opt/ros/jazzy/share/rosidl_generator_c/cmake)
[0.506s] -- Found rosidl_generator_cpp: 4.6.7 (/opt/ros/jazzy/share/rosidl_generator_cpp/cmake)
[0.512s] -- Using all available rosidl_typesupport_c: rosidl_typesupport_fastrtps_c;rosidl_typesupport_introspection_c
[0.522s] -- Using all available rosidl_typesupport_cpp: rosidl_typesupport_fastrtps_cpp;rosidl_typesupport_introspection_cpp
[0.561s] -- Found rmw_implementation_cmake: 7.3.3 (/opt/ros/jazzy/share/rmw_implementation_cmake/cmake)
[0.561s] -- Found rmw_fastrtps_cpp: 8.4.3 (/opt/ros/jazzy/share/rmw_fastrtps_cpp/cmake)
[0.602s] -- Using RMW implementation 'rmw_fastrtps_cpp' as default
[0.641s] -- Found sensor_msgs: 5.3.6 (/opt/ros/jazzy/share/sensor_msgs/cmake)
[0.677s] -- Found visualization_msgs: 5.3.6 (/opt/ros/jazzy/share/visualization_msgs/cmake)
[0.696s] -- Found std_srvs: 5.3.6 (/opt/ros/jazzy/share/std_srvs/cmake)
[0.709s] -- Found ament_lint_auto: 0.17.4 (/opt/ros/jazzy/share/ament_lint_auto/cmake)
[0.787s] -- Added test 'copyright' to check source files copyright and LICENSE
[0.788s] -- Added test 'cppcheck' to perform static code analysis on C / C++ code
[0.788s] -- Configured cppcheck include dirs: /workspaces/workspaces/src/ydlidar_ros2_driver/src
[0.788s] -- Configured cppcheck exclude dirs and/or files: 
[0.789s] -- Added test 'cpplint' to check C / C++ code against the Google style
[0.789s] -- Configured cpplint exclude dirs and/or files: 
[0.789s] -- Added test 'flake8' to check Python code syntax and style conventions
[0.789s] -- Configured 'flake8' exclude dirs and/or files: 
[0.790s] -- Added test 'lint_cmake' to check CMake code style
[0.790s] -- Added test 'pep257' to check Python code against some of the docstring style conventions in PEP 257
[0.790s] -- Added test 'uncrustify' to check C / C++ code style
[0.790s] -- Configured uncrustify additional arguments: 
[0.790s] -- Added test 'xmllint' to check XML markup files
[0.791s] -- Configuring done (0.5s)
[0.809s] -- Generating done (0.0s)
[0.814s] -- Build files have been written to: /workspaces/build/ydlidar_ros2_driver
[0.853s] [ 25%] [32mBuilding CXX object CMakeFiles/ydlidar_ros2_driver_node.dir/src/ydlidar_ros2_driver_node.cpp.o[0m
[0.853s] [ 75%] Built target ydlidar_ros2_driver_client
[4.160s] [01m[K/workspaces/workspaces/src/ydlidar_ros2_driver/src/ydlidar_ros2_driver_node.cpp:[m[K In lambda function:
[4.160s] [01m[K/workspaces/workspaces/src/ydlidar_ros2_driver/src/ydlidar_ros2_driver_node.cpp:163:54:[m[K [01;35m[Kwarning: [m[Kunused parameter ‘[01m[Krequest_header[m[K’ [[01;35m[K-Wunused-parameter[m[K]
[4.160s]   163 |     [&laser]([01;35m[Kconst std::shared_ptr<rmw_request_id_t> request_header[m[K,
[4.160s]       |              [01;35m[K~~~~~~~~~~~~~~~~~~~~~~~~~~~~~~~~~~~~~~~~^~~~~~~~~~~~~~[m[K
[4.160s] [01m[K/workspaces/workspaces/src/ydlidar_ros2_driver/src/ydlidar_ros2_driver_node.cpp:164:56:[m[K [01;35m[Kwarning: [m[Kunused parameter ‘[01m[Kreq[m[K’ [[01;35m[K-Wunused-parameter[m[K]
[4.160s]   164 |   [01;35m[Kconst std::shared_ptr<std_srvs::srv::Empty::Request> req[m[K,
[4.161s]       |   [01;35m[K~~~~~~~~~~~~~~~~~~~~~~~~~~~~~~~~~~~~~~~~~~~~~~~~~~~~~^~~[m[K
[4.161s] [01m[K/workspaces/workspaces/src/ydlidar_ros2_driver/src/ydlidar_ros2_driver_node.cpp:165:51:[m[K [01;35m[Kwarning: [m[Kunused parameter ‘[01m[Kresponse[m[K’ [[01;35m[K-Wunused-parameter[m[K]
[4.161s]   165 |   [01;35m[Kstd::shared_ptr<std_srvs::srv::Empty::Response> response[m[K) -> bool
[4.161s]       |   [01;35m[K~~~~~~~~~~~~~~~~~~~~~~~~~~~~~~~~~~~~~~~~~~~~~~~~^~~~~~~~[m[K
[4.161s] [01m[K/workspaces/workspaces/src/ydlidar_ros2_driver/src/ydlidar_ros2_driver_node.cpp:[m[K In lambda function:
[4.161s] [01m[K/workspaces/workspaces/src/ydlidar_ros2_driver/src/ydlidar_ros2_driver_node.cpp:173:54:[m[K [01;35m[Kwarning: [m[Kunused parameter ‘[01m[Krequest_header[m[K’ [[01;35m[K-Wunused-parameter[m[K]
[4.161s]   173 |     [&laser]([01;35m[Kconst std::shared_ptr<rmw_request_id_t> request_header[m[K,
[4.161s]       |              [01;35m[K~~~~~~~~~~~~~~~~~~~~~~~~~~~~~~~~~~~~~~~~^~~~~~~~~~~~~~[m[K
[4.161s] [01m[K/workspaces/workspaces/src/ydlidar_ros2_driver/src/ydlidar_ros2_driver_node.cpp:174:56:[m[K [01;35m[Kwarning: [m[Kunused parameter ‘[01m[Kreq[m[K’ [[01;35m[K-Wunused-parameter[m[K]
[4.161s]   174 |   [01;35m[Kconst std::shared_ptr<std_srvs::srv::Empty::Request> req[m[K,
[4.161s]       |   [01;35m[K~~~~~~~~~~~~~~~~~~~~~~~~~~~~~~~~~~~~~~~~~~~~~~~~~~~~~^~~[m[K
[4.161s] [01m[K/workspaces/workspaces/src/ydlidar_ros2_driver/src/ydlidar_ros2_driver_node.cpp:175:51:[m[K [01;35m[Kwarning: [m[Kunused parameter ‘[01m[Kresponse[m[K’ [[01;35m[K-Wunused-parameter[m[K]
[4.161s]   175 |   [01;35m[Kstd::shared_ptr<std_srvs::srv::Empty::Response> response[m[K) -> bool
[4.161s]       |   [01;35m[K~~~~~~~~~~~~~~~~~~~~~~~~~~~~~~~~~~~~~~~~~~~~~~~~^~~~~~~~[m[K
[4.169s] [100%] [32m[1mLinking CXX executable ydlidar_ros2_driver_node[0m
[4.306s] [100%] Built target ydlidar_ros2_driver_node
[4.315s] Invoked command in '/workspaces/build/ydlidar_ros2_driver' returned '0': CMAKE_PREFIX_PATH=${CMAKE_PREFIX_PATH}:/opt/ros/jazzy /usr/bin/cmake --build /workspaces/build/ydlidar_ros2_driver -- -j16 -l16
[4.315s] Invoking command in '/workspaces/build/ydlidar_ros2_driver': CMAKE_PREFIX_PATH=${CMAKE_PREFIX_PATH}:/opt/ros/jazzy /usr/bin/cmake --install /workspaces/build/ydlidar_ros2_driver
[4.321s] -- Install configuration: ""
[4.321s] -- Execute custom install script
[4.321s] -- Up-to-date symlink: /workspaces/install/ydlidar_ros2_driver/lib/ydlidar_ros2_driver/ydlidar_ros2_driver_node
[4.321s] -- Up-to-date symlink: /workspaces/install/ydlidar_ros2_driver/lib/ydlidar_ros2_driver/ydlidar_ros2_driver_client
[4.321s] -- Up-to-date symlink: /workspaces/install/ydlidar_ros2_driver/share/ydlidar_ros2_driver/launch/ydlidar_launch.py
[4.322s] -- Symlinking: /workspaces/install/ydlidar_ros2_driver/share/ydlidar_ros2_driver/launch/ydlidar_view_launch.py
[4.328s] -- Up-to-date symlink: /workspaces/install/ydlidar_ros2_driver/share/ydlidar_ros2_driver/params/ydlidar.yaml
[4.328s] -- Up-to-date symlink: /workspaces/install/ydlidar_ros2_driver/share/ydlidar_ros2_driver/config/ydlidar.rviz
[4.328s] -- Up-to-date symlink: /workspaces/install/ydlidar_ros2_driver/share/ament_index/resource_index/package_run_dependencies/ydlidar_ros2_driver
[4.328s] -- Up-to-date symlink: /workspaces/install/ydlidar_ros2_driver/share/ament_index/resource_index/parent_prefix_path/ydlidar_ros2_driver
[4.328s] -- Up-to-date symlink: /workspaces/install/ydlidar_ros2_driver/share/ydlidar_ros2_driver/environment/ament_prefix_path.sh
[4.329s] -- Up-to-date symlink: /workspaces/install/ydlidar_ros2_driver/share/ydlidar_ros2_driver/environment/ament_prefix_path.dsv
[4.329s] -- Up-to-date symlink: /workspaces/install/ydlidar_ros2_driver/share/ydlidar_ros2_driver/environment/path.sh
[4.329s] -- Up-to-date symlink: /workspaces/install/ydlidar_ros2_driver/share/ydlidar_ros2_driver/environment/path.dsv
[4.329s] -- Up-to-date symlink: /workspaces/install/ydlidar_ros2_driver/share/ydlidar_ros2_driver/local_setup.bash
[4.329s] -- Up-to-date symlink: /workspaces/install/ydlidar_ros2_driver/share/ydlidar_ros2_driver/local_setup.sh
[4.329s] -- Up-to-date symlink: /workspaces/install/ydlidar_ros2_driver/share/ydlidar_ros2_driver/local_setup.zsh
[4.329s] -- Up-to-date symlink: /workspaces/install/ydlidar_ros2_driver/share/ydlidar_ros2_driver/local_setup.dsv
[4.329s] -- Symlinking: /workspaces/install/ydlidar_ros2_driver/share/ydlidar_ros2_driver/package.dsv
[4.333s] -- Up-to-date symlink: /workspaces/install/ydlidar_ros2_driver/share/ament_index/resource_index/packages/ydlidar_ros2_driver
[4.333s] -- Up-to-date symlink: /workspaces/install/ydlidar_ros2_driver/share/ydlidar_ros2_driver/cmake/ydlidar_ros2_driverConfig.cmake
[4.333s] -- Up-to-date symlink: /workspaces/install/ydlidar_ros2_driver/share/ydlidar_ros2_driver/cmake/ydlidar_ros2_driverConfig-version.cmake
[4.333s] -- Up-to-date symlink: /workspaces/install/ydlidar_ros2_driver/share/ydlidar_ros2_driver/package.xml
[4.335s] Invoked command in '/workspaces/build/ydlidar_ros2_driver' returned '0': CMAKE_PREFIX_PATH=${CMAKE_PREFIX_PATH}:/opt/ros/jazzy /usr/bin/cmake --install /workspaces/build/ydlidar_ros2_driver
