running egg_info
writing ../../build/wildbot_control/wildbot_control.egg-info/PKG-INFO
writing dependency_links to ../../build/wildbot_control/wildbot_control.egg-info/dependency_links.txt
writing entry points to ../../build/wildbot_control/wildbot_control.egg-info/entry_points.txt
writing requirements to ../../build/wildbot_control/wildbot_control.egg-info/requires.txt
writing top-level names to ../../build/wildbot_control/wildbot_control.egg-info/top_level.txt
reading manifest file '../../build/wildbot_control/wildbot_control.egg-info/SOURCES.txt'
writing manifest file '../../build/wildbot_control/wildbot_control.egg-info/SOURCES.txt'
running build
running build_py
copying wildbot_control/yaw_hold_node.py -> /workspaces/imu_ws/build/wildbot_control/build/lib/wildbot_control
running install
running install_lib
copying /workspaces/imu_ws/build/wildbot_control/build/lib/wildbot_control/yaw_hold_node.py -> /workspaces/imu_ws/install/wildbot_control/lib/python3.12/site-packages/wildbot_control
byte-compiling /workspaces/imu_ws/install/wildbot_control/lib/python3.12/site-packages/wildbot_control/yaw_hold_node.py to yaw_hold_node.cpython-312.pyc
running install_data
running install_egg_info
removing '/workspaces/imu_ws/install/wildbot_control/lib/python3.12/site-packages/wildbot_control-0.0.0-py3.12.egg-info' (and everything under it)
Copying ../../build/wildbot_control/wildbot_control.egg-info to /workspaces/imu_ws/install/wildbot_control/lib/python3.12/site-packages/wildbot_control-0.0.0-py3.12.egg-info
running install_scripts
Installing yaw_hold_node script to /workspaces/imu_ws/install/wildbot_control/lib/wildbot_control
writing list of installed files to '/workspaces/imu_ws/build/wildbot_control/install.log'
