[0.727s] Invoking command in '/workspaces/build/wildbot_control': PYTHONPATH=/workspaces/build/wildbot_control/prefix_override:/usr/lib/python3/dist-packages/colcon_core/task/python/colcon_distutils_commands:/workspaces/install/wildbot_control/lib/python3.12/site-packages:${PYTHONPATH} /usr/bin/python3 -W ignore:setup.py install is deprecated -W ignore:easy_install command is deprecated setup.py develop --uninstall --editable --build-directory /workspaces/build/wildbot_control/build
[0.877s] running develop
[0.991s] Removing /workspaces/install/wildbot_control/lib/python3.12/site-packages/wildbot-control.egg-link (link to .)
[1.039s] Invoked command in '/workspaces/build/wildbot_control' returned '0': PYTHONPATH=/workspaces/build/wildbot_control/prefix_override:/usr/lib/python3/dist-packages/colcon_core/task/python/colcon_distutils_commands:/workspaces/install/wildbot_control/lib/python3.12/site-packages:${PYTHONPATH} /usr/bin/python3 -W ignore:setup.py install is deprecated -W ignore:easy_install command is deprecated setup.py develop --uninstall --editable --build-directory /workspaces/build/wildbot_control/build
[1.040s] Invoking command in '/workspaces/workspaces/imu_ws/src/wildbot_control': PYTHONPATH=/workspaces/build/wildbot_control/prefix_override:/usr/lib/python3/dist-packages/colcon_core/task/python/colcon_distutils_commands:/workspaces/install/wildbot_control/lib/python3.12/site-packages:${PYTHONPATH} /usr/bin/python3 -W ignore:setup.py install is deprecated -W ignore:easy_install command is deprecated setup.py egg_info --egg-base ../../../../build/wildbot_control build --build-base /workspaces/build/wildbot_control/build install --record /workspaces/build/wildbot_control/install.log --single-version-externally-managed install_data --force
[1.212s] running egg_info
[1.221s] writing ../../../../build/wildbot_control/wildbot_control.egg-info/PKG-INFO
[1.221s] writing dependency_links to ../../../../build/wildbot_control/wildbot_control.egg-info/dependency_links.txt
[1.221s] writing entry points to ../../../../build/wildbot_control/wildbot_control.egg-info/entry_points.txt
[1.222s] writing requirements to ../../../../build/wildbot_control/wildbot_control.egg-info/requires.txt
[1.222s] writing top-level names to ../../../../build/wildbot_control/wildbot_control.egg-info/top_level.txt
[1.247s] reading manifest file '../../../../build/wildbot_control/wildbot_control.egg-info/SOURCES.txt'
[1.248s] writing manifest file '../../../../build/wildbot_control/wildbot_control.egg-info/SOURCES.txt'
[1.248s] running build
[1.248s] running build_py
[1.248s] creating /workspaces/build/wildbot_control/build
[1.248s] creating /workspaces/build/wildbot_control/build/lib
[1.248s] creating /workspaces/build/wildbot_control/build/lib/wildbot_control
[1.249s] copying wildbot_control/__init__.py -> /workspaces/build/wildbot_control/build/lib/wildbot_control
[1.249s] copying wildbot_control/yaw_hold_node.py -> /workspaces/build/wildbot_control/build/lib/wildbot_control
[1.249s] running install
[1.255s] running install_lib
[1.270s] creating /workspaces/install/wildbot_control/lib/python3.12/site-packages/wildbot_control
[1.270s] copying /workspaces/build/wildbot_control/build/lib/wildbot_control/__init__.py -> /workspaces/install/wildbot_control/lib/python3.12/site-packages/wildbot_control
[1.270s] copying /workspaces/build/wildbot_control/build/lib/wildbot_control/yaw_hold_node.py -> /workspaces/install/wildbot_control/lib/python3.12/site-packages/wildbot_control
[1.270s] byte-compiling /workspaces/install/wildbot_control/lib/python3.12/site-packages/wildbot_control/__init__.py to __init__.cpython-312.pyc
[1.271s] byte-compiling /workspaces/install/wildbot_control/lib/python3.12/site-packages/wildbot_control/yaw_hold_node.py to yaw_hold_node.cpython-312.pyc
[1.272s] running install_data
[1.272s] copying resource/wildbot_control -> /workspaces/install/wildbot_control/share/ament_index/resource_index/packages
[1.272s] copying package.xml -> /workspaces/install/wildbot_control/share/wildbot_control
[1.272s] running install_egg_info
[1.283s] Copying ../../../../build/wildbot_control/wildbot_control.egg-info to /workspaces/install/wildbot_control/lib/python3.12/site-packages/wildbot_control-0.0.0-py3.12.egg-info
[1.284s] running install_scripts
[1.354s] Installing yaw_hold_node script to /workspaces/install/wildbot_control/lib/wildbot_control
[1.355s] writing list of installed files to '/workspaces/build/wildbot_control/install.log'
[1.384s] Invoked command in '/workspaces/workspaces/imu_ws/src/wildbot_control' returned '0': PYTHONPATH=/workspaces/build/wildbot_control/prefix_override:/usr/lib/python3/dist-packages/colcon_core/task/python/colcon_distutils_commands:/workspaces/install/wildbot_control/lib/python3.12/site-packages:${PYTHONPATH} /usr/bin/python3 -W ignore:setup.py install is deprecated -W ignore:easy_install command is deprecated setup.py egg_info --egg-base ../../../../build/wildbot_control build --build-base /workspaces/build/wildbot_control/build install --record /workspaces/build/wildbot_control/install.log --single-version-externally-managed install_data --force
