-- Found ament_cmake: 2.5.5 (/opt/ros/jazzy/share/ament_cmake/cmake)
-- Override CMake install command with custom implementation using symlinks instead of copying resources
-- Configuring done (0.2s)
-- Generating done (0.0s)
-- Build files have been written to: /workspaces/build/wildbot_slam
-- Install configuration: ""
-- Execute custom install script
-- Symlinking: /workspaces/install/wildbot_slam/share/wildbot_slam/config/mapper_params_online_async.yaml
-- Symlinking: /workspaces/install/wildbot_slam/share/wildbot_slam/launch/slam_launch.py
-- Symlinking: /workspaces/install/wildbot_slam/share/ament_index/resource_index/package_run_dependencies/wildbot_slam
-- Symlinking: /workspaces/install/wildbot_slam/share/ament_index/resource_index/parent_prefix_path/wildbot_slam
-- Symlinking: /workspaces/install/wildbot_slam/share/wildbot_slam/environment/ament_prefix_path.sh
-- Symlinking: /workspaces/install/wildbot_slam/share/wildbot_slam/environment/ament_prefix_path.dsv
-- Symlinking: /workspaces/install/wildbot_slam/share/wildbot_slam/environment/path.sh
-- Symlinking: /workspaces/install/wildbot_slam/share/wildbot_slam/environment/path.dsv
-- Symlinking: /workspaces/install/wildbot_slam/share/wildbot_slam/local_setup.bash
-- Symlinking: /workspaces/install/wildbot_slam/share/wildbot_slam/local_setup.sh
-- Symlinking: /workspaces/install/wildbot_slam/share/wildbot_slam/local_setup.zsh
-- Symlinking: /workspaces/install/wildbot_slam/share/wildbot_slam/local_setup.dsv
-- Symlinking: /workspaces/install/wildbot_slam/share/wildbot_slam/package.dsv
-- Symlinking: /workspaces/install/wildbot_slam/share/ament_index/resource_index/packages/wildbot_slam
-- Symlinking: /workspaces/install/wildbot_slam/share/wildbot_slam/cmake/wildbot_slamConfig.cmake
-- Symlinking: /workspaces/install/wildbot_slam/share/wildbot_slam/cmake/wildbot_slamConfig-version.cmake
-- Symlinking: /workspaces/install/wildbot_slam/share/wildbot_slam/package.xml
