running egg_info
creating ../../build/handsfree_imu_ros2/handsfree_imu_ros2.egg-info
writing ../../build/handsfree_imu_ros2/handsfree_imu_ros2.egg-info/PKG-INFO
writing dependency_links to ../../build/handsfree_imu_ros2/handsfree_imu_ros2.egg-info/dependency_links.txt
writing entry points to ../../build/handsfree_imu_ros2/handsfree_imu_ros2.egg-info/entry_points.txt
writing requirements to ../../build/handsfree_imu_ros2/handsfree_imu_ros2.egg-info/requires.txt
writing top-level names to ../../build/handsfree_imu_ros2/handsfree_imu_ros2.egg-info/top_level.txt
writing manifest file '../../build/handsfree_imu_ros2/handsfree_imu_ros2.egg-info/SOURCES.txt'
reading manifest file '../../build/handsfree_imu_ros2/handsfree_imu_ros2.egg-info/SOURCES.txt'
writing manifest file '../../build/handsfree_imu_ros2/handsfree_imu_ros2.egg-info/SOURCES.txt'
running build
running build_py
creating /workspaces/imu_ws/build/handsfree_imu_ros2/build
creating /workspaces/imu_ws/build/handsfree_imu_ros2/build/lib
creating /workspaces/imu_ws/build/handsfree_imu_ros2/build/lib/handsfree_imu_ros2
copying handsfree_imu_ros2/__init__.py -> /workspaces/imu_ws/build/handsfree_imu_ros2/build/lib/handsfree_imu_ros2
copying handsfree_imu_ros2/python_driver_a9.py -> /workspaces/imu_ws/build/handsfree_imu_ros2/build/lib/handsfree_imu_ros2
copying handsfree_imu_ros2/imu_a9_node.py -> /workspaces/imu_ws/build/handsfree_imu_ros2/build/lib/handsfree_imu_ros2
running install
running install_lib
creating /workspaces/imu_ws/install/handsfree_imu_ros2/lib/python3.12/site-packages/handsfree_imu_ros2
copying /workspaces/imu_ws/build/handsfree_imu_ros2/build/lib/handsfree_imu_ros2/__init__.py -> /workspaces/imu_ws/install/handsfree_imu_ros2/lib/python3.12/site-packages/handsfree_imu_ros2
copying /workspaces/imu_ws/build/handsfree_imu_ros2/build/lib/handsfree_imu_ros2/python_driver_a9.py -> /workspaces/imu_ws/install/handsfree_imu_ros2/lib/python3.12/site-packages/handsfree_imu_ros2
copying /workspaces/imu_ws/build/handsfree_imu_ros2/build/lib/handsfree_imu_ros2/imu_a9_node.py -> /workspaces/imu_ws/install/handsfree_imu_ros2/lib/python3.12/site-packages/handsfree_imu_ros2
byte-compiling /workspaces/imu_ws/install/handsfree_imu_ros2/lib/python3.12/site-packages/handsfree_imu_ros2/__init__.py to __init__.cpython-312.pyc
byte-compiling /workspaces/imu_ws/install/handsfree_imu_ros2/lib/python3.12/site-packages/handsfree_imu_ros2/python_driver_a9.py to python_driver_a9.cpython-312.pyc
byte-compiling /workspaces/imu_ws/install/handsfree_imu_ros2/lib/python3.12/site-packages/handsfree_imu_ros2/imu_a9_node.py to imu_a9_node.cpython-312.pyc
running install_data
creating /workspaces/imu_ws/install/handsfree_imu_ros2/share/ament_index
creating /workspaces/imu_ws/install/handsfree_imu_ros2/share/ament_index/resource_index
creating /workspaces/imu_ws/install/handsfree_imu_ros2/share/ament_index/resource_index/packages
copying resource/handsfree_imu_ros2 -> /workspaces/imu_ws/install/handsfree_imu_ros2/share/ament_index/resource_index/packages
copying package.xml -> /workspaces/imu_ws/install/handsfree_imu_ros2/share/handsfree_imu_ros2
running install_egg_info
Copying ../../build/handsfree_imu_ros2/handsfree_imu_ros2.egg-info to /workspaces/imu_ws/install/handsfree_imu_ros2/lib/python3.12/site-packages/handsfree_imu_ros2-0.0.0-py3.12.egg-info
running install_scripts
Installing imu_a9_node script to /workspaces/imu_ws/install/handsfree_imu_ros2/lib/handsfree_imu_ros2
writing list of installed files to '/workspaces/imu_ws/build/handsfree_imu_ros2/install.log'
