[0.321s] Invoking command in '/workspaces/imu_ws/src/handsfree_imu_ros2': PYTHONPATH=/workspaces/imu_ws/build/handsfree_imu_ros2/prefix_override:/usr/lib/python3/dist-packages/colcon_core/task/python/colcon_distutils_commands:/workspaces/imu_ws/install/handsfree_imu_ros2/lib/python3.12/site-packages:${PYTHONPATH} /usr/bin/python3 -W ignore:setup.py install is deprecated -W ignore:easy_install command is deprecated setup.py egg_info --egg-base ../../build/handsfree_imu_ros2 build --build-base /workspaces/imu_ws/build/handsfree_imu_ros2/build install --record /workspaces/imu_ws/build/handsfree_imu_ros2/install.log --single-version-externally-managed install_data
[0.425s] running egg_info
[0.425s] creating ../../build/handsfree_imu_ros2/handsfree_imu_ros2.egg-info
[0.430s] writing ../../build/handsfree_imu_ros2/handsfree_imu_ros2.egg-info/PKG-INFO
[0.430s] writing dependency_links to ../../build/handsfree_imu_ros2/handsfree_imu_ros2.egg-info/dependency_links.txt
[0.430s] writing entry points to ../../build/handsfree_imu_ros2/handsfree_imu_ros2.egg-info/entry_points.txt
[0.430s] writing requirements to ../../build/handsfree_imu_ros2/handsfree_imu_ros2.egg-info/requires.txt
[0.430s] writing top-level names to ../../build/handsfree_imu_ros2/handsfree_imu_ros2.egg-info/top_level.txt
[0.430s] writing manifest file '../../build/handsfree_imu_ros2/handsfree_imu_ros2.egg-info/SOURCES.txt'
[0.441s] reading manifest file '../../build/handsfree_imu_ros2/handsfree_imu_ros2.egg-info/SOURCES.txt'
[0.442s] writing manifest file '../../build/handsfree_imu_ros2/handsfree_imu_ros2.egg-info/SOURCES.txt'
[0.442s] running build
[0.442s] running build_py
[0.442s] creating /workspaces/imu_ws/build/handsfree_imu_ros2/build
[0.442s] creating /workspaces/imu_ws/build/handsfree_imu_ros2/build/lib
[0.442s] creating /workspaces/imu_ws/build/handsfree_imu_ros2/build/lib/handsfree_imu_ros2
[0.442s] copying handsfree_imu_ros2/__init__.py -> /workspaces/imu_ws/build/handsfree_imu_ros2/build/lib/handsfree_imu_ros2
[0.442s] copying handsfree_imu_ros2/python_driver_a9.py -> /workspaces/imu_ws/build/handsfree_imu_ros2/build/lib/handsfree_imu_ros2
[0.442s] copying handsfree_imu_ros2/imu_a9_node.py -> /workspaces/imu_ws/build/handsfree_imu_ros2/build/lib/handsfree_imu_ros2
[0.442s] running install
[0.445s] running install_lib
[0.450s] creating /workspaces/imu_ws/install/handsfree_imu_ros2/lib/python3.12/site-packages/handsfree_imu_ros2
[0.450s] copying /workspaces/imu_ws/build/handsfree_imu_ros2/build/lib/handsfree_imu_ros2/__init__.py -> /workspaces/imu_ws/install/handsfree_imu_ros2/lib/python3.12/site-packages/handsfree_imu_ros2
[0.450s] copying /workspaces/imu_ws/build/handsfree_imu_ros2/build/lib/handsfree_imu_ros2/python_driver_a9.py -> /workspaces/imu_ws/install/handsfree_imu_ros2/lib/python3.12/site-packages/handsfree_imu_ros2
[0.450s] copying /workspaces/imu_ws/build/handsfree_imu_ros2/build/lib/handsfree_imu_ros2/imu_a9_node.py -> /workspaces/imu_ws/install/handsfree_imu_ros2/lib/python3.12/site-packages/handsfree_imu_ros2
[0.451s] byte-compiling /workspaces/imu_ws/install/handsfree_imu_ros2/lib/python3.12/site-packages/handsfree_imu_ros2/__init__.py to __init__.cpython-312.pyc
[0.451s] byte-compiling /workspaces/imu_ws/install/handsfree_imu_ros2/lib/python3.12/site-packages/handsfree_imu_ros2/python_driver_a9.py to python_driver_a9.cpython-312.pyc
[0.452s] byte-compiling /workspaces/imu_ws/install/handsfree_imu_ros2/lib/python3.12/site-packages/handsfree_imu_ros2/imu_a9_node.py to imu_a9_node.cpython-312.pyc
[0.452s] running install_data
[0.453s] creating /workspaces/imu_ws/install/handsfree_imu_ros2/share/ament_index
[0.453s] creating /workspaces/imu_ws/install/handsfree_imu_ros2/share/ament_index/resource_index
[0.453s] creating /workspaces/imu_ws/install/handsfree_imu_ros2/share/ament_index/resource_index/packages
[0.453s] copying resource/handsfree_imu_ros2 -> /workspaces/imu_ws/install/handsfree_imu_ros2/share/ament_index/resource_index/packages
[0.453s] copying package.xml -> /workspaces/imu_ws/install/handsfree_imu_ros2/share/handsfree_imu_ros2
[0.453s] running install_egg_info
[0.458s] Copying ../../build/handsfree_imu_ros2/handsfree_imu_ros2.egg-info to /workspaces/imu_ws/install/handsfree_imu_ros2/lib/python3.12/site-packages/handsfree_imu_ros2-0.0.0-py3.12.egg-info
[0.459s] running install_scripts
[0.501s] Installing imu_a9_node script to /workspaces/imu_ws/install/handsfree_imu_ros2/lib/handsfree_imu_ros2
[0.501s] writing list of installed files to '/workspaces/imu_ws/build/handsfree_imu_ros2/install.log'
[0.514s] Invoked command in '/workspaces/imu_ws/src/handsfree_imu_ros2' returned '0': PYTHONPATH=/workspaces/imu_ws/build/handsfree_imu_ros2/prefix_override:/usr/lib/python3/dist-packages/colcon_core/task/python/colcon_distutils_commands:/workspaces/imu_ws/install/handsfree_imu_ros2/lib/python3.12/site-packages:${PYTHONPATH} /usr/bin/python3 -W ignore:setup.py install is deprecated -W ignore:easy_install command is deprecated setup.py egg_info --egg-base ../../build/handsfree_imu_ros2 build --build-base /workspaces/imu_ws/build/handsfree_imu_ros2/build install --record /workspaces/imu_ws/build/handsfree_imu_ros2/install.log --single-version-externally-managed install_data
