[0.408s] Invoking command in '/workspaces/build/wildbot_slam': CMAKE_PREFIX_PATH=${CMAKE_PREFIX_PATH}:/workspaces/install/yolo_ros:/workspaces/install/wildbot_control:/workspaces/install/handsfree_imu_ros2:/workspaces/install/arm_ik:/robot_ws/install/lidar_pkg:/opt/ros/jazzy /usr/bin/cmake /workspaces/workspaces/src/wildbot_slam -DCMAKE_INSTALL_PREFIX=/workspaces/install/wildbot_slam
[0.416s] -- Found ament_cmake: 2.5.5 (/opt/ros/jazzy/share/ament_cmake/cmake)
[0.596s] -- Override CMake install command with custom implementation using symlinks instead of copying resources
[0.677s] -- Configuring done (0.3s)
[0.680s] -- Generating done (0.0s)
[0.681s] -- Build files have been written to: /workspaces/build/wildbot_slam
[0.683s] Invoked command in '/workspaces/build/wildbot_slam' returned '0': CMAKE_PREFIX_PATH=${CMAKE_PREFIX_PATH}:/workspaces/install/yolo_ros:/workspaces/install/wildbot_control:/workspaces/install/handsfree_imu_ros2:/workspaces/install/arm_ik:/robot_ws/install/lidar_pkg:/opt/ros/jazzy /usr/bin/cmake /workspaces/workspaces/src/wildbot_slam -DCMAKE_INSTALL_PREFIX=/workspaces/install/wildbot_slam
[0.684s] Invoking command in '/workspaces/build/wildbot_slam': CMAKE_PREFIX_PATH=${CMAKE_PREFIX_PATH}:/workspaces/install/yolo_ros:/workspaces/install/wildbot_control:/workspaces/install/handsfree_imu_ros2:/workspaces/install/arm_ik:/robot_ws/install/lidar_pkg:/opt/ros/jazzy /usr/bin/cmake --build /workspaces/build/wildbot_slam -- -j16 -l16
[0.721s] Invoked command in '/workspaces/build/wildbot_slam' returned '0': CMAKE_PREFIX_PATH=${CMAKE_PREFIX_PATH}:/workspaces/install/yolo_ros:/workspaces/install/wildbot_control:/workspaces/install/handsfree_imu_ros2:/workspaces/install/arm_ik:/robot_ws/install/lidar_pkg:/opt/ros/jazzy /usr/bin/cmake --build /workspaces/build/wildbot_slam -- -j16 -l16
[0.722s] Invoking command in '/workspaces/build/wildbot_slam': CMAKE_PREFIX_PATH=${CMAKE_PREFIX_PATH}:/workspaces/install/yolo_ros:/workspaces/install/wildbot_control:/workspaces/install/handsfree_imu_ros2:/workspaces/install/arm_ik:/robot_ws/install/lidar_pkg:/opt/ros/jazzy /usr/bin/cmake --install /workspaces/build/wildbot_slam
[0.728s] -- Install configuration: ""
[0.728s] -- Execute custom install script
[0.729s] -- Up-to-date symlink: /workspaces/install/wildbot_slam/share/wildbot_slam/config/mapper_params_online_async.yaml
[0.729s] -- Up-to-date symlink: /workspaces/install/wildbot_slam/share/wildbot_slam/launch/slam_launch.py
[0.729s] -- Up-to-date symlink: /workspaces/install/wildbot_slam/share/ament_index/resource_index/package_run_dependencies/wildbot_slam
[0.729s] -- Up-to-date symlink: /workspaces/install/wildbot_slam/share/ament_index/resource_index/parent_prefix_path/wildbot_slam
[0.729s] -- Up-to-date symlink: /workspaces/install/wildbot_slam/share/wildbot_slam/environment/ament_prefix_path.sh
[0.729s] -- Up-to-date symlink: /workspaces/install/wildbot_slam/share/wildbot_slam/environment/ament_prefix_path.dsv
[0.729s] -- Up-to-date symlink: /workspaces/install/wildbot_slam/share/wildbot_slam/environment/path.sh
[0.729s] -- Up-to-date symlink: /workspaces/install/wildbot_slam/share/wildbot_slam/environment/path.dsv
[0.729s] -- Up-to-date symlink: /workspaces/install/wildbot_slam/share/wildbot_slam/local_setup.bash
[0.729s] -- Up-to-date symlink: /workspaces/install/wildbot_slam/share/wildbot_slam/local_setup.sh
[0.730s] -- Up-to-date symlink: /workspaces/install/wildbot_slam/share/wildbot_slam/local_setup.zsh
[0.730s] -- Up-to-date symlink: /workspaces/install/wildbot_slam/share/wildbot_slam/local_setup.dsv
[0.730s] -- Symlinking: /workspaces/install/wildbot_slam/share/wildbot_slam/package.dsv
[0.736s] -- Up-to-date symlink: /workspaces/install/wildbot_slam/share/ament_index/resource_index/packages/wildbot_slam
[0.736s] -- Up-to-date symlink: /workspaces/install/wildbot_slam/share/wildbot_slam/cmake/wildbot_slamConfig.cmake
[0.736s] -- Up-to-date symlink: /workspaces/install/wildbot_slam/share/wildbot_slam/cmake/wildbot_slamConfig-version.cmake
[0.736s] -- Up-to-date symlink: /workspaces/install/wildbot_slam/share/wildbot_slam/package.xml
[0.738s] Invoked command in '/workspaces/build/wildbot_slam' returned '0': CMAKE_PREFIX_PATH=${CMAKE_PREFIX_PATH}:/workspaces/install/yolo_ros:/workspaces/install/wildbot_control:/workspaces/install/handsfree_imu_ros2:/workspaces/install/arm_ik:/robot_ws/install/lidar_pkg:/opt/ros/jazzy /usr/bin/cmake --install /workspaces/build/wildbot_slam
