[0.387s] Invoking command in '/workspaces/workspaces/imu_ws/src/handsfree_imu_ros2': PYTHONPATH=/workspaces/workspaces/imu_ws/build/handsfree_imu_ros2/prefix_override:/usr/lib/python3/dist-packages/colcon_core/task/python/colcon_distutils_commands:/workspaces/workspaces/imu_ws/install/handsfree_imu_ros2/lib/python3.12/site-packages:${PYTHONPATH} /usr/bin/python3 -W ignore:setup.py install is deprecated -W ignore:easy_install command is deprecated setup.py egg_info --egg-base ../../build/handsfree_imu_ros2 build --build-base /workspaces/workspaces/imu_ws/build/handsfree_imu_ros2/build install --record /workspaces/workspaces/imu_ws/build/handsfree_imu_ros2/install.log --single-version-externally-managed install_data
[0.492s] running egg_info
[0.497s] writing ../../build/handsfree_imu_ros2/handsfree_imu_ros2.egg-info/PKG-INFO
[0.497s] writing dependency_links to ../../build/handsfree_imu_ros2/handsfree_imu_ros2.egg-info/dependency_links.txt
[0.497s] writing entry points to ../../build/handsfree_imu_ros2/handsfree_imu_ros2.egg-info/entry_points.txt
[0.497s] writing requirements to ../../build/handsfree_imu_ros2/handsfree_imu_ros2.egg-info/requires.txt
[0.497s] writing top-level names to ../../build/handsfree_imu_ros2/handsfree_imu_ros2.egg-info/top_level.txt
[0.508s] reading manifest file '../../build/handsfree_imu_ros2/handsfree_imu_ros2.egg-info/SOURCES.txt'
[0.508s] writing manifest file '../../build/handsfree_imu_ros2/handsfree_imu_ros2.egg-info/SOURCES.txt'
[0.508s] running build
[0.509s] running build_py
[0.509s] copying handsfree_imu_ros2/imu_data_node.py -> /workspaces/workspaces/imu_ws/build/handsfree_imu_ros2/build/lib/handsfree_imu_ros2
[0.509s] running install
[0.512s] running install_lib
[0.518s] copying /workspaces/workspaces/imu_ws/build/handsfree_imu_ros2/build/lib/handsfree_imu_ros2/imu_data_node.py -> /workspaces/workspaces/imu_ws/install/handsfree_imu_ros2/lib/python3.12/site-packages/handsfree_imu_ros2
[0.518s] byte-compiling /workspaces/workspaces/imu_ws/install/handsfree_imu_ros2/lib/python3.12/site-packages/handsfree_imu_ros2/imu_data_node.py to imu_data_node.cpython-312.pyc
[0.519s] running install_data
[0.519s] running install_egg_info
[0.526s] removing '/workspaces/workspaces/imu_ws/install/handsfree_imu_ros2/lib/python3.12/site-packages/handsfree_imu_ros2-0.0.0-py3.12.egg-info' (and everything under it)
[0.526s] Copying ../../build/handsfree_imu_ros2/handsfree_imu_ros2.egg-info to /workspaces/workspaces/imu_ws/install/handsfree_imu_ros2/lib/python3.12/site-packages/handsfree_imu_ros2-0.0.0-py3.12.egg-info
[0.527s] running install_scripts
[0.580s] Installing imu_a9_data_node script to /workspaces/workspaces/imu_ws/install/handsfree_imu_ros2/lib/handsfree_imu_ros2
[0.580s] Installing imu_a9_node script to /workspaces/workspaces/imu_ws/install/handsfree_imu_ros2/lib/handsfree_imu_ros2
[0.580s] writing list of installed files to '/workspaces/workspaces/imu_ws/build/handsfree_imu_ros2/install.log'
[0.603s] Invoked command in '/workspaces/workspaces/imu_ws/src/handsfree_imu_ros2' returned '0': PYTHONPATH=/workspaces/workspaces/imu_ws/build/handsfree_imu_ros2/prefix_override:/usr/lib/python3/dist-packages/colcon_core/task/python/colcon_distutils_commands:/workspaces/workspaces/imu_ws/install/handsfree_imu_ros2/lib/python3.12/site-packages:${PYTHONPATH} /usr/bin/python3 -W ignore:setup.py install is deprecated -W ignore:easy_install command is deprecated setup.py egg_info --egg-base ../../build/handsfree_imu_ros2 build --build-base /workspaces/workspaces/imu_ws/build/handsfree_imu_ros2/build install --record /workspaces/workspaces/imu_ws/build/handsfree_imu_ros2/install.log --single-version-externally-managed install_data
