[0.367s] Invoking command in '/workspaces/build/wildbot_slam': CMAKE_PREFIX_PATH=${CMAKE_PREFIX_PATH}:/workspaces/install/yolo_ros:/workspaces/install/wildbot_control:/workspaces/install/handsfree_imu_ros2:/workspaces/install/arm_ik:/robot_ws/install/lidar_pkg:/opt/ros/jazzy /usr/bin/cmake --build /workspaces/build/wildbot_slam -- -j16 -l16
[0.402s] Invoked command in '/workspaces/build/wildbot_slam' returned '0': CMAKE_PREFIX_PATH=${CMAKE_PREFIX_PATH}:/workspaces/install/yolo_ros:/workspaces/install/wildbot_control:/workspaces/install/handsfree_imu_ros2:/workspaces/install/arm_ik:/robot_ws/install/lidar_pkg:/opt/ros/jazzy /usr/bin/cmake --build /workspaces/build/wildbot_slam -- -j16 -l16
[0.402s] Invoking command in '/workspaces/build/wildbot_slam': CMAKE_PREFIX_PATH=${CMAKE_PREFIX_PATH}:/workspaces/install/yolo_ros:/workspaces/install/wildbot_control:/workspaces/install/handsfree_imu_ros2:/workspaces/install/arm_ik:/robot_ws/install/lidar_pkg:/opt/ros/jazzy /usr/bin/cmake --install /workspaces/build/wildbot_slam
[0.411s] -- Install configuration: ""
[0.411s] -- Execute custom install script
[0.411s] -- Up-to-date symlink: /workspaces/install/wildbot_slam/share/wildbot_slam/config/mapper_params_online_async.yaml
[0.411s] -- Up-to-date symlink: /workspaces/install/wildbot_slam/share/wildbot_slam/launch/slam_launch.py
[0.412s] -- Up-to-date symlink: /workspaces/install/wildbot_slam/share/ament_index/resource_index/package_run_dependencies/wildbot_slam
[0.412s] -- Up-to-date symlink: /workspaces/install/wildbot_slam/share/ament_index/resource_index/parent_prefix_path/wildbot_slam
[0.412s] -- Up-to-date symlink: /workspaces/install/wildbot_slam/share/wildbot_slam/environment/ament_prefix_path.sh
[0.412s] -- Up-to-date symlink: /workspaces/install/wildbot_slam/share/wildbot_slam/environment/ament_prefix_path.dsv
[0.413s] -- Up-to-date symlink: /workspaces/install/wildbot_slam/share/wildbot_slam/environment/path.sh
[0.413s] -- Up-to-date symlink: /workspaces/install/wildbot_slam/share/wildbot_slam/environment/path.dsv
[0.413s] -- Up-to-date symlink: /workspaces/install/wildbot_slam/share/wildbot_slam/local_setup.bash
[0.413s] -- Up-to-date symlink: /workspaces/install/wildbot_slam/share/wildbot_slam/local_setup.sh
[0.413s] -- Up-to-date symlink: /workspaces/install/wildbot_slam/share/wildbot_slam/local_setup.zsh
[0.413s] -- Up-to-date symlink: /workspaces/install/wildbot_slam/share/wildbot_slam/local_setup.dsv
[0.413s] -- Symlinking: /workspaces/install/wildbot_slam/share/wildbot_slam/package.dsv
[0.422s] -- Up-to-date symlink: /workspaces/install/wildbot_slam/share/ament_index/resource_index/packages/wildbot_slam
[0.422s] -- Up-to-date symlink: /workspaces/install/wildbot_slam/share/wildbot_slam/cmake/wildbot_slamConfig.cmake
[0.423s] -- Up-to-date symlink: /workspaces/install/wildbot_slam/share/wildbot_slam/cmake/wildbot_slamConfig-version.cmake
[0.423s] -- Up-to-date symlink: /workspaces/install/wildbot_slam/share/wildbot_slam/package.xml
[0.431s] Invoked command in '/workspaces/build/wildbot_slam' returned '0': CMAKE_PREFIX_PATH=${CMAKE_PREFIX_PATH}:/workspaces/install/yolo_ros:/workspaces/install/wildbot_control:/workspaces/install/handsfree_imu_ros2:/workspaces/install/arm_ik:/robot_ws/install/lidar_pkg:/opt/ros/jazzy /usr/bin/cmake --install /workspaces/build/wildbot_slam
