running egg_info
creating ../../../build/arm_ik/arm_ik.egg-info
writing ../../../build/arm_ik/arm_ik.egg-info/PKG-INFO
writing dependency_links to ../../../build/arm_ik/arm_ik.egg-info/dependency_links.txt
writing entry points to ../../../build/arm_ik/arm_ik.egg-info/entry_points.txt
writing top-level names to ../../../build/arm_ik/arm_ik.egg-info/top_level.txt
writing manifest file '../../../build/arm_ik/arm_ik.egg-info/SOURCES.txt'
reading manifest file '../../../build/arm_ik/arm_ik.egg-info/SOURCES.txt'
writing manifest file '../../../build/arm_ik/arm_ik.egg-info/SOURCES.txt'
running build
running build_py
creating /workspaces/build/arm_ik/build/lib/arm_ik
copying arm_ik/__init__.py -> /workspaces/build/arm_ik/build/lib/arm_ik
copying arm_ik/ik_solver.py -> /workspaces/build/arm_ik/build/lib/arm_ik
copying arm_ik/ik_node.py -> /workspaces/build/arm_ik/build/lib/arm_ik
running install
running install_lib
creating /workspaces/install/arm_ik/lib/python3.12/site-packages/arm_ik
copying /workspaces/build/arm_ik/build/lib/arm_ik/__init__.py -> /workspaces/install/arm_ik/lib/python3.12/site-packages/arm_ik
copying /workspaces/build/arm_ik/build/lib/arm_ik/ik_solver.py -> /workspaces/install/arm_ik/lib/python3.12/site-packages/arm_ik
copying /workspaces/build/arm_ik/build/lib/arm_ik/ik_node.py -> /workspaces/install/arm_ik/lib/python3.12/site-packages/arm_ik
byte-compiling /workspaces/install/arm_ik/lib/python3.12/site-packages/arm_ik/__init__.py to __init__.cpython-312.pyc
byte-compiling /workspaces/install/arm_ik/lib/python3.12/site-packages/arm_ik/ik_solver.py to ik_solver.cpython-312.pyc
byte-compiling /workspaces/install/arm_ik/lib/python3.12/site-packages/arm_ik/ik_node.py to ik_node.cpython-312.pyc
running install_data
creating /workspaces/install/arm_ik/share/ament_index/resource_index/packages
copying resource/arm_ik -> /workspaces/install/arm_ik/share/ament_index/resource_index/packages
copying package.xml -> /workspaces/install/arm_ik/share/arm_ik
running install_egg_info
Copying ../../../build/arm_ik/arm_ik.egg-info to /workspaces/install/arm_ik/lib/python3.12/site-packages/arm_ik-0.0.0-py3.12.egg-info
running install_scripts
Installing ik_node script to /workspaces/install/arm_ik/bin
writing list of installed files to '/workspaces/build/arm_ik/install.log'
