[0.841s] Invoking command in '/workspaces/build/arm_ik': PYTHONPATH=/workspaces/build/arm_ik/prefix_override:/usr/lib/python3/dist-packages/colcon_core/task/python/colcon_distutils_commands:/workspaces/install/arm_ik/lib/python3.12/site-packages:${PYTHONPATH} /usr/bin/python3 -W ignore:setup.py install is deprecated -W ignore:easy_install command is deprecated setup.py develop --uninstall --editable --build-directory /workspaces/build/arm_ik/build
[1.052s] running develop
[1.162s] Removing /workspaces/install/arm_ik/lib/python3.12/site-packages/arm-ik.egg-link (link to .)
[1.201s] Invoked command in '/workspaces/build/arm_ik' returned '0': PYTHONPATH=/workspaces/build/arm_ik/prefix_override:/usr/lib/python3/dist-packages/colcon_core/task/python/colcon_distutils_commands:/workspaces/install/arm_ik/lib/python3.12/site-packages:${PYTHONPATH} /usr/bin/python3 -W ignore:setup.py install is deprecated -W ignore:easy_install command is deprecated setup.py develop --uninstall --editable --build-directory /workspaces/build/arm_ik/build
[1.202s] Invoking command in '/workspaces/workspaces/src/arm_ik': PYTHONPATH=/workspaces/build/arm_ik/prefix_override:/usr/lib/python3/dist-packages/colcon_core/task/python/colcon_distutils_commands:/workspaces/install/arm_ik/lib/python3.12/site-packages:${PYTHONPATH} /usr/bin/python3 -W ignore:setup.py install is deprecated -W ignore:easy_install command is deprecated setup.py egg_info --egg-base ../../../build/arm_ik build --build-base /workspaces/build/arm_ik/build install --record /workspaces/build/arm_ik/install.log --single-version-externally-managed install_data --force
[1.337s] running egg_info
[1.344s] writing ../../../build/arm_ik/arm_ik.egg-info/PKG-INFO
[1.344s] writing dependency_links to ../../../build/arm_ik/arm_ik.egg-info/dependency_links.txt
[1.344s] writing entry points to ../../../build/arm_ik/arm_ik.egg-info/entry_points.txt
[1.345s] writing top-level names to ../../../build/arm_ik/arm_ik.egg-info/top_level.txt
[1.359s] reading manifest file '../../../build/arm_ik/arm_ik.egg-info/SOURCES.txt'
[1.359s] writing manifest file '../../../build/arm_ik/arm_ik.egg-info/SOURCES.txt'
[1.359s] running build
[1.359s] running build_py
[1.359s] running install
[1.362s] running install_lib
[1.369s] creating /workspaces/install/arm_ik/lib/python3.12/site-packages/arm_ik
[1.369s] copying /workspaces/build/arm_ik/build/lib/arm_ik/__init__.py -> /workspaces/install/arm_ik/lib/python3.12/site-packages/arm_ik
[1.369s] copying /workspaces/build/arm_ik/build/lib/arm_ik/ik_solver.py -> /workspaces/install/arm_ik/lib/python3.12/site-packages/arm_ik
[1.369s] copying /workspaces/build/arm_ik/build/lib/arm_ik/ik_node.py -> /workspaces/install/arm_ik/lib/python3.12/site-packages/arm_ik
[1.370s] byte-compiling /workspaces/install/arm_ik/lib/python3.12/site-packages/arm_ik/__init__.py to __init__.cpython-312.pyc
[1.370s] byte-compiling /workspaces/install/arm_ik/lib/python3.12/site-packages/arm_ik/ik_solver.py to ik_solver.cpython-312.pyc
[1.373s] byte-compiling /workspaces/install/arm_ik/lib/python3.12/site-packages/arm_ik/ik_node.py to ik_node.cpython-312.pyc
[1.374s] running install_data
[1.375s] copying resource/arm_ik -> /workspaces/install/arm_ik/share/ament_index/resource_index/packages
[1.375s] copying package.xml -> /workspaces/install/arm_ik/share/arm_ik
[1.375s] running install_egg_info
[1.383s] Copying ../../../build/arm_ik/arm_ik.egg-info to /workspaces/install/arm_ik/lib/python3.12/site-packages/arm_ik-0.0.0-py3.12.egg-info
[1.383s] running install_scripts
[1.434s] Installing ik_node script to /workspaces/install/arm_ik/bin
[1.434s] writing list of installed files to '/workspaces/build/arm_ik/install.log'
[1.514s] Invoked command in '/workspaces/workspaces/src/arm_ik' returned '0': PYTHONPATH=/workspaces/build/arm_ik/prefix_override:/usr/lib/python3/dist-packages/colcon_core/task/python/colcon_distutils_commands:/workspaces/install/arm_ik/lib/python3.12/site-packages:${PYTHONPATH} /usr/bin/python3 -W ignore:setup.py install is deprecated -W ignore:easy_install command is deprecated setup.py egg_info --egg-base ../../../build/arm_ik build --build-base /workspaces/build/arm_ik/build install --record /workspaces/build/arm_ik/install.log --single-version-externally-managed install_data --force
