[0.000000] (-) TimerEvent: {}
[0.000141] (-) JobUnselected: {'identifier': 'handsfree_imu_ros2'}
[0.000195] (-) JobUnselected: {'identifier': 'wildbot_control'}
[0.000307] (-) JobUnselected: {'identifier': 'wildbot_localization'}
[0.000407] (-) JobUnselected: {'identifier': 'ydlidar_ros2_driver'}
[0.000443] (-) JobUnselected: {'identifier': 'yolo_bringup'}
[0.000465] (-) JobUnselected: {'identifier': 'yolo_msgs'}
[0.000487] (-) JobUnselected: {'identifier': 'yolo_ros'}
[0.000525] (wildbot_slam) JobQueued: {'identifier': 'wildbot_slam', 'dependencies': OrderedDict()}
[0.000544] (wildbot_slam) JobStarted: {'identifier': 'wildbot_slam'}
[0.005179] (wildbot_slam) JobProgress: {'identifier': 'wildbot_slam', 'progress': 'cmake'}
[0.005432] (wildbot_slam) JobProgress: {'identifier': 'wildbot_slam', 'progress': 'build'}
[0.005762] (wildbot_slam) Command: {'cmd': ['/usr/bin/cmake', '--build', '/workspaces/build/wildbot_slam', '--', '-j16', '-l16'], 'cwd': '/workspaces/build/wildbot_slam', 'env': OrderedDict({'GZ_CONFIG_PATH': '/opt/ros/jazzy/opt/sdformat_vendor/share/gz', 'HOSTNAME': '093f05aa2667', 'SHLVL': '0', 'LD_LIBRARY_PATH': '/opt/ros/jazzy/opt/sdformat_vendor/lib:/opt/ros/jazzy/opt/rviz_ogre_vendor/lib:/opt/ros/jazzy/lib/x86_64-linux-gnu:/opt/ros/jazzy/opt/gz_math_vendor/lib:/opt/ros/jazzy/opt/gz_utils_vendor/lib:/opt/ros/jazzy/opt/gz_tools_vendor/lib:/opt/ros/jazzy/opt/gz_cmake_vendor/lib:/opt/ros/jazzy/lib', 'HOME': '/root', 'OLDPWD': '/workspaces', 'ROS_PYTHON_VERSION': '3', 'ROS_DISTRO': 'jazzy', '_': '/usr/bin/colcon', 'ROS_VERSION': '2', 'DRIVER_WS': '/robot_ws', 'PATH': '/opt/ros/jazzy/opt/gz_tools_vendor/bin:/opt/ros/jazzy/bin:/usr/local/sbin:/usr/local/bin:/usr/sbin:/usr/bin:/sbin:/bin', 'ydlidar_sdk_DIR': '/usr/lib/cmake/ydlidar_sdk', 'LANG': 'C.UTF-8', 'AMENT_PREFIX_PATH': '/opt/ros/jazzy', 'ROS_AUTOMATIC_DISCOVERY_RANGE': 'SUBNET', 'PWD': '/workspaces/build/wildbot_slam', 'LC_ALL': 'C.UTF-8', 'PYTHONPATH': '/opt/ros/jazzy/lib/python3.12/site-packages', 'COLCON': '1', 'CMAKE_PREFIX_PATH': '/opt/ros/jazzy/opt/sdformat_vendor:/opt/ros/jazzy/opt/gz_math_vendor:/opt/ros/jazzy/opt/gz_utils_vendor:/opt/ros/jazzy/opt/gz_tools_vendor:/opt/ros/jazzy/opt/gz_cmake_vendor:/opt/ros/jazzy', 'ROS2_WS': '/workspaces'}), 'shell': False}
[0.034739] (wildbot_slam) CommandEnded: {'returncode': 0}
[0.035114] (wildbot_slam) JobProgress: {'identifier': 'wildbot_slam', 'progress': 'install'}
[0.042199] (wildbot_slam) Command: {'cmd': ['/usr/bin/cmake', '--install', '/workspaces/build/wildbot_slam'], 'cwd': '/workspaces/build/wildbot_slam', 'env': OrderedDict({'GZ_CONFIG_PATH': '/opt/ros/jazzy/opt/sdformat_vendor/share/gz', 'HOSTNAME': '093f05aa2667', 'SHLVL': '0', 'LD_LIBRARY_PATH': '/opt/ros/jazzy/opt/sdformat_vendor/lib:/opt/ros/jazzy/opt/rviz_ogre_vendor/lib:/opt/ros/jazzy/lib/x86_64-linux-gnu:/opt/ros/jazzy/opt/gz_math_vendor/lib:/opt/ros/jazzy/opt/gz_utils_vendor/lib:/opt/ros/jazzy/opt/gz_tools_vendor/lib:/opt/ros/jazzy/opt/gz_cmake_vendor/lib:/opt/ros/jazzy/lib', 'HOME': '/root', 'OLDPWD': '/workspaces', 'ROS_PYTHON_VERSION': '3', 'ROS_DISTRO': 'jazzy', '_': '/usr/bin/colcon', 'ROS_VERSION': '2', 'DRIVER_WS': '/robot_ws', 'PATH': '/opt/ros/jazzy/opt/gz_tools_vendor/bin:/opt/ros/jazzy/bin:/usr/local/sbin:/usr/local/bin:/usr/sbin:/usr/bin:/sbin:/bin', 'ydlidar_sdk_DIR': '/usr/lib/cmake/ydlidar_sdk', 'LANG': 'C.UTF-8', 'AMENT_PREFIX_PATH': '/opt/ros/jazzy', 'ROS_AUTOMATIC_DISCOVERY_RANGE': 'SUBNET', 'PWD': '/workspaces/build/wildbot_slam', 'LC_ALL': 'C.UTF-8', 'PYTHONPATH': '/opt/ros/jazzy/lib/python3.12/site-packages', 'COLCON': '1', 'CMAKE_PREFIX_PATH': '/opt/ros/jazzy/opt/sdformat_vendor:/opt/ros/jazzy/opt/gz_math_vendor:/opt/ros/jazzy/opt/gz_utils_vendor:/opt/ros/jazzy/opt/gz_tools_vendor:/opt/ros/jazzy/opt/gz_cmake_vendor:/opt/ros/jazzy', 'ROS2_WS': '/workspaces'}), 'shell': False}
[0.048511] (wildbot_slam) StdoutLine: {'line': b'-- Install configuration: ""\n'}
[0.048999] (wildbot_slam) StdoutLine: {'line': b'-- Execute custom install script\n'}
[0.049369] (wildbot_slam) StdoutLine: {'line': b'-- Up-to-date symlink: /workspaces/install/wildbot_slam/share/wildbot_slam/config/mapper_params_online_async.yaml\n'}
[0.049563] (wildbot_slam) StdoutLine: {'line': b'-- Up-to-date symlink: /workspaces/install/wildbot_slam/share/wildbot_slam/launch/slam_launch.py\n'}
[0.049701] (wildbot_slam) StdoutLine: {'line': b'-- Up-to-date symlink: /workspaces/install/wildbot_slam/share/ament_index/resource_index/package_run_dependencies/wildbot_slam\n'}
[0.049811] (wildbot_slam) StdoutLine: {'line': b'-- Up-to-date symlink: /workspaces/install/wildbot_slam/share/ament_index/resource_index/parent_prefix_path/wildbot_slam\n'}
[0.049928] (wildbot_slam) StdoutLine: {'line': b'-- Up-to-date symlink: /workspaces/install/wildbot_slam/share/wildbot_slam/environment/ament_prefix_path.sh\n'}
[0.050026] (wildbot_slam) StdoutLine: {'line': b'-- Up-to-date symlink: /workspaces/install/wildbot_slam/share/wildbot_slam/environment/ament_prefix_path.dsv\n'}
[0.050129] (wildbot_slam) StdoutLine: {'line': b'-- Up-to-date symlink: /workspaces/install/wildbot_slam/share/wildbot_slam/environment/path.sh\n'}
[0.050224] (wildbot_slam) StdoutLine: {'line': b'-- Up-to-date symlink: /workspaces/install/wildbot_slam/share/wildbot_slam/environment/path.dsv\n'}
[0.050412] (wildbot_slam) StdoutLine: {'line': b'-- Up-to-date symlink: /workspaces/install/wildbot_slam/share/wildbot_slam/local_setup.bash\n'}
[0.050624] (wildbot_slam) StdoutLine: {'line': b'-- Up-to-date symlink: /workspaces/install/wildbot_slam/share/wildbot_slam/local_setup.sh\n'}
[0.050738] (wildbot_slam) StdoutLine: {'line': b'-- Up-to-date symlink: /workspaces/install/wildbot_slam/share/wildbot_slam/local_setup.zsh\n'}
[0.050871] (wildbot_slam) StdoutLine: {'line': b'-- Up-to-date symlink: /workspaces/install/wildbot_slam/share/wildbot_slam/local_setup.dsv\n'}
[0.050932] (wildbot_slam) StdoutLine: {'line': b'-- Symlinking: /workspaces/install/wildbot_slam/share/wildbot_slam/package.dsv\n'}
[0.058549] (wildbot_slam) StdoutLine: {'line': b'-- Up-to-date symlink: /workspaces/install/wildbot_slam/share/ament_index/resource_index/packages/wildbot_slam\n'}
[0.058783] (wildbot_slam) StdoutLine: {'line': b'-- Up-to-date symlink: /workspaces/install/wildbot_slam/share/wildbot_slam/cmake/wildbot_slamConfig.cmake\n'}
[0.058864] (wildbot_slam) StdoutLine: {'line': b'-- Up-to-date symlink: /workspaces/install/wildbot_slam/share/wildbot_slam/cmake/wildbot_slamConfig-version.cmake\n'}
[0.058926] (wildbot_slam) StdoutLine: {'line': b'-- Up-to-date symlink: /workspaces/install/wildbot_slam/share/wildbot_slam/package.xml\n'}
[0.059561] (wildbot_slam) CommandEnded: {'returncode': 0}
[0.067194] (wildbot_slam) JobEnded: {'identifier': 'wildbot_slam', 'rc': 0}
[0.067641] (-) EventReactorShutdown: {}
