-- The C compiler identification is GNU 13.3.0
-- The CXX compiler identification is GNU 13.3.0
-- Detecting C compiler ABI info
-- Detecting C compiler ABI info - done
-- Check for working C compiler: /usr/lib/ccache/cc - skipped
-- Detecting C compile features
-- Detecting C compile features - done
-- Detecting CXX compiler ABI info
-- Detecting CXX compiler ABI info - done
-- Check for working CXX compiler: /usr/lib/ccache/c++ - skipped
-- Detecting CXX compile features
-- Detecting CXX compile features - done
-- Found ament_cmake: 2.5.5 (/opt/ros/jazzy/share/ament_cmake/cmake)
-- Found Python3: /usr/bin/python3 (found version "3.12.3") found components: Interpreter 
-- Override CMake install command with custom implementation using symlinks instead of copying resources
-- Configuring done (0.4s)
-- Generating done (0.0s)
-- Build files have been written to: /workspaces/build/yolo_bringup
-- Install configuration: ""
-- Execute custom install script
-- Symlinking: /workspaces/install/yolo_bringup/share/yolo_bringup//launch/yolo-world.launch.py
-- Symlinking: /workspaces/install/yolo_bringup/share/yolo_bringup//launch/yolo-world.launch.py:Zone.Identifier
-- Symlinking: /workspaces/install/yolo_bringup/share/yolo_bringup//launch/yolo.launch.py
-- Symlinking: /workspaces/install/yolo_bringup/share/yolo_bringup//launch/yolo.launch.py:Zone.Identifier
-- Symlinking: /workspaces/install/yolo_bringup/share/yolo_bringup//launch/yoloe.launch.py
-- Symlinking: /workspaces/install/yolo_bringup/share/yolo_bringup//launch/yoloe.launch.py:Zone.Identifier
-- Symlinking: /workspaces/install/yolo_bringup/share/yolo_bringup//launch/yolov10.launch.py
-- Symlinking: /workspaces/install/yolo_bringup/share/yolo_bringup//launch/yolov10.launch.py:Zone.Identifier
-- Symlinking: /workspaces/install/yolo_bringup/share/yolo_bringup//launch/yolov11.launch.py
-- Symlinking: /workspaces/install/yolo_bringup/share/yolo_bringup//launch/yolov11.launch.py:Zone.Identifier
-- Symlinking: /workspaces/install/yolo_bringup/share/yolo_bringup//launch/yolov12.launch.py
-- Symlinking: /workspaces/install/yolo_bringup/share/yolo_bringup//launch/yolov12.launch.py:Zone.Identifier
-- Symlinking: /workspaces/install/yolo_bringup/share/yolo_bringup//launch/yolov26.launch.py
-- Symlinking: /workspaces/install/yolo_bringup/share/yolo_bringup//launch/yolov26.launch.py:Zone.Identifier
-- Symlinking: /workspaces/install/yolo_bringup/share/yolo_bringup//launch/yolov5.launch.py
-- Symlinking: /workspaces/install/yolo_bringup/share/yolo_bringup//launch/yolov5.launch.py:Zone.Identifier
-- Symlinking: /workspaces/install/yolo_bringup/share/yolo_bringup//launch/yolov8.launch.py
-- Symlinking: /workspaces/install/yolo_bringup/share/yolo_bringup//launch/yolov8.launch.py:Zone.Identifier
-- Symlinking: /workspaces/install/yolo_bringup/share/yolo_bringup//launch/yolov9.launch.py
-- Symlinking: /workspaces/install/yolo_bringup/share/yolo_bringup//launch/yolov9.launch.py:Zone.Identifier
-- Symlinking: /workspaces/install/yolo_bringup/share/ament_index/resource_index/package_run_dependencies/yolo_bringup
-- Symlinking: /workspaces/install/yolo_bringup/share/ament_index/resource_index/parent_prefix_path/yolo_bringup
-- Symlinking: /workspaces/install/yolo_bringup/share/yolo_bringup/environment/ament_prefix_path.sh
-- Symlinking: /workspaces/install/yolo_bringup/share/yolo_bringup/environment/ament_prefix_path.dsv
-- Symlinking: /workspaces/install/yolo_bringup/share/yolo_bringup/environment/path.sh
-- Symlinking: /workspaces/install/yolo_bringup/share/yolo_bringup/environment/path.dsv
-- Symlinking: /workspaces/install/yolo_bringup/share/yolo_bringup/local_setup.bash
-- Symlinking: /workspaces/install/yolo_bringup/share/yolo_bringup/local_setup.sh
-- Symlinking: /workspaces/install/yolo_bringup/share/yolo_bringup/local_setup.zsh
-- Symlinking: /workspaces/install/yolo_bringup/share/yolo_bringup/local_setup.dsv
-- Symlinking: /workspaces/install/yolo_bringup/share/yolo_bringup/package.dsv
-- Symlinking: /workspaces/install/yolo_bringup/share/ament_index/resource_index/packages/yolo_bringup
-- Symlinking: /workspaces/install/yolo_bringup/share/yolo_bringup/cmake/yolo_bringupConfig.cmake
-- Symlinking: /workspaces/install/yolo_bringup/share/yolo_bringup/cmake/yolo_bringupConfig-version.cmake
-- Symlinking: /workspaces/install/yolo_bringup/share/yolo_bringup/package.xml
