[0.424s] Invoking command in '/workspaces/build/wildbot_localization': CMAKE_PREFIX_PATH=${CMAKE_PREFIX_PATH}:/workspaces/install/yolo_ros:/workspaces/install/wildbot_control:/workspaces/install/handsfree_imu_ros2:/workspaces/install/arm_ik:/robot_ws/install/lidar_pkg:/opt/ros/jazzy /usr/bin/cmake --build /workspaces/build/wildbot_localization -- -j16 -l16
[0.465s] Invoked command in '/workspaces/build/wildbot_localization' returned '0': CMAKE_PREFIX_PATH=${CMAKE_PREFIX_PATH}:/workspaces/install/yolo_ros:/workspaces/install/wildbot_control:/workspaces/install/handsfree_imu_ros2:/workspaces/install/arm_ik:/robot_ws/install/lidar_pkg:/opt/ros/jazzy /usr/bin/cmake --build /workspaces/build/wildbot_localization -- -j16 -l16
[0.465s] Invoking command in '/workspaces/build/wildbot_localization': CMAKE_PREFIX_PATH=${CMAKE_PREFIX_PATH}:/workspaces/install/yolo_ros:/workspaces/install/wildbot_control:/workspaces/install/handsfree_imu_ros2:/workspaces/install/arm_ik:/robot_ws/install/lidar_pkg:/opt/ros/jazzy /usr/bin/cmake --install /workspaces/build/wildbot_localization
[0.467s] -- Install configuration: ""
[0.467s] -- Execute custom install script
[0.467s] -- Up-to-date symlink: /workspaces/install/wildbot_localization/share/wildbot_localization/config/ekf.yaml
[0.467s] -- Up-to-date symlink: /workspaces/install/wildbot_localization/share/wildbot_localization/launch/ekf_launch.py
[0.467s] -- Up-to-date symlink: /workspaces/install/wildbot_localization/share/ament_index/resource_index/package_run_dependencies/wildbot_localization
[0.467s] -- Up-to-date symlink: /workspaces/install/wildbot_localization/share/ament_index/resource_index/parent_prefix_path/wildbot_localization
[0.467s] -- Up-to-date symlink: /workspaces/install/wildbot_localization/share/wildbot_localization/environment/ament_prefix_path.sh
[0.467s] -- Up-to-date symlink: /workspaces/install/wildbot_localization/share/wildbot_localization/environment/ament_prefix_path.dsv
[0.467s] -- Up-to-date symlink: /workspaces/install/wildbot_localization/share/wildbot_localization/environment/path.sh
[0.467s] -- Up-to-date symlink: /workspaces/install/wildbot_localization/share/wildbot_localization/environment/path.dsv
[0.467s] -- Up-to-date symlink: /workspaces/install/wildbot_localization/share/wildbot_localization/local_setup.bash
[0.467s] -- Up-to-date symlink: /workspaces/install/wildbot_localization/share/wildbot_localization/local_setup.sh
[0.468s] -- Up-to-date symlink: /workspaces/install/wildbot_localization/share/wildbot_localization/local_setup.zsh
[0.468s] -- Up-to-date symlink: /workspaces/install/wildbot_localization/share/wildbot_localization/local_setup.dsv
[0.468s] -- Symlinking: /workspaces/install/wildbot_localization/share/wildbot_localization/package.dsv
[0.473s] -- Up-to-date symlink: /workspaces/install/wildbot_localization/share/ament_index/resource_index/packages/wildbot_localization
[0.473s] -- Up-to-date symlink: /workspaces/install/wildbot_localization/share/wildbot_localization/cmake/wildbot_localizationConfig.cmake
[0.473s] -- Up-to-date symlink: /workspaces/install/wildbot_localization/share/wildbot_localization/cmake/wildbot_localizationConfig-version.cmake
[0.473s] -- Up-to-date symlink: /workspaces/install/wildbot_localization/share/wildbot_localization/package.xml
[0.493s] Invoked command in '/workspaces/build/wildbot_localization' returned '0': CMAKE_PREFIX_PATH=${CMAKE_PREFIX_PATH}:/workspaces/install/yolo_ros:/workspaces/install/wildbot_control:/workspaces/install/handsfree_imu_ros2:/workspaces/install/arm_ik:/robot_ws/install/lidar_pkg:/opt/ros/jazzy /usr/bin/cmake --install /workspaces/build/wildbot_localization
